../Core/Src/MotorManager/MotorManager.c:142:6:motor_task	40	static
../Core/Src/MotorManager/MotorManager.c:333:6:motor_gpio_callback	24	static
../Core/Src/MotorManager/MotorManager.c:359:6:motor_timer_callback	24	static
../Core/Src/MotorManager/MotorManager.c:378:6:motor_report_callback	8	static
../Core/Src/MotorManager/MotorManager.c:411:6:print_motor_speed	24	static
../Core/Src/MotorManager/MotorManager.c:426:6:print_motor_parameters	4	static
../Core/Src/MotorManager/MotorManager.c:431:6:initialize_parameters	4	static
../Core/Src/MotorManager/MotorManager.c:441:6:print_motor_on_report	88	static
../Core/Src/MotorManager/MotorManager.c:470:6:print_summary_report	96	static
../Core/Src/MotorManager/MotorManager.c:504:6:calculate_average	24	static
../Core/Src/MotorManager/MotorManager.c:514:6:calculate_sd	24	static
../Core/Src/MotorManager/MotorManager.c:522:6:split_float_into_ints	32	static
../Core/Src/MotorManager/MotorManager.c:530:6:set_pwm_duty_cycle	32	static
../Core/Src/MotorManager/MotorManager.c:542:7:pid_controller	32	static
../Core/Src/MotorManager/MotorManager.c:565:5:isNumeric	24	static
../Core/Src/MotorManager/MotorManager.c:598:5:parse_param_string	24	static
