../Core/Src/MotorManager/MotorManager.c:130:6:motor_task	40	static
../Core/Src/MotorManager/MotorManager.c:297:6:motor_gpio_callback	24	static
../Core/Src/MotorManager/MotorManager.c:323:6:motor_timer_callback	24	static
../Core/Src/MotorManager/MotorManager.c:342:6:motor_report_callback	8	static
../Core/Src/MotorManager/MotorManager.c:375:6:print_motor_speed	24	static
../Core/Src/MotorManager/MotorManager.c:390:6:print_motor_parameters	4	static
../Core/Src/MotorManager/MotorManager.c:395:6:initialize_parameters	4	static
../Core/Src/MotorManager/MotorManager.c:405:6:print_motor_on_report	88	static
../Core/Src/MotorManager/MotorManager.c:434:6:print_summary_report	96	static
../Core/Src/MotorManager/MotorManager.c:468:6:calculate_average	24	static
../Core/Src/MotorManager/MotorManager.c:478:6:calculate_sd	24	static
../Core/Src/MotorManager/MotorManager.c:486:6:split_float_into_ints	24	static
../Core/Src/MotorManager/MotorManager.c:493:6:set_pwm_duty_cycle	32	static
../Core/Src/MotorManager/MotorManager.c:505:7:pid_controller	32	static
../Core/Src/MotorManager/MotorManager.c:528:5:isNumeric	24	static
