../Core/Src/MotorManager/MotorManager.c:141:6:motor_task	40	static
../Core/Src/MotorManager/MotorManager.c:347:6:motor_gpio_callback	24	static
../Core/Src/MotorManager/MotorManager.c:384:6:motor_timer_callback	24	static
../Core/Src/MotorManager/MotorManager.c:412:6:motor_report_callback	8	static
../Core/Src/MotorManager/MotorManager.c:444:6:print_motor_speed	24	static
../Core/Src/MotorManager/MotorManager.c:468:6:initialize_parameters	4	static
../Core/Src/MotorManager/MotorManager.c:488:6:print_motor_on_report	88	static
../Core/Src/MotorManager/MotorManager.c:528:6:print_summary_report	96	static
../Core/Src/MotorManager/MotorManager.c:573:6:calculate_average	24	static
../Core/Src/MotorManager/MotorManager.c:597:6:calculate_sd	24	static
../Core/Src/MotorManager/MotorManager.c:619:6:split_float_into_ints	32	static
../Core/Src/MotorManager/MotorManager.c:640:6:set_pwm_duty_cycle	32	static
../Core/Src/MotorManager/MotorManager.c:667:7:pid_controller	32	static
../Core/Src/MotorManager/MotorManager.c:702:5:isNumeric	24	static
../Core/Src/MotorManager/MotorManager.c:735:5:parse_param_string	24	static
