../Core/Src/MotorManager/MotorManager.c:118:6:motor_task	40	static
../Core/Src/MotorManager/MotorManager.c:200:6:motor_gpio_callback	24	static
../Core/Src/MotorManager/MotorManager.c:226:6:motor_timer_callback	24	static
../Core/Src/MotorManager/MotorManager.c:245:6:motor_report_callback	8	static
../Core/Src/MotorManager/MotorManager.c:278:6:print_motor_speed	24	static
../Core/Src/MotorManager/MotorManager.c:293:6:print_motor_parameters	4	static
../Core/Src/MotorManager/MotorManager.c:298:6:initialize_parameters	4	static
../Core/Src/MotorManager/MotorManager.c:308:6:print_motor_on_report	88	static
../Core/Src/MotorManager/MotorManager.c:337:6:print_summary_report	96	static
../Core/Src/MotorManager/MotorManager.c:371:6:calculate_average	24	static
../Core/Src/MotorManager/MotorManager.c:381:6:calculate_sd	24	static
../Core/Src/MotorManager/MotorManager.c:389:6:split_float_into_ints	24	static
../Core/Src/MotorManager/MotorManager.c:396:6:set_pwm_duty_cycle	32	static
../Core/Src/MotorManager/MotorManager.c:408:7:pid_controller	32	static
