../Core/Src/main.c:105:5:main	72	static,ignoring_inline_asm
../Core/Src/main.c:210:6:SystemClock_Config	88	static
../Core/Src/main.c:258:13:MX_RTC_Init	8	static
../Core/Src/main.c:293:13:MX_SPI1_Init	8	static
../Core/Src/main.c:331:13:MX_USART2_UART_Init	8	static
../Core/Src/main.c:364:13:MX_GPIO_Init	56	static
../Core/Src/main.c:496:6:HAL_UART_RxCpltCallback	32	static
../Core/Src/main.c:538:6:HAL_TIM_PeriodElapsedCallback	16	static
../Core/Src/main.c:555:6:Error_Handler	4	static,ignoring_inline_asm
