../Core/Src/main.c:107:5:main	72	static,ignoring_inline_asm
../Core/Src/main.c:220:6:SystemClock_Config	88	static
../Core/Src/main.c:268:13:MX_RTC_Init	8	static
../Core/Src/main.c:303:13:MX_SPI1_Init	8	static
../Core/Src/main.c:341:13:MX_USART2_UART_Init	8	static
../Core/Src/main.c:374:13:MX_GPIO_Init	56	static
../Core/Src/main.c:506:6:HAL_UART_RxCpltCallback	32	static
../Core/Src/main.c:548:6:HAL_TIM_PeriodElapsedCallback	16	static
../Core/Src/main.c:565:6:Error_Handler	4	static,ignoring_inline_asm
