Archive member included to satisfy reference by file (symbol)

/opt/st/stm32cubeide_1.15.0/plugins/com.st.stm32cube.ide.mcu.externaltools.gnu-tools-for-stm32.12.3.rel1.linux64_1.0.100.202403111256/tools/bin/../lib/gcc/arm-none-eabi/12.3.1/../../../../arm-none-eabi/lib/thumb/v7e-m+fp/hard/libc_nano.a(libc_a-exit.o)
                              /opt/st/stm32cubeide_1.15.0/plugins/com.st.stm32cube.ide.mcu.externaltools.gnu-tools-for-stm32.12.3.rel1.linux64_1.0.100.202403111256/tools/bin/../lib/gcc/arm-none-eabi/12.3.1/../../../../arm-none-eabi/lib/thumb/v7e-m+fp/hard/crt0.o (exit)
/opt/st/stm32cubeide_1.15.0/plugins/com.st.stm32cube.ide.mcu.externaltools.gnu-tools-for-stm32.12.3.rel1.linux64_1.0.100.202403111256/tools/bin/../lib/gcc/arm-none-eabi/12.3.1/../../../../arm-none-eabi/lib/thumb/v7e-m+fp/hard/libc_nano.a(libc_a-ctype_.o)
                              ./Core/Src/LedManager/LedManager.o (_ctype_)
/opt/st/stm32cubeide_1.15.0/plugins/com.st.stm32cube.ide.mcu.externaltools.gnu-tools-for-stm32.12.3.rel1.linux64_1.0.100.202403111256/tools/bin/../lib/gcc/arm-none-eabi/12.3.1/../../../../arm-none-eabi/lib/thumb/v7e-m+fp/hard/libc_nano.a(libc_a-findfp.o)
                              /opt/st/stm32cubeide_1.15.0/plugins/com.st.stm32cube.ide.mcu.externaltools.gnu-tools-for-stm32.12.3.rel1.linux64_1.0.100.202403111256/tools/bin/../lib/gcc/arm-none-eabi/12.3.1/../../../../arm-none-eabi/lib/thumb/v7e-m+fp/hard/libc_nano.a(libc_a-exit.o) (__stdio_exit_handler)
/opt/st/stm32cubeide_1.15.0/plugins/com.st.stm32cube.ide.mcu.externaltools.gnu-tools-for-stm32.12.3.rel1.linux64_1.0.100.202403111256/tools/bin/../lib/gcc/arm-none-eabi/12.3.1/../../../../arm-none-eabi/lib/thumb/v7e-m+fp/hard/libc_nano.a(libc_a-fwalk.o)
                              /opt/st/stm32cubeide_1.15.0/plugins/com.st.stm32cube.ide.mcu.externaltools.gnu-tools-for-stm32.12.3.rel1.linux64_1.0.100.202403111256/tools/bin/../lib/gcc/arm-none-eabi/12.3.1/../../../../arm-none-eabi/lib/thumb/v7e-m+fp/hard/libc_nano.a(libc_a-findfp.o) (_fwalk_sglue)
/opt/st/stm32cubeide_1.15.0/plugins/com.st.stm32cube.ide.mcu.externaltools.gnu-tools-for-stm32.12.3.rel1.linux64_1.0.100.202403111256/tools/bin/../lib/gcc/arm-none-eabi/12.3.1/../../../../arm-none-eabi/lib/thumb/v7e-m+fp/hard/libc_nano.a(libc_a-sprintf.o)
                              ./Core/Src/AccManager/AccManager.o (sprintf)
/opt/st/stm32cubeide_1.15.0/plugins/com.st.stm32cube.ide.mcu.externaltools.gnu-tools-for-stm32.12.3.rel1.linux64_1.0.100.202403111256/tools/bin/../lib/gcc/arm-none-eabi/12.3.1/../../../../arm-none-eabi/lib/thumb/v7e-m+fp/hard/libc_nano.a(libc_a-stdio.o)
                              /opt/st/stm32cubeide_1.15.0/plugins/com.st.stm32cube.ide.mcu.externaltools.gnu-tools-for-stm32.12.3.rel1.linux64_1.0.100.202403111256/tools/bin/../lib/gcc/arm-none-eabi/12.3.1/../../../../arm-none-eabi/lib/thumb/v7e-m+fp/hard/libc_nano.a(libc_a-findfp.o) (__sread)
/opt/st/stm32cubeide_1.15.0/plugins/com.st.stm32cube.ide.mcu.externaltools.gnu-tools-for-stm32.12.3.rel1.linux64_1.0.100.202403111256/tools/bin/../lib/gcc/arm-none-eabi/12.3.1/../../../../arm-none-eabi/lib/thumb/v7e-m+fp/hard/libc_nano.a(libc_a-memset.o)
                              /opt/st/stm32cubeide_1.15.0/plugins/com.st.stm32cube.ide.mcu.externaltools.gnu-tools-for-stm32.12.3.rel1.linux64_1.0.100.202403111256/tools/bin/../lib/gcc/arm-none-eabi/12.3.1/../../../../arm-none-eabi/lib/thumb/v7e-m+fp/hard/crt0.o (memset)
/opt/st/stm32cubeide_1.15.0/plugins/com.st.stm32cube.ide.mcu.externaltools.gnu-tools-for-stm32.12.3.rel1.linux64_1.0.100.202403111256/tools/bin/../lib/gcc/arm-none-eabi/12.3.1/../../../../arm-none-eabi/lib/thumb/v7e-m+fp/hard/libc_nano.a(libc_a-closer.o)
                              /opt/st/stm32cubeide_1.15.0/plugins/com.st.stm32cube.ide.mcu.externaltools.gnu-tools-for-stm32.12.3.rel1.linux64_1.0.100.202403111256/tools/bin/../lib/gcc/arm-none-eabi/12.3.1/../../../../arm-none-eabi/lib/thumb/v7e-m+fp/hard/libc_nano.a(libc_a-stdio.o) (_close_r)
/opt/st/stm32cubeide_1.15.0/plugins/com.st.stm32cube.ide.mcu.externaltools.gnu-tools-for-stm32.12.3.rel1.linux64_1.0.100.202403111256/tools/bin/../lib/gcc/arm-none-eabi/12.3.1/../../../../arm-none-eabi/lib/thumb/v7e-m+fp/hard/libc_nano.a(libc_a-reent.o)
                              /opt/st/stm32cubeide_1.15.0/plugins/com.st.stm32cube.ide.mcu.externaltools.gnu-tools-for-stm32.12.3.rel1.linux64_1.0.100.202403111256/tools/bin/../lib/gcc/arm-none-eabi/12.3.1/../../../../arm-none-eabi/lib/thumb/v7e-m+fp/hard/libc_nano.a(libc_a-closer.o) (errno)
/opt/st/stm32cubeide_1.15.0/plugins/com.st.stm32cube.ide.mcu.externaltools.gnu-tools-for-stm32.12.3.rel1.linux64_1.0.100.202403111256/tools/bin/../lib/gcc/arm-none-eabi/12.3.1/../../../../arm-none-eabi/lib/thumb/v7e-m+fp/hard/libc_nano.a(libc_a-impure.o)
[...]
Memory Configuration

Name             Origin             Length             Attributes
CCMRAM           0x10000000         0x00010000         xrw
RAM              0x20000000         0x00020000         xrw
FLASH            0x08000000         0x00100000         xr
*default*        0x00000000         0xffffffff

Linker script and memory map

LOAD /opt/st/stm32cubeide_1.15.0/plugins/com.st.stm32cube.ide.mcu.externaltools.gnu-tools-for-stm32.12.3.rel1.linux64_1.0.100.202403111256/tools/bin/../lib/gcc/arm-none-eabi/12.3.1/thumb/v7e-m+fp/hard/crti.o
LOAD /opt/st/stm32cubeide_1.15.0/plugins/com.st.stm32cube.ide.mcu.externaltools.gnu-tools-for-stm32.12.3.rel1.linux64_1.0.100.202403111256/tools/bin/../lib/gcc/arm-none-eabi/12.3.1/thumb/v7e-m+fp/hard/crtbegin.o
LOAD /opt/st/stm32cubeide_1.15.0/plugins/com.st.stm32cube.ide.mcu.externaltools.gnu-tools-for-stm32.12.3.rel1.linux64_1.0.100.202403111256/tools/bin/../lib/gcc/arm-none-eabi/12.3.1/../../../../arm-none-eabi/lib/thumb/v7e-m+fp/hard/crt0.o
LOAD ./Core/Src/AccManager/AccManager.o
LOAD ./Core/Src/LedManager/LedManager.o
LOAD ./Core/Src/RtcManager/RtcManager.o
LOAD ./Core/Src/UartManager/UartManager.o
LOAD ./Core/Src/main.o
LOAD ./Core/Src/stm32f4xx_hal_msp.o
LOAD ./Core/Src/stm32f4xx_hal_timebase_tim.o
LOAD ./Core/Src/stm32f4xx_it.o
LOAD ./Core/Src/syscalls.o
LOAD ./Core/Src/sysmem.o
LOAD ./Core/Src/system_stm32f4xx.o
LOAD ./Core/Startup/startup_stm32f407vgtx.o
LOAD ./Drivers/STM32F4xx_HAL_Driver/Src/stm32f4xx_hal.o
LOAD ./Drivers/STM32F4xx_HAL_Driver/Src/stm32f4xx_hal_cortex.o
LOAD ./Drivers/STM32F4xx_HAL_Driver/Src/stm32f4xx_hal_dma.o
LOAD ./Drivers/STM32F4xx_HAL_Driver/Src/stm32f4xx_hal_dma_ex.o
LOAD ./Drivers/STM32F4xx_HAL_Driver/Src/stm32f4xx_hal_exti.o
LOAD ./Drivers/STM32F4xx_HAL_Driver/Src/stm32f4xx_hal_flash.o
LOAD ./Drivers/STM32F4xx_HAL_Driver/Src/stm32f4xx_hal_flash_ex.o
LOAD ./Drivers/STM32F4xx_HAL_Driver/Src/stm32f4xx_hal_flash_ramfunc.o
LOAD ./Drivers/STM32F4xx_HAL_Driver/Src/stm32f4xx_hal_gpio.o
LOAD ./Drivers/STM32F4xx_HAL_Driver/Src/stm32f4xx_hal_pwr.o
LOAD ./Drivers/STM32F4xx_HAL_Driver/Src/stm32f4xx_hal_pwr_ex.o
LOAD ./Drivers/STM32F4xx_HAL_Driver/Src/stm32f4xx_hal_rcc.o
LOAD ./Drivers/STM32F4xx_HAL_Driver/Src/stm32f4xx_hal_rcc_ex.o
LOAD ./Drivers/STM32F4xx_HAL_Driver/Src/stm32f4xx_hal_rtc.o
LOAD ./Drivers/STM32F4xx_HAL_Driver/Src/stm32f4xx_hal_rtc_ex.o
LOAD ./Drivers/STM32F4xx_HAL_Driver/Src/stm32f4xx_hal_spi.o
LOAD ./Drivers/STM32F4xx_HAL_Driver/Src/stm32f4xx_hal_tim.o
LOAD ./Drivers/STM32F4xx_HAL_Driver/Src/stm32f4xx_hal_tim_ex.o
LOAD ./Drivers/STM32F4xx_HAL_Driver/Src/stm32f4xx_hal_uart.o
LOAD ./ThirdParty/FreeRTOS/croutine.o
LOAD ./ThirdParty/FreeRTOS/event_groups.o
LOAD ./ThirdParty/FreeRTOS/list.o
LOAD ./ThirdParty/FreeRTOS/queue.o
LOAD ./ThirdParty/FreeRTOS/stream_buffer.o
LOAD ./ThirdParty/FreeRTOS/tasks.o
LOAD ./ThirdParty/FreeRTOS/timers.o
LOAD ./ThirdParty/FreeRTOS/portable/GCC/ARM_CM4F/port.o
LOAD ./ThirdParty/FreeRTOS/portable/MemMang/heap_4.o
START GROUP
LOAD /opt/st/stm32cubeide_1.15.0/plugins/com.st.stm32cube.ide.mcu.externaltools.gnu-tools-for-stm32.12.3.rel1.linux64_1.0.100.202403111256/tools/bin/../lib/gcc/arm-none-eabi/12.3.1/../../../../arm-none-eabi/lib/thumb/v7e-m+fp/hard/libc_nano.a
LOAD /opt/st/stm32cubeide_1.15.0/plugins/com.st.stm32cube.ide.mcu.externaltools.gnu-tools-for-stm32.12.3.rel1.linux64_1.0.100.202403111256/tools/bin/../lib/gcc/arm-none-eabi/12.3.1/../../../../arm-none-eabi/lib/thumb/v7e-m+fp/hard/libm.a
END GROUP
START GROUP
LOAD /opt/st/stm32cubeide_1.15.0/plugins/com.st.stm32cube.ide.mcu.externaltools.gnu-tools-for-stm32.12.3.rel1.linux64_1.0.100.202403111256/tools/bin/../lib/gcc/arm-none-eabi/12.3.1/thumb/v7e-m+fp/hard/libgcc.a
LOAD /opt/st/stm32cubeide_1.15.0/plugins/com.st.stm32cube.ide.mcu.externaltools.gnu-tools-for-stm32.12.3.rel1.linux64_1.0.100.202403111256/tools/bin/../lib/gcc/arm-none-eabi/12.3.1/../../../../arm-none-eabi/lib/thumb/v7e-m+fp/hard/libc_nano.a
END GROUP
START GROUP
LOAD /opt/st/stm32cubeide_1.15.0/plugins/com.st.stm32cube.ide.mcu.externaltools.gnu-tools-for-stm32.12.3.rel1.linux64_1.0.100.202403111256/tools/bin/../lib/gcc/arm-none-eabi/12.3.1/thumb/v7e-m+fp/hard/libgcc.a
LOAD /opt/st/stm32cubeide_1.15.0/plugins/com.st.stm32cube.ide.mcu.externaltools.gnu-tools-for-stm32.12.3.rel1.linux64_1.0.100.202403111256/tools/bin/../lib/gcc/arm-none-eabi/12.3.1/../../../../arm-none-eabi/lib/thumb/v7e-m+fp/hard/libc_nano.a
LOAD /opt/st/stm32cubeide_1.15.0/plugins/com.st.stm32cube.ide.mcu.externaltools.gnu-tools-for-stm32.12.3.rel1.linux64_1.0.100.202403111256/tools/bin/../lib/gcc/arm-none-eabi/12.3.1/../../../../arm-none-eabi/lib/thumb/v7e-m+fp/hard/libnosys.a
END GROUP
START GROUP
LOAD /opt/st/stm32cubeide_1.15.0/plugins/com.st.stm32cube.ide.mcu.externaltools.gnu-tools-for-stm32.12.3.rel1.linux64_1.0.100.202403111256/tools/bin/../lib/gcc/arm-none-eabi/12.3.1/thumb/v7e-m+fp/hard/libgcc.a
LOAD /opt/st/stm32cubeide_1.15.0/plugins/com.st.stm32cube.ide.mcu.externaltools.gnu-tools-for-stm32.12.3.rel1.linux64_1.0.100.202403111256/tools/bin/../lib/gcc/arm-none-eabi/12.3.1/../../../../arm-none-eabi/lib/thumb/v7e-m+fp/hard/libc_nano.a
LOAD /opt/st/stm32cubeide_1.15.0/plugins/com.st.stm32cube.ide.mcu.externaltools.gnu-tools-for-stm32.12.3.rel1.linux64_1.0.100.202403111256/tools/bin/../lib/gcc/arm-none-eabi/12.3.1/../../../../arm-none-eabi/lib/thumb/v7e-m+fp/hard/libnosys.a
END GROUP
LOAD /opt/st/stm32cubeide_1.15.0/plugins/com.st.stm32cube.ide.mcu.externaltools.gnu-tools-for-stm32.12.3.rel1.linux64_1.0.100.202403111256/tools/bin/../lib/gcc/arm-none-eabi/12.3.1/thumb/v7e-m+fp/hard/crtend.o
LOAD /opt/st/stm32cubeide_1.15.0/plugins/com.st.stm32cube.ide.mcu.externaltools.gnu-tools-for-stm32.12.3.rel1.linux64_1.0.100.202403111256/tools/bin/../lib/gcc/arm-none-eabi/12.3.1/thumb/v7e-m+fp/hard/crtn.o
                0x20020000                        _estack = (ORIGIN (RAM) + LENGTH (RAM))
                0x00000200                        _Min_Heap_Size = 0x200
                0x00000400                        _Min_Stack_Size = 0x400

.isr_vector     0x08000000      0x188
                0x08000000                        . = ALIGN (0x4)
 *(.isr_vector)
 .isr_vector    0x08000000      0x188 ./Core/Startup/startup_stm32f407vgtx.o
                0x08000000                g_pfnVectors
                0x08000188                        . = ALIGN (0x4)

.text           0x08000190     0x9e3c
                0x08000190                        . = ALIGN (0x4)
 *(.text)
 .text          0x08000190       0x40 /opt/st/stm32cubeide_1.15.0/plugins/com.st.stm32cube.ide.mcu.externaltools.gnu-tools-for-stm32.12.3.rel1.linux64_1.0.100.202403111256/tools/bin/../lib/gcc/arm-none-eabi/12.3.1/thumb/v7e-m+fp/hard/crtbegin.o
 .text          0x080001d0       0x14 /opt/st/stm32cubeide_1.15.0/plugins/com.st.stm32cube.ide.mcu.externaltools.gnu-tools-for-stm32.12.3.rel1.linux64_1.0.100.202403111256/tools/bin/../lib/gcc/arm-none-eabi/12.3.1/../../../../arm-none-eabi/lib/thumb/v7e-m+fp/hard/libc_nano.a(libc_a-strcmp.o)
                0x080001d0                strcmp
 .text          0x080001e4       0x10 /opt/st/stm32cubeide_1.15.0/plugins/com.st.stm32cube.ide.mcu.externaltools.gnu-tools-for-stm32.12.3.rel1.linux64_1.0.100.202403111256/tools/bin/../lib/gcc/arm-none-eabi/12.3.1/../../../../arm-none-eabi/lib/thumb/v7e-m+fp/hard/libc_nano.a(libc_a-strlen.o)
                0x080001e4                strlen
 *fill*         0x080001f4        0xc 
 .text          0x08000200       0xa0 /opt/st/stm32cubeide_1.15.0/plugins/com.st.stm32cube.ide.mcu.externaltools.gnu-tools-for-stm32.12.3.rel1.linux64_1.0.100.202403111256/tools/bin/../lib/gcc/arm-none-eabi/12.3.1/../../../../arm-none-eabi/lib/thumb/v7e-m+fp/hard/libc_nano.a(libc_a-memchr.o)
                0x08000200                memchr
 .text          0x080002a0      0x378 /opt/st/stm32cubeide_1.15.0/plugins/com.st.stm32cube.ide.mcu.externaltools.gnu-tools-for-stm32.12.3.rel1.linux64_1.0.100.202403111256/tools/bin/../lib/gcc/arm-none-eabi/12.3.1/thumb/v7e-m+fp/hard/libgcc.a(_arm_addsubdf3.o)
                0x080002a0                __aeabi_drsub
                0x080002a8                __aeabi_dsub
                0x080002a8                __subdf3
                0x080002ac                __adddf3
                0x080002ac                __aeabi_dadd
                0x08000524                __aeabi_ui2d
                0x08000524                __floatunsidf
                0x08000544                __floatsidf
                0x08000544                __aeabi_i2d
                0x08000568                __extendsfdf2
                0x08000568                __aeabi_f2d
                0x080005ac                __aeabi_ul2d
                0x080005ac                __floatundidf
                0x080005bc                __floatdidf
                0x080005bc                __aeabi_l2d
 .text          0x08000618      0x424 /opt/st/stm32cubeide_1.15.0/plugins/com.st.stm32cube.ide.mcu.externaltools.gnu-tools-for-stm32.12.3.rel1.linux64_1.0.100.202403111256/tools/bin/../lib/gcc/arm-none-eabi/12.3.1/thumb/v7e-m+fp/hard/libgcc.a(_arm_muldivdf3.o)
                0x08000618                __aeabi_dmul
                0x08000618                __muldf3
                0x0800086c                __aeabi_ddiv
                0x0800086c                __divdf3
 .text          0x08000a3c       0x50 /opt/st/stm32cubeide_1.15.0/plugins/com.st.stm32cube.ide.mcu.externaltools.gnu-tools-for-stm32.12.3.rel1.linux64_1.0.100.202403111256/tools/bin/../lib/gcc/arm-none-eabi/12.3.1/thumb/v7e-m+fp/hard/libgcc.a(_arm_fixdfsi.o)
                0x08000a3c                __fixdfsi
                0x08000a3c                __aeabi_d2iz
 .text          0x08000a8c       0x30 /opt/st/stm32cubeide_1.15.0/plugins/com.st.stm32cube.ide.mcu.externaltools.gnu-tools-for-stm32.12.3.rel1.linux64_1.0.100.202403111256/tools/bin/../lib/gcc/arm-none-eabi/12.3.1/thumb/v7e-m+fp/hard/libgcc.a(_aeabi_uldivmod.o)
                0x08000a8c                __aeabi_uldivmod
 .text          0x08000abc      0x2bc /opt/st/stm32cubeide_1.15.0/plugins/com.st.stm32cube.ide.mcu.externaltools.gnu-tools-for-stm32.12.3.rel1.linux64_1.0.100.202403111256/tools/bin/../lib/gcc/arm-none-eabi/12.3.1/thumb/v7e-m+fp/hard/libgcc.a(_udivmoddi4.o)
                0x08000abc                __udivmoddi4
 .text          0x08000d78        0x4 /opt/st/stm32cubeide_1.15.0/plugins/com.st.stm32cube.ide.mcu.externaltools.gnu-tools-for-stm32.12.3.rel1.linux64_1.0.100.202403111256/tools/bin/../lib/gcc/arm-none-eabi/12.3.1/thumb/v7e-m+fp/hard/libgcc.a(_dvmd_tls.o)
                0x08000d78                __aeabi_ldiv0
                0x08000d78                __aeabi_idiv0
 *(.text*)
 .text.acc_task
                0x08000d7c      0x1e8 ./Core/Src/AccManager/AccManager.o
                0x08000d7c                acc_task
 .text.accelerometer_init
                0x08000f64       0x50 ./Core/Src/AccManager/AccManager.o
                0x08000f64                accelerometer_init
 .text.accelerometer_read
                0x08000fb4       0x8c ./Core/Src/AccManager/AccManager.o
                0x08000fb4                accelerometer_read
 .text.show_acc_data
                0x08001040      0x1cc ./Core/Src/AccManager/AccManager.o
                0x08001040                show_acc_data
 .text.split_integer
                0x0800120c       0xbc ./Core/Src/AccManager/AccManager.o
                0x0800120c                split_integer
 .text.led_task
                0x080012c8      0x320 ./Core/Src/LedManager/LedManager.o
                0x080012c8                led_task
 .text.led_callback
                0x080015e8       0x24 ./Core/Src/LedManager/LedManager.o
                0x080015e8                led_callback
 .text.set_led_timer
                0x0800160c       0x64 ./Core/Src/LedManager/LedManager.o
                0x0800160c                set_led_timer
 .text.control_all_leds
                0x08001670       0x54 ./Core/Src/LedManager/LedManager.o
                0x08001670                control_all_leds
 .text.control_led_group
                0x080016c4       0x7c ./Core/Src/LedManager/LedManager.o
                0x080016c4                control_led_group
 .text.control_single_led
                0x08001740       0x4c ./Core/Src/LedManager/LedManager.o
                0x08001740                control_single_led
 .text.execute_led_effect
                0x0800178c       0xcc ./Core/Src/LedManager/LedManager.o
                0x0800178c                execute_led_effect
 .text.parse_freq_string
                0x08001858       0x80 ./Core/Src/LedManager/LedManager.o
                0x08001858                parse_freq_string
 .text.freq_str_to_int
                0x080018d8       0x4a ./Core/Src/LedManager/LedManager.o
                0x080018d8                freq_str_to_int
 *fill*         0x08001922        0x2 
 .text.rtc_task
                0x08001924      0x428 ./Core/Src/RtcManager/RtcManager.o
                0x08001924                rtc_task
 .text.getnumber
                0x08001d4c       0x42 ./Core/Src/RtcManager/RtcManager.o
                0x08001d4c                getnumber
 .text.validate_rtc_information
                0x08001d8e       0x6c ./Core/Src/RtcManager/RtcManager.o
                0x08001d8e                validate_rtc_information
 *fill*         0x08001dfa        0x2 
 .text.rtc_configure_time
                0x08001dfc       0x2c ./Core/Src/RtcManager/RtcManager.o
                0x08001dfc                rtc_configure_time
 .text.rtc_configure_date
                0x08001e28       0x20 ./Core/Src/RtcManager/RtcManager.o
                0x08001e28                rtc_configure_date
 .text.show_time_date
                0x08001e48      0x14c ./Core/Src/RtcManager/RtcManager.o
                0x08001e48                show_time_date
 .text.main_menu_task
                0x08001f94       0xfc ./Core/Src/UartManager/UartManager.o
                0x08001f94                main_menu_task
 .text.message_handler_task
                0x08002090       0x2e ./Core/Src/UartManager/UartManager.o
                0x08002090                message_handler_task
 *fill*         0x080020be        0x2 
 .text.print_task
                0x080020c0       0x40 ./Core/Src/UartManager/UartManager.o
                0x080020c0                print_task
 .text.process_message
                0x08002100       0xa4 ./Core/Src/UartManager/UartManager.o
                0x08002100                process_message
 .text.extract_command
                0x080021a4       0x74 ./Core/Src/UartManager/UartManager.o
                0x080021a4                extract_command
 .text.main     0x08002218      0x260 ./Core/Src/main.o
                0x08002218                main
 .text.SystemClock_Config
                0x08002478       0xd8 ./Core/Src/main.o
                0x08002478                SystemClock_Config
 .text.MX_RTC_Init
                0x08002550       0x4c ./Core/Src/main.o
 .text.MX_SPI1_Init
                0x0800259c       0x6c ./Core/Src/main.o
 .text.MX_USART2_UART_Init
                0x08002608       0x54 ./Core/Src/main.o
 .text.MX_GPIO_Init
                0x0800265c      0x29c ./Core/Src/main.o
 .text.HAL_UART_RxCpltCallback
                0x080028f8       0xa8 ./Core/Src/main.o
                0x080028f8                HAL_UART_RxCpltCallback
 .text.HAL_TIM_PeriodElapsedCallback
                0x080029a0       0x24 ./Core/Src/main.o
                0x080029a0                HAL_TIM_PeriodElapsedCallback
 .text.Error_Handler
                0x080029c4        0xc ./Core/Src/main.o
                0x080029c4                Error_Handler
 .text.HAL_MspInit
                0x080029d0       0x50 ./Core/Src/stm32f4xx_hal_msp.o
                0x080029d0                HAL_MspInit
 .text.HAL_RTC_MspInit
                0x08002a20       0x54 ./Core/Src/stm32f4xx_hal_msp.o
                0x08002a20                HAL_RTC_MspInit
 .text.HAL_SPI_MspInit
                0x08002a74       0x90 ./Core/Src/stm32f4xx_hal_msp.o
                0x08002a74                HAL_SPI_MspInit
 .text.HAL_UART_MspInit
                0x08002b04       0xa0 ./Core/Src/stm32f4xx_hal_msp.o
                0x08002b04                HAL_UART_MspInit
 .text.HAL_InitTick
                0x08002ba4       0xf8 ./Core/Src/stm32f4xx_hal_timebase_tim.o
                0x08002ba4                HAL_InitTick
 .text.NMI_Handler
                0x08002c9c        0x8 ./Core/Src/stm32f4xx_it.o
                0x08002c9c                NMI_Handler
 .text.HardFault_Handler
                0x08002ca4        0x8 ./Core/Src/stm32f4xx_it.o
                0x08002ca4                HardFault_Handler
 .text.MemManage_Handler
                0x08002cac        0x8 ./Core/Src/stm32f4xx_it.o
                0x08002cac                MemManage_Handler
 .text.BusFault_Handler
                0x08002cb4        0x8 ./Core/Src/stm32f4xx_it.o
                0x08002cb4                BusFault_Handler
 .text.UsageFault_Handler
                0x08002cbc        0x8 ./Core/Src/stm32f4xx_it.o
                0x08002cbc                UsageFault_Handler
 .text.DebugMon_Handler
                0x08002cc4        0xe ./Core/Src/stm32f4xx_it.o
                0x08002cc4                DebugMon_Handler
 *fill*         0x08002cd2        0x2 
 .text.USART2_IRQHandler
                0x08002cd4       0x14 ./Core/Src/stm32f4xx_it.o
                0x08002cd4                USART2_IRQHandler
 .text.TIM6_DAC_IRQHandler
                0x08002ce8       0x14 ./Core/Src/stm32f4xx_it.o
                0x08002ce8                TIM6_DAC_IRQHandler
 .text._sbrk    0x08002cfc       0x6c ./Core/Src/sysmem.o
                0x08002cfc                _sbrk
 .text.SystemInit
                0x08002d68       0x24 ./Core/Src/system_stm32f4xx.o
                0x08002d68                SystemInit
 .text.Reset_Handler
                0x08002d8c       0x50 ./Core/Startup/startup_stm32f407vgtx.o
                0x08002d8c                Reset_Handler
 .text.Default_Handler
                0x08002ddc        0x2 ./Core/Startup/startup_stm32f407vgtx.o
                0x08002ddc                RTC_Alarm_IRQHandler
                0x08002ddc                HASH_RNG_IRQHandler
                0x08002ddc                EXTI2_IRQHandler
                0x08002ddc                TIM8_CC_IRQHandler
                0x08002ddc                TIM1_CC_IRQHandler
                0x08002ddc                DMA2_Stream5_IRQHandler
                0x08002ddc                DMA1_Stream5_IRQHandler
                0x08002ddc                PVD_IRQHandler
                0x08002ddc                SDIO_IRQHandler
                0x08002ddc                TAMP_STAMP_IRQHandler
                0x08002ddc                CAN2_RX1_IRQHandler
                0x08002ddc                EXTI3_IRQHandler
                0x08002ddc                TIM8_TRG_COM_TIM14_IRQHandler
                0x08002ddc                TIM1_UP_TIM10_IRQHandler
                0x08002ddc                TIM8_UP_TIM13_IRQHandler
                0x08002ddc                I2C3_ER_IRQHandler
                0x08002ddc                EXTI0_IRQHandler
                0x08002ddc                I2C2_EV_IRQHandler
                0x08002ddc                DMA1_Stream2_IRQHandler
                0x08002ddc                CAN1_RX0_IRQHandler
                0x08002ddc                FPU_IRQHandler
                0x08002ddc                OTG_HS_WKUP_IRQHandler
                0x08002ddc                CAN2_SCE_IRQHandler
                0x08002ddc                DMA2_Stream2_IRQHandler
                0x08002ddc                SPI1_IRQHandler
                0x08002ddc                TIM1_BRK_TIM9_IRQHandler
                0x08002ddc                DCMI_IRQHandler
                0x08002ddc                CAN2_RX0_IRQHandler
                0x08002ddc                DMA2_Stream3_IRQHandler
                0x08002ddc                USART6_IRQHandler
                0x08002ddc                USART3_IRQHandler
                0x08002ddc                CAN1_RX1_IRQHandler
                0x08002ddc                UART5_IRQHandler
                0x08002ddc                DMA2_Stream0_IRQHandler
                0x08002ddc                TIM4_IRQHandler
                0x08002ddc                I2C1_EV_IRQHandler
                0x08002ddc                DMA1_Stream6_IRQHandler
                0x08002ddc                DMA1_Stream1_IRQHandler
                0x08002ddc                UART4_IRQHandler
                0x08002ddc                TIM3_IRQHandler
                0x08002ddc                RCC_IRQHandler
                0x08002ddc                TIM8_BRK_TIM12_IRQHandler
                0x08002ddc                Default_Handler
                0x08002ddc                EXTI15_10_IRQHandler
                0x08002ddc                ADC_IRQHandler
                0x08002ddc                DMA1_Stream7_IRQHandler
                0x08002ddc                TIM7_IRQHandler
                0x08002ddc                CAN2_TX_IRQHandler
                0x08002ddc                TIM5_IRQHandler
                0x08002ddc                DMA2_Stream7_IRQHandler
                0x08002ddc                I2C3_EV_IRQHandler
                0x08002ddc                EXTI9_5_IRQHandler
                0x08002ddc                RTC_WKUP_IRQHandler
                0x08002ddc                ETH_WKUP_IRQHandler
                0x08002ddc                SPI2_IRQHandler
                0x08002ddc                OTG_HS_EP1_IN_IRQHandler
                0x08002ddc                DMA1_Stream0_IRQHandler
                0x08002ddc                CAN1_TX_IRQHandler
                0x08002ddc                EXTI4_IRQHandler
                0x08002ddc                FSMC_IRQHandler
                0x08002ddc                ETH_IRQHandler
                0x08002ddc                OTG_HS_EP1_OUT_IRQHandler
                0x08002ddc                WWDG_IRQHandler
                0x08002ddc                TIM2_IRQHandler
                0x08002ddc                OTG_FS_WKUP_IRQHandler
                0x08002ddc                TIM1_TRG_COM_TIM11_IRQHandler
                0x08002ddc                OTG_HS_IRQHandler
                0x08002ddc                EXTI1_IRQHandler
                0x08002ddc                I2C2_ER_IRQHandler
                0x08002ddc                DMA2_Stream1_IRQHandler
                0x08002ddc                CAN1_SCE_IRQHandler
                0x08002ddc                FLASH_IRQHandler
                0x08002ddc                DMA2_Stream4_IRQHandler
                0x08002ddc                USART1_IRQHandler
                0x08002ddc                OTG_FS_IRQHandler
                0x08002ddc                SPI3_IRQHandler
                0x08002ddc                DMA1_Stream4_IRQHandler
                0x08002ddc                I2C1_ER_IRQHandler
                0x08002ddc                DMA2_Stream6_IRQHandler
                0x08002ddc                DMA1_Stream3_IRQHandler
 *fill*         0x08002dde        0x2 
 .text.HAL_Init
                0x08002de0       0x44 ./Drivers/STM32F4xx_HAL_Driver/Src/stm32f4xx_hal.o
                0x08002de0                HAL_Init
 .text.HAL_IncTick
                0x08002e24       0x28 ./Drivers/STM32F4xx_HAL_Driver/Src/stm32f4xx_hal.o
                0x08002e24                HAL_IncTick
 .text.HAL_GetTick
                0x08002e4c       0x18 ./Drivers/STM32F4xx_HAL_Driver/Src/stm32f4xx_hal.o
                0x08002e4c                HAL_GetTick
 .text.__NVIC_SetPriorityGrouping
                0x08002e64       0x48 ./Drivers/STM32F4xx_HAL_Driver/Src/stm32f4xx_hal_cortex.o
 .text.__NVIC_GetPriorityGrouping
                0x08002eac       0x1c ./Drivers/STM32F4xx_HAL_Driver/Src/stm32f4xx_hal_cortex.o
 .text.__NVIC_EnableIRQ
                0x08002ec8       0x3c ./Drivers/STM32F4xx_HAL_Driver/Src/stm32f4xx_hal_cortex.o
 .text.__NVIC_SetPriority
                0x08002f04       0x54 ./Drivers/STM32F4xx_HAL_Driver/Src/stm32f4xx_hal_cortex.o
 .text.NVIC_EncodePriority
                0x08002f58       0x66 ./Drivers/STM32F4xx_HAL_Driver/Src/stm32f4xx_hal_cortex.o
 .text.HAL_NVIC_SetPriorityGrouping
                0x08002fbe       0x16 ./Drivers/STM32F4xx_HAL_Driver/Src/stm32f4xx_hal_cortex.o
                0x08002fbe                HAL_NVIC_SetPriorityGrouping
 .text.HAL_NVIC_SetPriority
                0x08002fd4       0x38 ./Drivers/STM32F4xx_HAL_Driver/Src/stm32f4xx_hal_cortex.o
                0x08002fd4                HAL_NVIC_SetPriority
 .text.HAL_NVIC_EnableIRQ
                0x0800300c       0x1c ./Drivers/STM32F4xx_HAL_Driver/Src/stm32f4xx_hal_cortex.o
                0x0800300c                HAL_NVIC_EnableIRQ
 .text.HAL_DMA_Abort
                0x08003028       0xe0 ./Drivers/STM32F4xx_HAL_Driver/Src/stm32f4xx_hal_dma.o
                0x08003028                HAL_DMA_Abort
 .text.HAL_DMA_Abort_IT
                0x08003108       0x44 ./Drivers/STM32F4xx_HAL_Driver/Src/stm32f4xx_hal_dma.o
                0x08003108                HAL_DMA_Abort_IT
 .text.HAL_GPIO_Init
                0x0800314c      0x338 ./Drivers/STM32F4xx_HAL_Driver/Src/stm32f4xx_hal_gpio.o
                0x0800314c                HAL_GPIO_Init
 .text.HAL_GPIO_WritePin
                0x08003484       0x32 ./Drivers/STM32F4xx_HAL_Driver/Src/stm32f4xx_hal_gpio.o
                0x08003484                HAL_GPIO_WritePin
 .text.HAL_GPIO_TogglePin
                0x080034b6       0x34 ./Drivers/STM32F4xx_HAL_Driver/Src/stm32f4xx_hal_gpio.o
                0x080034b6                HAL_GPIO_TogglePin
 *fill*         0x080034ea        0x2 
 .text.HAL_RCC_OscConfig
                0x080034ec      0x4f0 ./Drivers/STM32F4xx_HAL_Driver/Src/stm32f4xx_hal_rcc.o
                0x080034ec                HAL_RCC_OscConfig
 .text.HAL_RCC_ClockConfig
                0x080039dc      0x1cc ./Drivers/STM32F4xx_HAL_Driver/Src/stm32f4xx_hal_rcc.o
                0x080039dc                HAL_RCC_ClockConfig
 .text.HAL_RCC_GetSysClockFreq
                0x08003ba8      0x20c ./Drivers/STM32F4xx_HAL_Driver/Src/stm32f4xx_hal_rcc.o
                0x08003ba8                HAL_RCC_GetSysClockFreq
 .text.HAL_RCC_GetHCLKFreq
                0x08003db4       0x18 ./Drivers/STM32F4xx_HAL_Driver/Src/stm32f4xx_hal_rcc.o
                0x08003db4                HAL_RCC_GetHCLKFreq
 .text.HAL_RCC_GetPCLK1Freq
                0x08003dcc       0x28 ./Drivers/STM32F4xx_HAL_Driver/Src/stm32f4xx_hal_rcc.o
                0x08003dcc                HAL_RCC_GetPCLK1Freq
 .text.HAL_RCC_GetPCLK2Freq
                0x08003df4       0x28 ./Drivers/STM32F4xx_HAL_Driver/Src/stm32f4xx_hal_rcc.o
                0x08003df4                HAL_RCC_GetPCLK2Freq
 .text.HAL_RCC_GetClockConfig
                0x08003e1c       0x64 ./Drivers/STM32F4xx_HAL_Driver/Src/stm32f4xx_hal_rcc.o
                0x08003e1c                HAL_RCC_GetClockConfig
 .text.HAL_RCCEx_PeriphCLKConfig
                0x08003e80      0x1c4 ./Drivers/STM32F4xx_HAL_Driver/Src/stm32f4xx_hal_rcc_ex.o
                0x08003e80                HAL_RCCEx_PeriphCLKConfig
 .text.HAL_RTC_Init
                0x08004044      0x106 ./Drivers/STM32F4xx_HAL_Driver/Src/stm32f4xx_hal_rtc.o
                0x08004044                HAL_RTC_Init
 .text.HAL_RTC_SetTime
                0x0800414a      0x134 ./Drivers/STM32F4xx_HAL_Driver/Src/stm32f4xx_hal_rtc.o
                0x0800414a                HAL_RTC_SetTime
 .text.HAL_RTC_GetTime
                0x0800427e       0xbc ./Drivers/STM32F4xx_HAL_Driver/Src/stm32f4xx_hal_rtc.o
                0x0800427e                HAL_RTC_GetTime
 .text.HAL_RTC_SetDate
                0x0800433a      0x108 ./Drivers/STM32F4xx_HAL_Driver/Src/stm32f4xx_hal_rtc.o
                0x0800433a                HAL_RTC_SetDate
 .text.HAL_RTC_GetDate
                0x08004442       0x9e ./Drivers/STM32F4xx_HAL_Driver/Src/stm32f4xx_hal_rtc.o
                0x08004442                HAL_RTC_GetDate
 .text.HAL_RTC_WaitForSynchro
                0x080044e0       0x4c ./Drivers/STM32F4xx_HAL_Driver/Src/stm32f4xx_hal_rtc.o
                0x080044e0                HAL_RTC_WaitForSynchro
 .text.RTC_EnterInitMode
                0x0800452c       0x6e ./Drivers/STM32F4xx_HAL_Driver/Src/stm32f4xx_hal_rtc.o
                0x0800452c                RTC_EnterInitMode
 .text.RTC_ExitInitMode
                0x0800459a       0x4a ./Drivers/STM32F4xx_HAL_Driver/Src/stm32f4xx_hal_rtc.o
                0x0800459a                RTC_ExitInitMode
 .text.RTC_ByteToBcd2
                0x080045e4       0x3c ./Drivers/STM32F4xx_HAL_Driver/Src/stm32f4xx_hal_rtc.o
                0x080045e4                RTC_ByteToBcd2
 .text.RTC_Bcd2ToByte
                0x08004620       0x3c ./Drivers/STM32F4xx_HAL_Driver/Src/stm32f4xx_hal_rtc.o
                0x08004620                RTC_Bcd2ToByte
 .text.HAL_SPI_Init
                0x0800465c      0x112 ./Drivers/STM32F4xx_HAL_Driver/Src/stm32f4xx_hal_spi.o
                0x0800465c                HAL_SPI_Init
 .text.HAL_SPI_Transmit
                0x0800476e      0x286 ./Drivers/STM32F4xx_HAL_Driver/Src/stm32f4xx_hal_spi.o
                0x0800476e                HAL_SPI_Transmit
 .text.HAL_SPI_Receive
                0x080049f4      0x230 ./Drivers/STM32F4xx_HAL_Driver/Src/stm32f4xx_hal_spi.o
                0x080049f4                HAL_SPI_Receive
 .text.HAL_SPI_TransmitReceive
                0x08004c24      0x360 ./Drivers/STM32F4xx_HAL_Driver/Src/stm32f4xx_hal_spi.o
                0x08004c24                HAL_SPI_TransmitReceive
 .text.SPI_WaitFlagStateUntilTimeout
                0x08004f84      0x110 ./Drivers/STM32F4xx_HAL_Driver/Src/stm32f4xx_hal_spi.o
 .text.SPI_EndRxTransaction
                0x08005094       0xca ./Drivers/STM32F4xx_HAL_Driver/Src/stm32f4xx_hal_spi.o
 *fill*         0x0800515e        0x2 
 .text.SPI_EndRxTxTransaction
                0x08005160       0xa8 ./Drivers/STM32F4xx_HAL_Driver/Src/stm32f4xx_hal_spi.o
 .text.HAL_TIM_Base_Init
                0x08005208       0x9e ./Drivers/STM32F4xx_HAL_Driver/Src/stm32f4xx_hal_tim.o
                0x08005208                HAL_TIM_Base_Init
 .text.HAL_TIM_Base_MspInit
                0x080052a6       0x14 ./Drivers/STM32F4xx_HAL_Driver/Src/stm32f4xx_hal_tim.o
                0x080052a6                HAL_TIM_Base_MspInit
 *fill*         0x080052ba        0x2 
 .text.HAL_TIM_Base_Start_IT
                0x080052bc       0xe0 ./Drivers/STM32F4xx_HAL_Driver/Src/stm32f4xx_hal_tim.o
                0x080052bc                HAL_TIM_Base_Start_IT
 .text.HAL_TIM_IRQHandler
                0x0800539c      0x1e0 ./Drivers/STM32F4xx_HAL_Driver/Src/stm32f4xx_hal_tim.o
                0x0800539c                HAL_TIM_IRQHandler
 .text.HAL_TIM_OC_DelayElapsedCallback
                0x0800557c       0x14 ./Drivers/STM32F4xx_HAL_Driver/Src/stm32f4xx_hal_tim.o
                0x0800557c                HAL_TIM_OC_DelayElapsedCallback
 .text.HAL_TIM_IC_CaptureCallback
                0x08005590       0x14 ./Drivers/STM32F4xx_HAL_Driver/Src/stm32f4xx_hal_tim.o
                0x08005590                HAL_TIM_IC_CaptureCallback
 .text.HAL_TIM_PWM_PulseFinishedCallback
                0x080055a4       0x14 ./Drivers/STM32F4xx_HAL_Driver/Src/stm32f4xx_hal_tim.o
                0x080055a4                HAL_TIM_PWM_PulseFinishedCallback
 .text.HAL_TIM_TriggerCallback
                0x080055b8       0x14 ./Drivers/STM32F4xx_HAL_Driver/Src/stm32f4xx_hal_tim.o
                0x080055b8                HAL_TIM_TriggerCallback
 .text.TIM_Base_SetConfig
                0x080055cc      0x158 ./Drivers/STM32F4xx_HAL_Driver/Src/stm32f4xx_hal_tim.o
                0x080055cc                TIM_Base_SetConfig
 .text.HAL_TIMEx_CommutCallback
                0x08005724       0x14 ./Drivers/STM32F4xx_HAL_Driver/Src/stm32f4xx_hal_tim_ex.o
                0x08005724                HAL_TIMEx_CommutCallback
 .text.HAL_TIMEx_BreakCallback
                0x08005738       0x14 ./Drivers/STM32F4xx_HAL_Driver/Src/stm32f4xx_hal_tim_ex.o
                0x08005738                HAL_TIMEx_BreakCallback
 .text.HAL_UART_Init
                0x0800574c       0xa0 ./Drivers/STM32F4xx_HAL_Driver/Src/stm32f4xx_hal_uart.o
                0x0800574c                HAL_UART_Init
 .text.HAL_UART_Transmit
                0x080057ec      0x116 ./Drivers/STM32F4xx_HAL_Driver/Src/stm32f4xx_hal_uart.o
                0x080057ec                HAL_UART_Transmit
 .text.HAL_UART_Receive_IT
                0x08005902       0x4a ./Drivers/STM32F4xx_HAL_Driver/Src/stm32f4xx_hal_uart.o
                0x08005902                HAL_UART_Receive_IT
 .text.HAL_UART_IRQHandler
                0x0800594c      0x524 ./Drivers/STM32F4xx_HAL_Driver/Src/stm32f4xx_hal_uart.o
                0x0800594c                HAL_UART_IRQHandler
 .text.HAL_UART_TxCpltCallback
                0x08005e70       0x14 ./Drivers/STM32F4xx_HAL_Driver/Src/stm32f4xx_hal_uart.o
                0x08005e70                HAL_UART_TxCpltCallback
 .text.HAL_UART_ErrorCallback
                0x08005e84       0x14 ./Drivers/STM32F4xx_HAL_Driver/Src/stm32f4xx_hal_uart.o
                0x08005e84                HAL_UART_ErrorCallback
 .text.HAL_UARTEx_RxEventCallback
                0x08005e98       0x18 ./Drivers/STM32F4xx_HAL_Driver/Src/stm32f4xx_hal_uart.o
                0x08005e98                HAL_UARTEx_RxEventCallback
 .text.UART_WaitOnFlagUntilTimeout
                0x08005eb0       0xb2 ./Drivers/STM32F4xx_HAL_Driver/Src/stm32f4xx_hal_uart.o
 .text.UART_Start_Receive_IT
                0x08005f62       0x74 ./Drivers/STM32F4xx_HAL_Driver/Src/stm32f4xx_hal_uart.o
                0x08005f62                UART_Start_Receive_IT
 .text.UART_EndRxTransfer
                0x08005fd6       0xc6 ./Drivers/STM32F4xx_HAL_Driver/Src/stm32f4xx_hal_uart.o
 .text.UART_DMAAbortOnError
                0x0800609c       0x28 ./Drivers/STM32F4xx_HAL_Driver/Src/stm32f4xx_hal_uart.o
 .text.UART_Transmit_IT
                0x080060c4       0xa0 ./Drivers/STM32F4xx_HAL_Driver/Src/stm32f4xx_hal_uart.o
 .text.UART_EndTransmit_IT
                0x08006164       0x30 ./Drivers/STM32F4xx_HAL_Driver/Src/stm32f4xx_hal_uart.o
 .text.UART_Receive_IT
                0x08006194      0x17c ./Drivers/STM32F4xx_HAL_Driver/Src/stm32f4xx_hal_uart.o
 .text.UART_SetConfig
                0x08006310      0x4e8 ./Drivers/STM32F4xx_HAL_Driver/Src/stm32f4xx_hal_uart.o
 .text.vListInitialise
                0x080067f8       0x40 ./ThirdParty/FreeRTOS/list.o
                0x080067f8                vListInitialise
 .text.vListInitialiseItem
                0x08006838       0x1a ./ThirdParty/FreeRTOS/list.o
                0x08006838                vListInitialiseItem
 .text.vListInsertEnd
                0x08006852       0x48 ./ThirdParty/FreeRTOS/list.o
                0x08006852                vListInsertEnd
 .text.vListInsert
                0x0800689a       0x72 ./ThirdParty/FreeRTOS/list.o
                0x0800689a                vListInsert
 .text.uxListRemove
                0x0800690c       0x54 ./ThirdParty/FreeRTOS/list.o
                0x0800690c                uxListRemove
 .text.xQueueGenericReset
                0x08006960       0xd4 ./ThirdParty/FreeRTOS/queue.o
                0x08006960                xQueueGenericReset
 .text.xQueueGenericCreate
                0x08006a34       0xc4 ./ThirdParty/FreeRTOS/queue.o
                0x08006a34                xQueueGenericCreate
 .text.prvInitialiseNewQueue
                0x08006af8       0x46 ./ThirdParty/FreeRTOS/queue.o
 *fill*         0x08006b3e        0x2 
 .text.xQueueGenericSend
                0x08006b40      0x204 ./ThirdParty/FreeRTOS/queue.o
                0x08006b40                xQueueGenericSend
 .text.xQueueGenericSendFromISR
                0x08006d44      0x15c ./ThirdParty/FreeRTOS/queue.o
                0x08006d44                xQueueGenericSendFromISR
 .text.xQueueReceive
                0x08006ea0      0x1c4 ./ThirdParty/FreeRTOS/queue.o
                0x08006ea0                xQueueReceive
 .text.xQueueReceiveFromISR
                0x08007064      0x124 ./ThirdParty/FreeRTOS/queue.o
                0x08007064                xQueueReceiveFromISR
 .text.uxQueueMessagesWaiting
                0x08007188       0x3e ./ThirdParty/FreeRTOS/queue.o
                0x08007188                uxQueueMessagesWaiting
 .text.prvCopyDataToQueue
                0x080071c6       0xd4 ./ThirdParty/FreeRTOS/queue.o
 .text.prvCopyDataFromQueue
                0x0800729a       0x4c ./ThirdParty/FreeRTOS/queue.o
 .text.prvUnlockQueue
                0x080072e6       0xa4 ./ThirdParty/FreeRTOS/queue.o
 .text.prvIsQueueEmpty
                0x0800738a       0x2c ./ThirdParty/FreeRTOS/queue.o
 .text.prvIsQueueFull
                0x080073b6       0x30 ./ThirdParty/FreeRTOS/queue.o
 .text.xQueueIsQueueFullFromISR
                0x080073e6       0x4e ./ThirdParty/FreeRTOS/queue.o
                0x080073e6                xQueueIsQueueFullFromISR
 .text.vQueueAddToRegistry
                0x08007434       0x54 ./ThirdParty/FreeRTOS/queue.o
                0x08007434                vQueueAddToRegistry
 .text.vQueueWaitForMessageRestricted
                0x08007488       0x68 ./ThirdParty/FreeRTOS/queue.o
                0x08007488                vQueueWaitForMessageRestricted
 .text.xTaskCreate
                0x080074f0       0x82 ./ThirdParty/FreeRTOS/tasks.o
                0x080074f0                xTaskCreate
 .text.prvInitialiseNewTask
                0x08007572      0x12e ./ThirdParty/FreeRTOS/tasks.o
 .text.prvAddNewTaskToReadyList
                0x080076a0       0xdc ./ThirdParty/FreeRTOS/tasks.o
 .text.vTaskStartScheduler
                0x0800777c       0xa4 ./ThirdParty/FreeRTOS/tasks.o
                0x0800777c                vTaskStartScheduler
 .text.vTaskSuspendAll
                0x08007820       0x1c ./ThirdParty/FreeRTOS/tasks.o
                0x08007820                vTaskSuspendAll
 .text.xTaskResumeAll
                0x0800783c      0x13c ./ThirdParty/FreeRTOS/tasks.o
                0x0800783c                xTaskResumeAll
 .text.xTaskGetTickCount
                0x08007978       0x20 ./ThirdParty/FreeRTOS/tasks.o
                0x08007978                xTaskGetTickCount
 .text.xTaskIncrementTick
                0x08007998      0x174 ./ThirdParty/FreeRTOS/tasks.o
                0x08007998                xTaskIncrementTick
 .text.vTaskSwitchContext
                0x08007b0c       0xb8 ./ThirdParty/FreeRTOS/tasks.o
                0x08007b0c                vTaskSwitchContext
 .text.vTaskPlaceOnEventList
                0x08007bc4       0x4c ./ThirdParty/FreeRTOS/tasks.o
                0x08007bc4                vTaskPlaceOnEventList
 .text.vTaskPlaceOnEventListRestricted
                0x08007c10       0x58 ./ThirdParty/FreeRTOS/tasks.o
                0x08007c10                vTaskPlaceOnEventListRestricted
 .text.xTaskRemoveFromEventList
                0x08007c68       0xc8 ./ThirdParty/FreeRTOS/tasks.o
                0x08007c68                xTaskRemoveFromEventList
 .text.vTaskInternalSetTimeOutState
                0x08007d30       0x2c ./ThirdParty/FreeRTOS/tasks.o
                0x08007d30                vTaskInternalSetTimeOutState
 .text.xTaskCheckForTimeOut
                0x08007d5c       0xd0 ./ThirdParty/FreeRTOS/tasks.o
                0x08007d5c                xTaskCheckForTimeOut
 .text.vTaskMissedYield
                0x08007e2c       0x18 ./ThirdParty/FreeRTOS/tasks.o
                0x08007e2c                vTaskMissedYield
 .text.prvIdleTask
                0x08007e44       0x30 ./ThirdParty/FreeRTOS/tasks.o
 .text.prvInitialiseTaskLists
                0x08007e74       0x80 ./ThirdParty/FreeRTOS/tasks.o
 .text.prvCheckTasksWaitingTermination
                0x08007ef4       0x5c ./ThirdParty/FreeRTOS/tasks.o
 .text.prvDeleteTCB
                0x08007f50       0x20 ./ThirdParty/FreeRTOS/tasks.o
 .text.prvResetNextTaskUnblockTime
                0x08007f70       0x38 ./ThirdParty/FreeRTOS/tasks.o
 .text.xTaskGetSchedulerState
                0x08007fa8       0x3c ./ThirdParty/FreeRTOS/tasks.o
                0x08007fa8                xTaskGetSchedulerState
 .text.xTaskPriorityDisinherit
                0x08007fe4       0xf8 ./ThirdParty/FreeRTOS/tasks.o
                0x08007fe4                xTaskPriorityDisinherit
 .text.xTaskGenericNotifyWait
                0x080080dc      0x100 ./ThirdParty/FreeRTOS/tasks.o
                0x080080dc                xTaskGenericNotifyWait
 .text.xTaskGenericNotify
                0x080081dc      0x1c8 ./ThirdParty/FreeRTOS/tasks.o
                0x080081dc                xTaskGenericNotify
 .text.xTaskGenericNotifyFromISR
                0x080083a4      0x20c ./ThirdParty/FreeRTOS/tasks.o
                0x080083a4                xTaskGenericNotifyFromISR
 .text.prvAddCurrentTaskToDelayedList
                0x080085b0       0xcc ./ThirdParty/FreeRTOS/tasks.o
 .text.xTimerCreateTimerTask
                0x0800867c       0x68 ./ThirdParty/FreeRTOS/timers.o
                0x0800867c                xTimerCreateTimerTask
 .text.xTimerCreate
                0x080086e4       0x42 ./ThirdParty/FreeRTOS/timers.o
                0x080086e4                xTimerCreate
 .text.prvInitialiseNewTimer
                0x08008726       0x78 ./ThirdParty/FreeRTOS/timers.o
 *fill*         0x0800879e        0x2 
 .text.xTimerGenericCommand
                0x080087a0       0x9c ./ThirdParty/FreeRTOS/timers.o
                0x080087a0                xTimerGenericCommand
 .text.prvProcessExpiredTimer
                0x0800883c       0x9c ./ThirdParty/FreeRTOS/timers.o
 .text.prvTimerTask
                0x080088d8       0x26 ./ThirdParty/FreeRTOS/timers.o
 *fill*         0x080088fe        0x2 
 .text.prvProcessTimerOrBlockTask
                0x08008900       0x9c ./ThirdParty/FreeRTOS/timers.o
 .text.prvGetNextExpireTime
                0x0800899c       0x48 ./ThirdParty/FreeRTOS/timers.o
 .text.prvSampleTimeNow
                0x080089e4       0x40 ./ThirdParty/FreeRTOS/timers.o
 .text.prvInsertTimerInActiveList
                0x08008a24       0x84 ./ThirdParty/FreeRTOS/timers.o
 .text.prvProcessReceivedCommands
                0x08008aa8      0x194 ./ThirdParty/FreeRTOS/timers.o
 .text.prvSwitchTimerLists
                0x08008c3c       0xcc ./ThirdParty/FreeRTOS/timers.o
 .text.prvCheckForValidListAndQueue
                0x08008d08       0x6c ./ThirdParty/FreeRTOS/timers.o
 .text.pvTimerGetTimerID
                0x08008d74       0x42 ./ThirdParty/FreeRTOS/timers.o
                0x08008d74                pvTimerGetTimerID
 *fill*         0x08008db6        0x2 
 .text.pxPortInitialiseStack
                0x08008db8       0x68 ./ThirdParty/FreeRTOS/portable/GCC/ARM_CM4F/port.o
                0x08008db8                pxPortInitialiseStack
 .text.prvTaskExitError
                0x08008e20       0x5c ./ThirdParty/FreeRTOS/portable/GCC/ARM_CM4F/port.o
 *fill*         0x08008e7c        0x4 
 .text.SVC_Handler
                0x08008e80       0x28 ./ThirdParty/FreeRTOS/portable/GCC/ARM_CM4F/port.o
                0x08008e80                SVC_Handler
 .text.prvPortStartFirstTask
                0x08008ea8       0x2c ./ThirdParty/FreeRTOS/portable/GCC/ARM_CM4F/port.o
 .text.xPortStartScheduler
                0x08008ed4      0x148 ./ThirdParty/FreeRTOS/portable/GCC/ARM_CM4F/port.o
                0x08008ed4                xPortStartScheduler
 .text.vPortEnterCritical
                0x0800901c       0x64 ./ThirdParty/FreeRTOS/portable/GCC/ARM_CM4F/port.o
                0x0800901c                vPortEnterCritical
 .text.vPortExitCritical
                0x08009080       0x54 ./ThirdParty/FreeRTOS/portable/GCC/ARM_CM4F/port.o
                0x08009080                vPortExitCritical
 *fill*         0x080090d4        0xc 
 .text.PendSV_Handler
                0x080090e0       0x68 ./ThirdParty/FreeRTOS/portable/GCC/ARM_CM4F/port.o
                0x080090e0                PendSV_Handler
 .text.SysTick_Handler
                0x08009148       0x44 ./ThirdParty/FreeRTOS/portable/GCC/ARM_CM4F/port.o
                0x08009148                SysTick_Handler
 .text.vPortSetupTimerInterrupt
                0x0800918c       0x48 ./ThirdParty/FreeRTOS/portable/GCC/ARM_CM4F/port.o
                0x0800918c                vPortSetupTimerInterrupt
 .text.vPortEnableVFP
                0x080091d4       0x18 ./ThirdParty/FreeRTOS/portable/GCC/ARM_CM4F/port.o
 .text.vPortValidateInterruptPriority
                0x080091ec       0x84 ./ThirdParty/FreeRTOS/portable/GCC/ARM_CM4F/port.o
                0x080091ec                vPortValidateInterruptPriority
 .text.pvPortMalloc
                0x08009270      0x1c4 ./ThirdParty/FreeRTOS/portable/MemMang/heap_4.o
                0x08009270                pvPortMalloc
 .text.vPortFree
                0x08009434       0xc8 ./ThirdParty/FreeRTOS/portable/MemMang/heap_4.o
                0x08009434                vPortFree
 .text.prvHeapInit
                0x080094fc       0xc4 ./ThirdParty/FreeRTOS/portable/MemMang/heap_4.o
 .text.prvInsertBlockIntoFreeList
                0x080095c0       0xb4 ./ThirdParty/FreeRTOS/portable/MemMang/heap_4.o
 .text.sprintf  0x08009674       0x40 /opt/st/stm32cubeide_1.15.0/plugins/com.st.stm32cube.ide.mcu.externaltools.gnu-tools-for-stm32.12.3.rel1.linux64_1.0.100.202403111256/tools/bin/../lib/gcc/arm-none-eabi/12.3.1/../../../../arm-none-eabi/lib/thumb/v7e-m+fp/hard/libc_nano.a(libc_a-sprintf.o)
                0x08009674                sprintf
                0x08009674                siprintf
 .text.memset   0x080096b4       0x10 /opt/st/stm32cubeide_1.15.0/plugins/com.st.stm32cube.ide.mcu.externaltools.gnu-tools-for-stm32.12.3.rel1.linux64_1.0.100.202403111256/tools/bin/../lib/gcc/arm-none-eabi/12.3.1/../../../../arm-none-eabi/lib/thumb/v7e-m+fp/hard/libc_nano.a(libc_a-memset.o)
                0x080096b4                memset
 .text.__errno  0x080096c4        0xc /opt/st/stm32cubeide_1.15.0/plugins/com.st.stm32cube.ide.mcu.externaltools.gnu-tools-for-stm32.12.3.rel1.linux64_1.0.100.202403111256/tools/bin/../lib/gcc/arm-none-eabi/12.3.1/../../../../arm-none-eabi/lib/thumb/v7e-m+fp/hard/libc_nano.a(libc_a-errno.o)
                0x080096c4                __errno
 .text.__libc_init_array
                0x080096d0       0x48 /opt/st/stm32cubeide_1.15.0/plugins/com.st.stm32cube.ide.mcu.externaltools.gnu-tools-for-stm32.12.3.rel1.linux64_1.0.100.202403111256/tools/bin/../lib/gcc/arm-none-eabi/12.3.1/../../../../arm-none-eabi/lib/thumb/v7e-m+fp/hard/libc_nano.a(libc_a-init.o)
                0x080096d0                __libc_init_array
 .text.__retarget_lock_acquire_recursive
                0x08009718        0x2 /opt/st/stm32cubeide_1.15.0/plugins/com.st.stm32cube.ide.mcu.externaltools.gnu-tools-for-stm32.12.3.rel1.linux64_1.0.100.202403111256/tools/bin/../lib/gcc/arm-none-eabi/12.3.1/../../../../arm-none-eabi/lib/thumb/v7e-m+fp/hard/libc_nano.a(libc_a-lock.o)
                0x08009718                __retarget_lock_acquire_recursive
 .text.__retarget_lock_release_recursive
                0x0800971a        0x2 /opt/st/stm32cubeide_1.15.0/plugins/com.st.stm32cube.ide.mcu.externaltools.gnu-tools-for-stm32.12.3.rel1.linux64_1.0.100.202403111256/tools/bin/../lib/gcc/arm-none-eabi/12.3.1/../../../../arm-none-eabi/lib/thumb/v7e-m+fp/hard/libc_nano.a(libc_a-lock.o)
                0x0800971a                __retarget_lock_release_recursive
 .text.memcpy   0x0800971c       0x1c /opt/st/stm32cubeide_1.15.0/plugins/com.st.stm32cube.ide.mcu.externaltools.gnu-tools-for-stm32.12.3.rel1.linux64_1.0.100.202403111256/tools/bin/../lib/gcc/arm-none-eabi/12.3.1/../../../../arm-none-eabi/lib/thumb/v7e-m+fp/hard/libc_nano.a(libc_a-memcpy-stub.o)
                0x0800971c                memcpy
 .text._free_r  0x08009738       0x94 /opt/st/stm32cubeide_1.15.0/plugins/com.st.stm32cube.ide.mcu.externaltools.gnu-tools-for-stm32.12.3.rel1.linux64_1.0.100.202403111256/tools/bin/../lib/gcc/arm-none-eabi/12.3.1/../../../../arm-none-eabi/lib/thumb/v7e-m+fp/hard/libc_nano.a(libc_a-freer.o)
                0x08009738                _free_r
 .text.sbrk_aligned
                0x080097cc       0x44 /opt/st/stm32cubeide_1.15.0/plugins/com.st.stm32cube.ide.mcu.externaltools.gnu-tools-for-stm32.12.3.rel1.linux64_1.0.100.202403111256/tools/bin/../lib/gcc/arm-none-eabi/12.3.1/../../../../arm-none-eabi/lib/thumb/v7e-m+fp/hard/libc_nano.a(libc_a-mallocr.o)
 .text._malloc_r
                0x08009810      0x100 /opt/st/stm32cubeide_1.15.0/plugins/com.st.stm32cube.ide.mcu.externaltools.gnu-tools-for-stm32.12.3.rel1.linux64_1.0.100.202403111256/tools/bin/../lib/gcc/arm-none-eabi/12.3.1/../../../../arm-none-eabi/lib/thumb/v7e-m+fp/hard/libc_nano.a(libc_a-mallocr.o)
                0x08009810                _malloc_r
 .text.__malloc_lock
                0x08009910        0xc /opt/st/stm32cubeide_1.15.0/plugins/com.st.stm32cube.ide.mcu.externaltools.gnu-tools-for-stm32.12.3.rel1.linux64_1.0.100.202403111256/tools/bin/../lib/gcc/arm-none-eabi/12.3.1/../../../../arm-none-eabi/lib/thumb/v7e-m+fp/hard/libc_nano.a(libc_a-mlock.o)
                0x08009910                __malloc_lock
 .text.__malloc_unlock
                0x0800991c        0xc /opt/st/stm32cubeide_1.15.0/plugins/com.st.stm32cube.ide.mcu.externaltools.gnu-tools-for-stm32.12.3.rel1.linux64_1.0.100.202403111256/tools/bin/../lib/gcc/arm-none-eabi/12.3.1/../../../../arm-none-eabi/lib/thumb/v7e-m+fp/hard/libc_nano.a(libc_a-mlock.o)
                0x0800991c                __malloc_unlock
 .text.__ssputs_r
                0x08009928       0xb6 /opt/st/stm32cubeide_1.15.0/plugins/com.st.stm32cube.ide.mcu.externaltools.gnu-tools-for-stm32.12.3.rel1.linux64_1.0.100.202403111256/tools/bin/../lib/gcc/arm-none-eabi/12.3.1/../../../../arm-none-eabi/lib/thumb/v7e-m+fp/hard/libc_nano.a(libc_a-nano-svfprintf.o)
                0x08009928                __ssputs_r
 *fill*         0x080099de        0x2 
 .text._svfprintf_r
                0x080099e0      0x1f8 /opt/st/stm32cubeide_1.15.0/plugins/com.st.stm32cube.ide.mcu.externaltools.gnu-tools-for-stm32.12.3.rel1.linux64_1.0.100.202403111256/tools/bin/../lib/gcc/arm-none-eabi/12.3.1/../../../../arm-none-eabi/lib/thumb/v7e-m+fp/hard/libc_nano.a(libc_a-nano-svfprintf.o)
                0x080099e0                _svfprintf_r
                0x080099e0                _svfiprintf_r
 .text._printf_common
                0x08009bd8       0xda /opt/st/stm32cubeide_1.15.0/plugins/com.st.stm32cube.ide.mcu.externaltools.gnu-tools-for-stm32.12.3.rel1.linux64_1.0.100.202403111256/tools/bin/../lib/gcc/arm-none-eabi/12.3.1/../../../../arm-none-eabi/lib/thumb/v7e-m+fp/hard/libc_nano.a(libc_a-nano-vfprintf_i.o)
                0x08009bd8                _printf_common
 *fill*         0x08009cb2        0x2 
 .text._printf_i
                0x08009cb4      0x240 /opt/st/stm32cubeide_1.15.0/plugins/com.st.stm32cube.ide.mcu.externaltools.gnu-tools-for-stm32.12.3.rel1.linux64_1.0.100.202403111256/tools/bin/../lib/gcc/arm-none-eabi/12.3.1/../../../../arm-none-eabi/lib/thumb/v7e-m+fp/hard/libc_nano.a(libc_a-nano-vfprintf_i.o)
                0x08009cb4                _printf_i
 .text.memmove  0x08009ef4       0x34 /opt/st/stm32cubeide_1.15.0/plugins/com.st.stm32cube.ide.mcu.externaltools.gnu-tools-for-stm32.12.3.rel1.linux64_1.0.100.202403111256/tools/bin/../lib/gcc/arm-none-eabi/12.3.1/../../../../arm-none-eabi/lib/thumb/v7e-m+fp/hard/libc_nano.a(libc_a-memmove.o)
                0x08009ef4                memmove
 .text._sbrk_r  0x08009f28       0x20 /opt/st/stm32cubeide_1.15.0/plugins/com.st.stm32cube.ide.mcu.externaltools.gnu-tools-for-stm32.12.3.rel1.linux64_1.0.100.202403111256/tools/bin/../lib/gcc/arm-none-eabi/12.3.1/../../../../arm-none-eabi/lib/thumb/v7e-m+fp/hard/libc_nano.a(libc_a-sbrkr.o)
                0x08009f28                _sbrk_r
 .text._realloc_r
                0x08009f48       0x5c /opt/st/stm32cubeide_1.15.0/plugins/com.st.stm32cube.ide.mcu.externaltools.gnu-tools-for-stm32.12.3.rel1.linux64_1.0.100.202403111256/tools/bin/../lib/gcc/arm-none-eabi/12.3.1/../../../../arm-none-eabi/lib/thumb/v7e-m+fp/hard/libc_nano.a(libc_a-reallocr.o)
                0x08009f48                _realloc_r
 .text._malloc_usable_size_r
                0x08009fa4       0x10 /opt/st/stm32cubeide_1.15.0/plugins/com.st.stm32cube.ide.mcu.externaltools.gnu-tools-for-stm32.12.3.rel1.linux64_1.0.100.202403111256/tools/bin/../lib/gcc/arm-none-eabi/12.3.1/../../../../arm-none-eabi/lib/thumb/v7e-m+fp/hard/libc_nano.a(libc_a-msizer.o)
                0x08009fa4                _malloc_usable_size_r
 *(.glue_7)
 .glue_7        0x08009fb4        0x0 linker stubs
 *(.glue_7t)
 .glue_7t       0x08009fb4        0x0 linker stubs
 *(.eh_frame)
 .eh_frame      0x08009fb4        0x0 /opt/st/stm32cubeide_1.15.0/plugins/com.st.stm32cube.ide.mcu.externaltools.gnu-tools-for-stm32.12.3.rel1.linux64_1.0.100.202403111256/tools/bin/../lib/gcc/arm-none-eabi/12.3.1/thumb/v7e-m+fp/hard/crtbegin.o
 *(.init)
 .init          0x08009fb4        0x4 /opt/st/stm32cubeide_1.15.0/plugins/com.st.stm32cube.ide.mcu.externaltools.gnu-tools-for-stm32.12.3.rel1.linux64_1.0.100.202403111256/tools/bin/../lib/gcc/arm-none-eabi/12.3.1/thumb/v7e-m+fp/hard/crti.o
                0x08009fb4                _init
 .init          0x08009fb8        0x8 /opt/st/stm32cubeide_1.15.0/plugins/com.st.stm32cube.ide.mcu.externaltools.gnu-tools-for-stm32.12.3.rel1.linux64_1.0.100.202403111256/tools/bin/../lib/gcc/arm-none-eabi/12.3.1/thumb/v7e-m+fp/hard/crtn.o
 *(.fini)
 .fini          0x08009fc0        0x4 /opt/st/stm32cubeide_1.15.0/plugins/com.st.stm32cube.ide.mcu.externaltools.gnu-tools-for-stm32.12.3.rel1.linux64_1.0.100.202403111256/tools/bin/../lib/gcc/arm-none-eabi/12.3.1/thumb/v7e-m+fp/hard/crti.o
                0x08009fc0                _fini
 .fini          0x08009fc4        0x8 /opt/st/stm32cubeide_1.15.0/plugins/com.st.stm32cube.ide.mcu.externaltools.gnu-tools-for-stm32.12.3.rel1.linux64_1.0.100.202403111256/tools/bin/../lib/gcc/arm-none-eabi/12.3.1/thumb/v7e-m+fp/hard/crtn.o
                0x08009fcc                        . = ALIGN (0x4)
                0x08009fcc                        _etext = .

.vfp11_veneer   0x08009fcc        0x0
 .vfp11_veneer  0x08009fcc        0x0 linker stubs

.v4_bx          0x08009fcc        0x0
 .v4_bx         0x08009fcc        0x0 linker stubs

.iplt           0x08009fcc        0x0
 .iplt          0x08009fcc        0x0 /opt/st/stm32cubeide_1.15.0/plugins/com.st.stm32cube.ide.mcu.externaltools.gnu-tools-for-stm32.12.3.rel1.linux64_1.0.100.202403111256/tools/bin/../lib/gcc/arm-none-eabi/12.3.1/thumb/v7e-m+fp/hard/crtbegin.o

.rodata         0x08009fcc      0xad0
                0x08009fcc                        . = ALIGN (0x4)
 *(.rodata)
 .rodata        0x08009fcc      0x222 ./Core/Src/AccManager/AccManager.o
 *fill*         0x0800a1ee        0x2 
 .rodata        0x0800a1f0      0x2e5 ./Core/Src/LedManager/LedManager.o
 *fill*         0x0800a4d5        0x3 
 .rodata        0x0800a4d8      0x2d1 ./Core/Src/RtcManager/RtcManager.o
 *fill*         0x0800a7a9        0x3 
 .rodata        0x0800a7ac      0x12c ./Core/Src/UartManager/UartManager.o
 .rodata        0x0800a8d8       0x5e ./Core/Src/main.o
 *fill*         0x0800a936        0x2 
 .rodata        0x0800a938        0x5 ./ThirdParty/FreeRTOS/tasks.o
 *fill*         0x0800a93d        0x3 
 .rodata        0x0800a940        0xd ./ThirdParty/FreeRTOS/timers.o
 *(.rodata*)
 *fill*         0x0800a94d        0x3 
 .rodata.AHBPrescTable
                0x0800a950       0x10 ./Core/Src/system_stm32f4xx.o
                0x0800a950                AHBPrescTable
 .rodata.APBPrescTable
                0x0800a960        0x8 ./Core/Src/system_stm32f4xx.o
                0x0800a960                APBPrescTable
 .rodata._ctype_
                0x0800a968      0x101 /opt/st/stm32cubeide_1.15.0/plugins/com.st.stm32cube.ide.mcu.externaltools.gnu-tools-for-stm32.12.3.rel1.linux64_1.0.100.202403111256/tools/bin/../lib/gcc/arm-none-eabi/12.3.1/../../../../arm-none-eabi/lib/thumb/v7e-m+fp/hard/libc_nano.a(libc_a-ctype_.o)
                0x0800a968                _ctype_
 .rodata._svfprintf_r.str1.1
                0x0800aa69       0x11 /opt/st/stm32cubeide_1.15.0/plugins/com.st.stm32cube.ide.mcu.externaltools.gnu-tools-for-stm32.12.3.rel1.linux64_1.0.100.202403111256/tools/bin/../lib/gcc/arm-none-eabi/12.3.1/../../../../arm-none-eabi/lib/thumb/v7e-m+fp/hard/libc_nano.a(libc_a-nano-svfprintf.o)
 .rodata._printf_i.str1.1
                0x0800aa7a       0x22 /opt/st/stm32cubeide_1.15.0/plugins/com.st.stm32cube.ide.mcu.externaltools.gnu-tools-for-stm32.12.3.rel1.linux64_1.0.100.202403111256/tools/bin/../lib/gcc/arm-none-eabi/12.3.1/../../../../arm-none-eabi/lib/thumb/v7e-m+fp/hard/libc_nano.a(libc_a-nano-vfprintf_i.o)
                0x0800aa9c                        . = ALIGN (0x4)

.ARM.extab      0x0800aa9c        0x0
                0x0800aa9c                        . = ALIGN (0x4)
 *(.ARM.extab* .gnu.linkonce.armextab.*)
                0x0800aa9c                        . = ALIGN (0x4)

.ARM            0x0800aa9c        0x8
                0x0800aa9c                        . = ALIGN (0x4)
                0x0800aa9c                        __exidx_start = .
 *(.ARM.exidx*)
 .ARM.exidx     0x0800aa9c        0x8 /opt/st/stm32cubeide_1.15.0/plugins/com.st.stm32cube.ide.mcu.externaltools.gnu-tools-for-stm32.12.3.rel1.linux64_1.0.100.202403111256/tools/bin/../lib/gcc/arm-none-eabi/12.3.1/../../../../arm-none-eabi/lib/thumb/v7e-m+fp/hard/libc_nano.a(libc_a-strcmp.o)
 .ARM.exidx     0x0800aaa4        0x0 /opt/st/stm32cubeide_1.15.0/plugins/com.st.stm32cube.ide.mcu.externaltools.gnu-tools-for-stm32.12.3.rel1.linux64_1.0.100.202403111256/tools/bin/../lib/gcc/arm-none-eabi/12.3.1/../../../../arm-none-eabi/lib/thumb/v7e-m+fp/hard/libc_nano.a(libc_a-strlen.o)
                                  0x8 (size before relaxing)
 .ARM.exidx     0x0800aaa4        0x0 /opt/st/stm32cubeide_1.15.0/plugins/com.st.stm32cube.ide.mcu.externaltools.gnu-tools-for-stm32.12.3.rel1.linux64_1.0.100.202403111256/tools/bin/../lib/gcc/arm-none-eabi/12.3.1/../../../../arm-none-eabi/lib/thumb/v7e-m+fp/hard/libc_nano.a(libc_a-memchr.o)
                                  0x8 (size before relaxing)
 .ARM.exidx     0x0800aaa4        0x0 /opt/st/stm32cubeide_1.15.0/plugins/com.st.stm32cube.ide.mcu.externaltools.gnu-tools-for-stm32.12.3.rel1.linux64_1.0.100.202403111256/tools/bin/../lib/gcc/arm-none-eabi/12.3.1/thumb/v7e-m+fp/hard/libgcc.a(_udivmoddi4.o)
                                  0x8 (size before relaxing)
                0x0800aaa4                        __exidx_end = .
                0x0800aaa4                        . = ALIGN (0x4)

.preinit_array  0x0800aaa4        0x0
                0x0800aaa4                        . = ALIGN (0x4)
                0x0800aaa4                        PROVIDE (__preinit_array_start = .)
 *(.preinit_array*)
                0x0800aaa4                        PROVIDE (__preinit_array_end = .)
                0x0800aaa4                        . = ALIGN (0x4)

.init_array     0x0800aaa4        0x4
                0x0800aaa4                        . = ALIGN (0x4)
                0x0800aaa4                        PROVIDE (__init_array_start = .)
 *(SORT_BY_NAME(.init_array.*))
 *(.init_array*)
 .init_array    0x0800aaa4        0x4 /opt/st/stm32cubeide_1.15.0/plugins/com.st.stm32cube.ide.mcu.externaltools.gnu-tools-for-stm32.12.3.rel1.linux64_1.0.100.202403111256/tools/bin/../lib/gcc/arm-none-eabi/12.3.1/thumb/v7e-m+fp/hard/crtbegin.o
                0x0800aaa8                        PROVIDE (__init_array_end = .)
                0x0800aaa8                        . = ALIGN (0x4)

.fini_array     0x0800aaa8        0x4
                0x0800aaa8                        . = ALIGN (0x4)
                [!provide]                        PROVIDE (__fini_array_start = .)
 *(SORT_BY_NAME(.fini_array.*))
 *(.fini_array*)
 .fini_array    0x0800aaa8        0x4 /opt/st/stm32cubeide_1.15.0/plugins/com.st.stm32cube.ide.mcu.externaltools.gnu-tools-for-stm32.12.3.rel1.linux64_1.0.100.202403111256/tools/bin/../lib/gcc/arm-none-eabi/12.3.1/thumb/v7e-m+fp/hard/crtbegin.o
                [!provide]                        PROVIDE (__fini_array_end = .)
                0x0800aaac                        . = ALIGN (0x4)
                0x0800aaac                        _sidata = LOADADDR (.data)

.rel.dyn        0x0800aaac        0x0
 .rel.iplt      0x0800aaac        0x0 /opt/st/stm32cubeide_1.15.0/plugins/com.st.stm32cube.ide.mcu.externaltools.gnu-tools-for-stm32.12.3.rel1.linux64_1.0.100.202403111256/tools/bin/../lib/gcc/arm-none-eabi/12.3.1/thumb/v7e-m+fp/hard/crtbegin.o

.data           0x20000000       0xcc load address 0x0800aaac
                0x20000000                        . = ALIGN (0x4)
                0x20000000                        _sdata = .
 *(.data)
 *(.data*)
 .data.msg_inv_acc
                0x20000000        0x4 ./Core/Src/AccManager/AccManager.o
                0x20000000                msg_inv_acc
 .data.msg_acc_menu
                0x20000004        0x4 ./Core/Src/AccManager/AccManager.o
                0x20000004                msg_acc_menu
 .data.acc.0    0x20000008        0x4 ./Core/Src/AccManager/AccManager.o
 .data.msg_inv_led
                0x2000000c        0x4 ./Core/Src/LedManager/LedManager.o
                0x2000000c                msg_inv_led
 .data.msg_no_active_effect
                0x20000010        0x4 ./Core/Src/LedManager/LedManager.o
                0x20000010                msg_no_active_effect
 .data.msg_err_freq
                0x20000014        0x4 ./Core/Src/LedManager/LedManager.o
                0x20000014                msg_err_freq
 .data.msg_inv_freq
                0x20000018        0x4 ./Core/Src/LedManager/LedManager.o
                0x20000018                msg_inv_freq
 .data.msg_led_menu
                0x2000001c        0x4 ./Core/Src/LedManager/LedManager.o
                0x2000001c                msg_led_menu
 .data.curr_led_state
                0x20000020        0x1 ./Core/Src/LedManager/LedManager.o
                0x20000020                curr_led_state
 *fill*         0x20000021        0x3 
 .data.flag.1   0x20000024        0x4 ./Core/Src/LedManager/LedManager.o
 .data.msg_inv_rtc
                0x20000028        0x4 ./Core/Src/RtcManager/RtcManager.o
                0x20000028                msg_inv_rtc
 .data.msg_conf
                0x2000002c        0x4 ./Core/Src/RtcManager/RtcManager.o
                0x2000002c                msg_conf
 .data.msg_rtc_hh
                0x20000030        0x4 ./Core/Src/RtcManager/RtcManager.o
                0x20000030                msg_rtc_hh
 .data.msg_rtc_mm
                0x20000034        0x4 ./Core/Src/RtcManager/RtcManager.o
                0x20000034                msg_rtc_mm
 .data.msg_rtc_ss
                0x20000038        0x4 ./Core/Src/RtcManager/RtcManager.o
                0x20000038                msg_rtc_ss
 .data.msg_rtc_ampm
                0x2000003c        0x4 ./Core/Src/RtcManager/RtcManager.o
                0x2000003c                msg_rtc_ampm
 .data.msg_rtc_mo
                0x20000040        0x4 ./Core/Src/RtcManager/RtcManager.o
                0x20000040                msg_rtc_mo
 .data.msg_rtc_dd
                0x20000044        0x4 ./Core/Src/RtcManager/RtcManager.o
                0x20000044                msg_rtc_dd
 .data.msg_rtc_yr
                0x20000048        0x4 ./Core/Src/RtcManager/RtcManager.o
                0x20000048                msg_rtc_yr
 .data.msg_rtc_dow
                0x2000004c        0x4 ./Core/Src/RtcManager/RtcManager.o
                0x2000004c                msg_rtc_dow
 .data.msg_rtc_menu_1
                0x20000050        0x4 ./Core/Src/RtcManager/RtcManager.o
                0x20000050                msg_rtc_menu_1
 .data.msg_rtc_menu_2
                0x20000054        0x4 ./Core/Src/RtcManager/RtcManager.o
                0x20000054                msg_rtc_menu_2
 .data.time.2   0x20000058        0x4 ./Core/Src/RtcManager/RtcManager.o
 .data.date.0   0x2000005c        0x4 ./Core/Src/RtcManager/RtcManager.o
 .data.msg_inv_uart
                0x20000060        0x4 ./Core/Src/UartManager/UartManager.o
                0x20000060                msg_inv_uart
 .data.msg_main_menu
                0x20000064        0x4 ./Core/Src/UartManager/UartManager.o
                0x20000064                msg_main_menu
 .data.SystemCoreClock
                0x20000068        0x4 ./Core/Src/system_stm32f4xx.o
                0x20000068                SystemCoreClock
 .data.uwTickPrio
                0x2000006c        0x4 ./Drivers/STM32F4xx_HAL_Driver/Src/stm32f4xx_hal.o
                0x2000006c                uwTickPrio
 .data.uwTickFreq
                0x20000070        0x1 ./Drivers/STM32F4xx_HAL_Driver/Src/stm32f4xx_hal.o
                0x20000070                uwTickFreq
 *fill*         0x20000071        0x3 
 .data.uxTopUsedPriority
                0x20000074        0x4 ./ThirdParty/FreeRTOS/tasks.o
                0x20000074                uxTopUsedPriority
 .data.uxCriticalNesting
                0x20000078        0x4 ./ThirdParty/FreeRTOS/portable/GCC/ARM_CM4F/port.o
 .data._impure_ptr
                0x2000007c        0x4 /opt/st/stm32cubeide_1.15.0/plugins/com.st.stm32cube.ide.mcu.externaltools.gnu-tools-for-stm32.12.3.rel1.linux64_1.0.100.202403111256/tools/bin/../lib/gcc/arm-none-eabi/12.3.1/../../../../arm-none-eabi/lib/thumb/v7e-m+fp/hard/libc_nano.a(libc_a-impure.o)
                0x2000007c                _impure_ptr
 .data._impure_data
                0x20000080       0x4c /opt/st/stm32cubeide_1.15.0/plugins/com.st.stm32cube.ide.mcu.externaltools.gnu-tools-for-stm32.12.3.rel1.linux64_1.0.100.202403111256/tools/bin/../lib/gcc/arm-none-eabi/12.3.1/../../../../arm-none-eabi/lib/thumb/v7e-m+fp/hard/libc_nano.a(libc_a-impure.o)
                0x20000080                _impure_data
 *(.RamFunc)
 *(.RamFunc*)
                0x200000cc                        . = ALIGN (0x4)
                0x200000cc                        _edata = .
                0x0800ab78                        _siccmram = LOADADDR (.ccmram)

.igot.plt       0x200000cc        0x0 load address 0x0800ab78
 .igot.plt      0x200000cc        0x0 /opt/st/stm32cubeide_1.15.0/plugins/com.st.stm32cube.ide.mcu.externaltools.gnu-tools-for-stm32.12.3.rel1.linux64_1.0.100.202403111256/tools/bin/../lib/gcc/arm-none-eabi/12.3.1/thumb/v7e-m+fp/hard/crtbegin.o

.ccmram         0x10000000        0x0 load address 0x0800ab78
                0x10000000                        . = ALIGN (0x4)
                0x10000000                        _sccmram = .
 *(.ccmram)
 *(.ccmram*)
                0x10000000                        . = ALIGN (0x4)
                0x10000000                        _eccmram = .
                0x10000000                        . = ALIGN (0x4)

.bss            0x200000cc    0x19510
                0x200000cc                        _sbss = .
                0x200000cc                        __bss_start__ = _sbss
 *(.bss)
 .bss           0x200000cc       0x1c /opt/st/stm32cubeide_1.15.0/plugins/com.st.stm32cube.ide.mcu.externaltools.gnu-tools-for-stm32.12.3.rel1.linux64_1.0.100.202403111256/tools/bin/../lib/gcc/arm-none-eabi/12.3.1/thumb/v7e-m+fp/hard/crtbegin.o
 *(.bss*)
 .bss.showacc.1
                0x200000e8       0x50 ./Core/Src/AccManager/AccManager.o
 .bss.i.0       0x20000138        0x4 ./Core/Src/LedManager/LedManager.o
 .bss.curr_rtc_state
                0x2000013c        0x4 ./Core/Src/RtcManager/RtcManager.o
 .bss.time      0x20000140       0x14 ./Core/Src/RtcManager/RtcManager.o
                0x20000140                time
 .bss.date      0x20000154        0x4 ./Core/Src/RtcManager/RtcManager.o
                0x20000154                date
 .bss.showtime.3
                0x20000158       0x28 ./Core/Src/RtcManager/RtcManager.o
 .bss.showdate.1
                0x20000180       0x28 ./Core/Src/RtcManager/RtcManager.o
 .bss.hrtc      0x200001a8       0x20 ./Core/Src/main.o
                0x200001a8                hrtc
 .bss.hspi1     0x200001c8       0x58 ./Core/Src/main.o
                0x200001c8                hspi1
 .bss.huart2    0x20000220       0x48 ./Core/Src/main.o
                0x20000220                huart2
 .bss.handle_main_menu_task
                0x20000268        0x4 ./Core/Src/main.o
                0x20000268                handle_main_menu_task
 .bss.handle_message_handler_task
                0x2000026c        0x4 ./Core/Src/main.o
                0x2000026c                handle_message_handler_task
 .bss.handle_print_task
                0x20000270        0x4 ./Core/Src/main.o
                0x20000270                handle_print_task
 .bss.handle_led_task
                0x20000274        0x4 ./Core/Src/main.o
                0x20000274                handle_led_task
 .bss.handle_rtc_task
                0x20000278        0x4 ./Core/Src/main.o
                0x20000278                handle_rtc_task
 .bss.handle_acc_task
                0x2000027c        0x4 ./Core/Src/main.o
                0x2000027c                handle_acc_task
 .bss.q_print   0x20000280        0x4 ./Core/Src/main.o
                0x20000280                q_print
 .bss.q_data    0x20000284        0x4 ./Core/Src/main.o
                0x20000284                q_data
 .bss.handle_led_timer
                0x20000288       0x10 ./Core/Src/main.o
                0x20000288                handle_led_timer
 .bss.user_data
                0x20000298        0x1 ./Core/Src/main.o
                0x20000298                user_data
 .bss.curr_sys_state
                0x20000299        0x1 ./Core/Src/main.o
                0x20000299                curr_sys_state
 *fill*         0x2000029a        0x2 
 .bss.htim6     0x2000029c       0x48 ./Core/Src/stm32f4xx_hal_timebase_tim.o
                0x2000029c                htim6
 .bss.__sbrk_heap_end
                0x200002e4        0x4 ./Core/Src/sysmem.o
 .bss.uwTick    0x200002e8        0x4 ./Drivers/STM32F4xx_HAL_Driver/Src/stm32f4xx_hal.o
                0x200002e8                uwTick
 .bss.xQueueRegistry
                0x200002ec       0x40 ./ThirdParty/FreeRTOS/queue.o
                0x200002ec                xQueueRegistry
 .bss.pxCurrentTCB
                0x2000032c        0x4 ./ThirdParty/FreeRTOS/tasks.o
                0x2000032c                pxCurrentTCB
 .bss.pxReadyTasksLists
                0x20000330       0x64 ./ThirdParty/FreeRTOS/tasks.o
 .bss.xDelayedTaskList1
                0x20000394       0x14 ./ThirdParty/FreeRTOS/tasks.o
 .bss.xDelayedTaskList2
                0x200003a8       0x14 ./ThirdParty/FreeRTOS/tasks.o
 .bss.pxDelayedTaskList
                0x200003bc        0x4 ./ThirdParty/FreeRTOS/tasks.o
 .bss.pxOverflowDelayedTaskList
                0x200003c0        0x4 ./ThirdParty/FreeRTOS/tasks.o
 .bss.xPendingReadyList
                0x200003c4       0x14 ./ThirdParty/FreeRTOS/tasks.o
 .bss.xTasksWaitingTermination
                0x200003d8       0x14 ./ThirdParty/FreeRTOS/tasks.o
 .bss.uxDeletedTasksWaitingCleanUp
                0x200003ec        0x4 ./ThirdParty/FreeRTOS/tasks.o
 .bss.xSuspendedTaskList
                0x200003f0       0x14 ./ThirdParty/FreeRTOS/tasks.o
 .bss.uxCurrentNumberOfTasks
                0x20000404        0x4 ./ThirdParty/FreeRTOS/tasks.o
 .bss.xTickCount
                0x20000408        0x4 ./ThirdParty/FreeRTOS/tasks.o
 .bss.uxTopReadyPriority
                0x2000040c        0x4 ./ThirdParty/FreeRTOS/tasks.o
 .bss.xSchedulerRunning
                0x20000410        0x4 ./ThirdParty/FreeRTOS/tasks.o
 .bss.xPendedTicks
                0x20000414        0x4 ./ThirdParty/FreeRTOS/tasks.o
 .bss.xYieldPending
                0x20000418        0x4 ./ThirdParty/FreeRTOS/tasks.o
 .bss.xNumOfOverflows
                0x2000041c        0x4 ./ThirdParty/FreeRTOS/tasks.o
 .bss.uxTaskNumber
                0x20000420        0x4 ./ThirdParty/FreeRTOS/tasks.o
 .bss.xNextTaskUnblockTime
                0x20000424        0x4 ./ThirdParty/FreeRTOS/tasks.o
 .bss.xIdleTaskHandle
                0x20000428        0x4 ./ThirdParty/FreeRTOS/tasks.o
 .bss.uxSchedulerSuspended
                0x2000042c        0x4 ./ThirdParty/FreeRTOS/tasks.o
 .bss.xActiveTimerList1
                0x20000430       0x14 ./ThirdParty/FreeRTOS/timers.o
 .bss.xActiveTimerList2
                0x20000444       0x14 ./ThirdParty/FreeRTOS/timers.o
 .bss.pxCurrentTimerList
                0x20000458        0x4 ./ThirdParty/FreeRTOS/timers.o
 .bss.pxOverflowTimerList
                0x2000045c        0x4 ./ThirdParty/FreeRTOS/timers.o
 .bss.xTimerQueue
                0x20000460        0x4 ./ThirdParty/FreeRTOS/timers.o
 .bss.xTimerTaskHandle
                0x20000464        0x4 ./ThirdParty/FreeRTOS/timers.o
 .bss.xLastTime.0
                0x20000468        0x4 ./ThirdParty/FreeRTOS/timers.o
 .bss.ucMaxSysCallPriority
                0x2000046c        0x1 ./ThirdParty/FreeRTOS/portable/GCC/ARM_CM4F/port.o
 *fill*         0x2000046d        0x3 
 .bss.ulMaxPRIGROUPValue
                0x20000470        0x4 ./ThirdParty/FreeRTOS/portable/GCC/ARM_CM4F/port.o
 .bss.ucHeap    0x20000474    0x19000 ./ThirdParty/FreeRTOS/portable/MemMang/heap_4.o
 .bss.xStart    0x20019474        0x8 ./ThirdParty/FreeRTOS/portable/MemMang/heap_4.o
 .bss.pxEnd     0x2001947c        0x4 ./ThirdParty/FreeRTOS/portable/MemMang/heap_4.o
 .bss.xFreeBytesRemaining
                0x20019480        0x4 ./ThirdParty/FreeRTOS/portable/MemMang/heap_4.o
 .bss.xMinimumEverFreeBytesRemaining
                0x20019484        0x4 ./ThirdParty/FreeRTOS/portable/MemMang/heap_4.o
 .bss.xNumberOfSuccessfulAllocations
                0x20019488        0x4 ./ThirdParty/FreeRTOS/portable/MemMang/heap_4.o
 .bss.xNumberOfSuccessfulFrees
                0x2001948c        0x4 ./ThirdParty/FreeRTOS/portable/MemMang/heap_4.o
 .bss.xBlockAllocatedBit
                0x20019490        0x4 ./ThirdParty/FreeRTOS/portable/MemMang/heap_4.o
 .bss.__sf      0x20019494      0x138 /opt/st/stm32cubeide_1.15.0/plugins/com.st.stm32cube.ide.mcu.externaltools.gnu-tools-for-stm32.12.3.rel1.linux64_1.0.100.202403111256/tools/bin/../lib/gcc/arm-none-eabi/12.3.1/../../../../arm-none-eabi/lib/thumb/v7e-m+fp/hard/libc_nano.a(libc_a-findfp.o)
                0x20019494                __sf
 .bss.errno     0x200195cc        0x4 /opt/st/stm32cubeide_1.15.0/plugins/com.st.stm32cube.ide.mcu.externaltools.gnu-tools-for-stm32.12.3.rel1.linux64_1.0.100.202403111256/tools/bin/../lib/gcc/arm-none-eabi/12.3.1/../../../../arm-none-eabi/lib/thumb/v7e-m+fp/hard/libc_nano.a(libc_a-reent.o)
                0x200195cc                errno
 .bss.__lock___malloc_recursive_mutex
                0x200195d0        0x1 /opt/st/stm32cubeide_1.15.0/plugins/com.st.stm32cube.ide.mcu.externaltools.gnu-tools-for-stm32.12.3.rel1.linux64_1.0.100.202403111256/tools/bin/../lib/gcc/arm-none-eabi/12.3.1/../../../../arm-none-eabi/lib/thumb/v7e-m+fp/hard/libc_nano.a(libc_a-lock.o)
                0x200195d0                __lock___malloc_recursive_mutex
 *fill*         0x200195d1        0x3 
 .bss.__malloc_sbrk_start
                0x200195d4        0x4 /opt/st/stm32cubeide_1.15.0/plugins/com.st.stm32cube.ide.mcu.externaltools.gnu-tools-for-stm32.12.3.rel1.linux64_1.0.100.202403111256/tools/bin/../lib/gcc/arm-none-eabi/12.3.1/../../../../arm-none-eabi/lib/thumb/v7e-m+fp/hard/libc_nano.a(libc_a-mallocr.o)
                0x200195d4                __malloc_sbrk_start
 .bss.__malloc_free_list
                0x200195d8        0x4 /opt/st/stm32cubeide_1.15.0/plugins/com.st.stm32cube.ide.mcu.externaltools.gnu-tools-for-stm32.12.3.rel1.linux64_1.0.100.202403111256/tools/bin/../lib/gcc/arm-none-eabi/12.3.1/../../../../arm-none-eabi/lib/thumb/v7e-m+fp/hard/libc_nano.a(libc_a-mallocr.o)
                0x200195d8                __malloc_free_list
 *(COMMON)
                0x200195dc                        . = ALIGN (0x4)
                0x200195dc                        _ebss = .
                0x200195dc                        __bss_end__ = _ebss

._user_heap_stack
                0x200195dc      0x604
                0x200195e0                        . = ALIGN (0x8)
 *fill*         0x200195dc        0x4 
                [!provide]                        PROVIDE (end = .)
                0x200195e0                        PROVIDE (_end = .)
                0x200197e0                        . = (. + _Min_Heap_Size)
 *fill*         0x200195e0      0x200 
                0x20019be0                        . = (. + _Min_Stack_Size)
 *fill*         0x200197e0      0x400 
                0x20019be0                        . = ALIGN (0x8)

/DISCARD/
 libc.a(*)
 libm.a(*)
 libgcc.a(*)

.ARM.attributes
                0x00000000       0x30
 *(.ARM.attributes)
 .ARM.attributes
                0x00000000       0x22 /opt/st/stm32cubeide_1.15.0/plugins/com.st.stm32cube.ide.mcu.externaltools.gnu-tools-for-stm32.12.3.rel1.linux64_1.0.100.202403111256/tools/bin/../lib/gcc/arm-none-eabi/12.3.1/thumb/v7e-m+fp/hard/crti.o
 .ARM.attributes
                0x00000022       0x34 /opt/st/stm32cubeide_1.15.0/plugins/com.st.stm32cube.ide.mcu.externaltools.gnu-tools-for-stm32.12.3.rel1.linux64_1.0.100.202403111256/tools/bin/../lib/gcc/arm-none-eabi/12.3.1/thumb/v7e-m+fp/hard/crtbegin.o
 .ARM.attributes
                0x00000056       0x34 ./Core/Src/AccManager/AccManager.o
 .ARM.attributes
                0x0000008a       0x34 ./Core/Src/LedManager/LedManager.o
 .ARM.attributes
                0x000000be       0x34 ./Core/Src/RtcManager/RtcManager.o
 .ARM.attributes
                0x000000f2       0x34 ./Core/Src/UartManager/UartManager.o
 .ARM.attributes
                0x00000126       0x34 ./Core/Src/main.o
 .ARM.attributes
                0x0000015a       0x34 ./Core/Src/stm32f4xx_hal_msp.o
 .ARM.attributes
                0x0000018e       0x34 ./Core/Src/stm32f4xx_hal_timebase_tim.o
 .ARM.attributes
                0x000001c2       0x34 ./Core/Src/stm32f4xx_it.o
 .ARM.attributes
                0x000001f6       0x34 ./Core/Src/sysmem.o
 .ARM.attributes
                0x0000022a       0x34 ./Core/Src/system_stm32f4xx.o
 .ARM.attributes
                0x0000025e       0x21 ./Core/Startup/startup_stm32f407vgtx.o
 .ARM.attributes
                0x0000027f       0x34 ./Drivers/STM32F4xx_HAL_Driver/Src/stm32f4xx_hal.o
 .ARM.attributes
                0x000002b3       0x34 ./Drivers/STM32F4xx_HAL_Driver/Src/stm32f4xx_hal_cortex.o
 .ARM.attributes
                0x000002e7       0x34 ./Drivers/STM32F4xx_HAL_Driver/Src/stm32f4xx_hal_dma.o
 .ARM.attributes
                0x0000031b       0x34 ./Drivers/STM32F4xx_HAL_Driver/Src/stm32f4xx_hal_gpio.o
 .ARM.attributes
                0x0000034f       0x34 ./Drivers/STM32F4xx_HAL_Driver/Src/stm32f4xx_hal_rcc.o
 .ARM.attributes
                0x00000383       0x34 ./Drivers/STM32F4xx_HAL_Driver/Src/stm32f4xx_hal_rcc_ex.o
 .ARM.attributes
                0x000003b7       0x34 ./Drivers/STM32F4xx_HAL_Driver/Src/stm32f4xx_hal_rtc.o
 .ARM.attributes
                0x000003eb       0x34 ./Drivers/STM32F4xx_HAL_Driver/Src/stm32f4xx_hal_spi.o
 .ARM.attributes
                0x0000041f       0x34 ./Drivers/STM32F4xx_HAL_Driver/Src/stm32f4xx_hal_tim.o
 .ARM.attributes
                0x00000453       0x34 ./Drivers/STM32F4xx_HAL_Driver/Src/stm32f4xx_hal_tim_ex.o
 .ARM.attributes
                0x00000487       0x34 ./Drivers/STM32F4xx_HAL_Driver/Src/stm32f4xx_hal_uart.o
 .ARM.attributes
                0x000004bb       0x34 ./ThirdParty/FreeRTOS/list.o
 .ARM.attributes
                0x000004ef       0x34 ./ThirdParty/FreeRTOS/queue.o
 .ARM.attributes
                0x00000523       0x34 ./ThirdParty/FreeRTOS/tasks.o
 .ARM.attributes
                0x00000557       0x34 ./ThirdParty/FreeRTOS/timers.o
 .ARM.attributes
                0x0000058b       0x34 ./ThirdParty/FreeRTOS/portable/GCC/ARM_CM4F/port.o
 .ARM.attributes
                0x000005bf       0x34 ./ThirdParty/FreeRTOS/portable/MemMang/heap_4.o
 .ARM.attributes
                0x000005f3       0x34 /opt/st/stm32cubeide_1.15.0/plugins/com.st.stm32cube.ide.mcu.externaltools.gnu-tools-for-stm32.12.3.rel1.linux64_1.0.100.202403111256/tools/bin/../lib/gcc/arm-none-eabi/12.3.1/../../../../arm-none-eabi/lib/thumb/v7e-m+fp/hard/libc_nano.a(libc_a-ctype_.o)
 .ARM.attributes
                0x00000627       0x34 /opt/st/stm32cubeide_1.15.0/plugins/com.st.stm32cube.ide.mcu.externaltools.gnu-tools-for-stm32.12.3.rel1.linux64_1.0.100.202403111256/tools/bin/../lib/gcc/arm-none-eabi/12.3.1/../../../../arm-none-eabi/lib/thumb/v7e-m+fp/hard/libc_nano.a(libc_a-findfp.o)
 .ARM.attributes
                0x0000065b       0x34 /opt/st/stm32cubeide_1.15.0/plugins/com.st.stm32cube.ide.mcu.externaltools.gnu-tools-for-stm32.12.3.rel1.linux64_1.0.100.202403111256/tools/bin/../lib/gcc/arm-none-eabi/12.3.1/../../../../arm-none-eabi/lib/thumb/v7e-m+fp/hard/libc_nano.a(libc_a-sprintf.o)
 .ARM.attributes
                0x0000068f       0x34 /opt/st/stm32cubeide_1.15.0/plugins/com.st.stm32cube.ide.mcu.externaltools.gnu-tools-for-stm32.12.3.rel1.linux64_1.0.100.202403111256/tools/bin/../lib/gcc/arm-none-eabi/12.3.1/../../../../arm-none-eabi/lib/thumb/v7e-m+fp/hard/libc_nano.a(libc_a-memset.o)
 .ARM.attributes
                0x000006c3       0x34 /opt/st/stm32cubeide_1.15.0/plugins/com.st.stm32cube.ide.mcu.externaltools.gnu-tools-for-stm32.12.3.rel1.linux64_1.0.100.202403111256/tools/bin/../lib/gcc/arm-none-eabi/12.3.1/../../../../arm-none-eabi/lib/thumb/v7e-m+fp/hard/libc_nano.a(libc_a-reent.o)
 .ARM.attributes
                0x000006f7       0x34 /opt/st/stm32cubeide_1.15.0/plugins/com.st.stm32cube.ide.mcu.externaltools.gnu-tools-for-stm32.12.3.rel1.linux64_1.0.100.202403111256/tools/bin/../lib/gcc/arm-none-eabi/12.3.1/../../../../arm-none-eabi/lib/thumb/v7e-m+fp/hard/libc_nano.a(libc_a-impure.o)
 .ARM.attributes
                0x0000072b       0x34 /opt/st/stm32cubeide_1.15.0/plugins/com.st.stm32cube.ide.mcu.externaltools.gnu-tools-for-stm32.12.3.rel1.linux64_1.0.100.202403111256/tools/bin/../lib/gcc/arm-none-eabi/12.3.1/../../../../arm-none-eabi/lib/thumb/v7e-m+fp/hard/libc_nano.a(libc_a-errno.o)
 .ARM.attributes
                0x0000075f       0x34 /opt/st/stm32cubeide_1.15.0/plugins/com.st.stm32cube.ide.mcu.externaltools.gnu-tools-for-stm32.12.3.rel1.linux64_1.0.100.202403111256/tools/bin/../lib/gcc/arm-none-eabi/12.3.1/../../../../arm-none-eabi/lib/thumb/v7e-m+fp/hard/libc_nano.a(libc_a-init.o)
 .ARM.attributes
                0x00000793       0x34 /opt/st/stm32cubeide_1.15.0/plugins/com.st.stm32cube.ide.mcu.externaltools.gnu-tools-for-stm32.12.3.rel1.linux64_1.0.100.202403111256/tools/bin/../lib/gcc/arm-none-eabi/12.3.1/../../../../arm-none-eabi/lib/thumb/v7e-m+fp/hard/libc_nano.a(libc_a-lock.o)
 .ARM.attributes
                0x000007c7       0x20 /opt/st/stm32cubeide_1.15.0/plugins/com.st.stm32cube.ide.mcu.externaltools.gnu-tools-for-stm32.12.3.rel1.linux64_1.0.100.202403111256/tools/bin/../lib/gcc/arm-none-eabi/12.3.1/../../../../arm-none-eabi/lib/thumb/v7e-m+fp/hard/libc_nano.a(libc_a-strcmp.o)
 .ARM.attributes
                0x000007e7       0x34 /opt/st/stm32cubeide_1.15.0/plugins/com.st.stm32cube.ide.mcu.externaltools.gnu-tools-for-stm32.12.3.rel1.linux64_1.0.100.202403111256/tools/bin/../lib/gcc/arm-none-eabi/12.3.1/../../../../arm-none-eabi/lib/thumb/v7e-m+fp/hard/libc_nano.a(libc_a-memcpy-stub.o)
 .ARM.attributes
                0x0000081b       0x17 /opt/st/stm32cubeide_1.15.0/plugins/com.st.stm32cube.ide.mcu.externaltools.gnu-tools-for-stm32.12.3.rel1.linux64_1.0.100.202403111256/tools/bin/../lib/gcc/arm-none-eabi/12.3.1/../../../../arm-none-eabi/lib/thumb/v7e-m+fp/hard/libc_nano.a(libc_a-strlen.o)
 .ARM.attributes
                0x00000832       0x34 /opt/st/stm32cubeide_1.15.0/plugins/com.st.stm32cube.ide.mcu.externaltools.gnu-tools-for-stm32.12.3.rel1.linux64_1.0.100.202403111256/tools/bin/../lib/gcc/arm-none-eabi/12.3.1/../../../../arm-none-eabi/lib/thumb/v7e-m+fp/hard/libc_nano.a(libc_a-freer.o)
 .ARM.attributes
                0x00000866       0x34 /opt/st/stm32cubeide_1.15.0/plugins/com.st.stm32cube.ide.mcu.externaltools.gnu-tools-for-stm32.12.3.rel1.linux64_1.0.100.202403111256/tools/bin/../lib/gcc/arm-none-eabi/12.3.1/../../../../arm-none-eabi/lib/thumb/v7e-m+fp/hard/libc_nano.a(libc_a-mallocr.o)
 .ARM.attributes
                0x0000089a       0x34 /opt/st/stm32cubeide_1.15.0/plugins/com.st.stm32cube.ide.mcu.externaltools.gnu-tools-for-stm32.12.3.rel1.linux64_1.0.100.202403111256/tools/bin/../lib/gcc/arm-none-eabi/12.3.1/../../../../arm-none-eabi/lib/thumb/v7e-m+fp/hard/libc_nano.a(libc_a-mlock.o)
 .ARM.attributes
                0x000008ce       0x34 /opt/st/stm32cubeide_1.15.0/plugins/com.st.stm32cube.ide.mcu.externaltools.gnu-tools-for-stm32.12.3.rel1.linux64_1.0.100.202403111256/tools/bin/../lib/gcc/arm-none-eabi/12.3.1/../../../../arm-none-eabi/lib/thumb/v7e-m+fp/hard/libc_nano.a(libc_a-nano-svfprintf.o)
 .ARM.attributes
                0x00000902       0x34 /opt/st/stm32cubeide_1.15.0/plugins/com.st.stm32cube.ide.mcu.externaltools.gnu-tools-for-stm32.12.3.rel1.linux64_1.0.100.202403111256/tools/bin/../lib/gcc/arm-none-eabi/12.3.1/../../../../arm-none-eabi/lib/thumb/v7e-m+fp/hard/libc_nano.a(libc_a-nano-vfprintf_i.o)
 .ARM.attributes
                0x00000936       0x34 /opt/st/stm32cubeide_1.15.0/plugins/com.st.stm32cube.ide.mcu.externaltools.gnu-tools-for-stm32.12.3.rel1.linux64_1.0.100.202403111256/tools/bin/../lib/gcc/arm-none-eabi/12.3.1/../../../../arm-none-eabi/lib/thumb/v7e-m+fp/hard/libc_nano.a(libc_a-memmove.o)
 .ARM.attributes
                0x0000096a       0x34 /opt/st/stm32cubeide_1.15.0/plugins/com.st.stm32cube.ide.mcu.externaltools.gnu-tools-for-stm32.12.3.rel1.linux64_1.0.100.202403111256/tools/bin/../lib/gcc/arm-none-eabi/12.3.1/../../../../arm-none-eabi/lib/thumb/v7e-m+fp/hard/libc_nano.a(libc_a-sbrkr.o)
 .ARM.attributes
                0x0000099e       0x1c /opt/st/stm32cubeide_1.15.0/plugins/com.st.stm32cube.ide.mcu.externaltools.gnu-tools-for-stm32.12.3.rel1.linux64_1.0.100.202403111256/tools/bin/../lib/gcc/arm-none-eabi/12.3.1/../../../../arm-none-eabi/lib/thumb/v7e-m+fp/hard/libc_nano.a(libc_a-memchr.o)
 .ARM.attributes
                0x000009ba       0x34 /opt/st/stm32cubeide_1.15.0/plugins/com.st.stm32cube.ide.mcu.externaltools.gnu-tools-for-stm32.12.3.rel1.linux64_1.0.100.202403111256/tools/bin/../lib/gcc/arm-none-eabi/12.3.1/../../../../arm-none-eabi/lib/thumb/v7e-m+fp/hard/libc_nano.a(libc_a-reallocr.o)
 .ARM.attributes
                0x000009ee       0x34 /opt/st/stm32cubeide_1.15.0/plugins/com.st.stm32cube.ide.mcu.externaltools.gnu-tools-for-stm32.12.3.rel1.linux64_1.0.100.202403111256/tools/bin/../lib/gcc/arm-none-eabi/12.3.1/../../../../arm-none-eabi/lib/thumb/v7e-m+fp/hard/libc_nano.a(libc_a-msizer.o)
 .ARM.attributes
                0x00000a22       0x22 /opt/st/stm32cubeide_1.15.0/plugins/com.st.stm32cube.ide.mcu.externaltools.gnu-tools-for-stm32.12.3.rel1.linux64_1.0.100.202403111256/tools/bin/../lib/gcc/arm-none-eabi/12.3.1/thumb/v7e-m+fp/hard/libgcc.a(_arm_addsubdf3.o)
 .ARM.attributes
                0x00000a44       0x22 /opt/st/stm32cubeide_1.15.0/plugins/com.st.stm32cube.ide.mcu.externaltools.gnu-tools-for-stm32.12.3.rel1.linux64_1.0.100.202403111256/tools/bin/../lib/gcc/arm-none-eabi/12.3.1/thumb/v7e-m+fp/hard/libgcc.a(_arm_muldivdf3.o)
 .ARM.attributes
                0x00000a66       0x22 /opt/st/stm32cubeide_1.15.0/plugins/com.st.stm32cube.ide.mcu.externaltools.gnu-tools-for-stm32.12.3.rel1.linux64_1.0.100.202403111256/tools/bin/../lib/gcc/arm-none-eabi/12.3.1/thumb/v7e-m+fp/hard/libgcc.a(_arm_fixdfsi.o)
 .ARM.attributes
                0x00000a88       0x22 /opt/st/stm32cubeide_1.15.0/plugins/com.st.stm32cube.ide.mcu.externaltools.gnu-tools-for-stm32.12.3.rel1.linux64_1.0.100.202403111256/tools/bin/../lib/gcc/arm-none-eabi/12.3.1/thumb/v7e-m+fp/hard/libgcc.a(_aeabi_uldivmod.o)
 .ARM.attributes
                0x00000aaa       0x34 /opt/st/stm32cubeide_1.15.0/plugins/com.st.stm32cube.ide.mcu.externaltools.gnu-tools-for-stm32.12.3.rel1.linux64_1.0.100.202403111256/tools/bin/../lib/gcc/arm-none-eabi/12.3.1/thumb/v7e-m+fp/hard/libgcc.a(_udivmoddi4.o)
 .ARM.attributes
                0x00000ade       0x22 /opt/st/stm32cubeide_1.15.0/plugins/com.st.stm32cube.ide.mcu.externaltools.gnu-tools-for-stm32.12.3.rel1.linux64_1.0.100.202403111256/tools/bin/../lib/gcc/arm-none-eabi/12.3.1/thumb/v7e-m+fp/hard/libgcc.a(_dvmd_tls.o)
 .ARM.attributes
                0x00000b00       0x22 /opt/st/stm32cubeide_1.15.0/plugins/com.st.stm32cube.ide.mcu.externaltools.gnu-tools-for-stm32.12.3.rel1.linux64_1.0.100.202403111256/tools/bin/../lib/gcc/arm-none-eabi/12.3.1/thumb/v7e-m+fp/hard/crtn.o
OUTPUT(FreeRTOSDemoProject.elf elf32-littlearm)
LOAD linker stubs
LOAD /opt/st/stm32cubeide_1.15.0/plugins/com.st.stm32cube.ide.mcu.externaltools.gnu-tools-for-stm32.12.3.rel1.linux64_1.0.100.202403111256/tools/bin/../lib/gcc/arm-none-eabi/12.3.1/../../../../arm-none-eabi/lib/thumb/v7e-m+fp/hard/libc.a
LOAD /opt/st/stm32cubeide_1.15.0/plugins/com.st.stm32cube.ide.mcu.externaltools.gnu-tools-for-stm32.12.3.rel1.linux64_1.0.100.202403111256/tools/bin/../lib/gcc/arm-none-eabi/12.3.1/../../../../arm-none-eabi/lib/thumb/v7e-m+fp/hard/libm.a
LOAD /opt/st/stm32cubeide_1.15.0/plugins/com.st.stm32cube.ide.mcu.externaltools.gnu-tools-for-stm32.12.3.rel1.linux64_1.0.100.202403111256/tools/bin/../lib/gcc/arm-none-eabi/12.3.1/thumb/v7e-m+fp/hard/libgcc.a

.debug_info     0x00000000    0x18bb1
 .debug_info    0x00000000      0xbf4 ./Core/Src/AccManager/AccManager.o
 .debug_info    0x00000bf4      0x7af ./Core/Src/LedManager/LedManager.o
 .debug_info    0x000013a3      0xac8 ./Core/Src/RtcManager/RtcManager.o
 .debug_info    0x00001e6b      0x999 ./Core/Src/UartManager/UartManager.o
 .debug_info    0x00002804     0x1b3e ./Core/Src/main.o
 .debug_info    0x00004342     0x1315 ./Core/Src/stm32f4xx_hal_msp.o
 .debug_info    0x00005657      0xbee ./Core/Src/stm32f4xx_hal_timebase_tim.o
 .debug_info    0x00006245      0x95c ./Core/Src/stm32f4xx_it.o
 .debug_info    0x00006ba1      0x168 ./Core/Src/sysmem.o
 .debug_info    0x00006d09      0x512 ./Core/Src/system_stm32f4xx.o
 .debug_info    0x0000721b       0x30 ./Core/Startup/startup_stm32f407vgtx.o
 .debug_info    0x0000724b      0x944 ./Drivers/STM32F4xx_HAL_Driver/Src/stm32f4xx_hal.o
 .debug_info    0x00007b8f      0xd57 ./Drivers/STM32F4xx_HAL_Driver/Src/stm32f4xx_hal_cortex.o
 .debug_info    0x000088e6      0x8e7 ./Drivers/STM32F4xx_HAL_Driver/Src/stm32f4xx_hal_dma.o
 .debug_info    0x000091cd      0x6c3 ./Drivers/STM32F4xx_HAL_Driver/Src/stm32f4xx_hal_gpio.o
 .debug_info    0x00009890      0x8b1 ./Drivers/STM32F4xx_HAL_Driver/Src/stm32f4xx_hal_rcc.o
 .debug_info    0x0000a141      0x53a ./Drivers/STM32F4xx_HAL_Driver/Src/stm32f4xx_hal_rcc_ex.o
 .debug_info    0x0000a67b      0xc20 ./Drivers/STM32F4xx_HAL_Driver/Src/stm32f4xx_hal_rtc.o
 .debug_info    0x0000b29b     0x15fb ./Drivers/STM32F4xx_HAL_Driver/Src/stm32f4xx_hal_spi.o
 .debug_info    0x0000c896     0x299d ./Drivers/STM32F4xx_HAL_Driver/Src/stm32f4xx_hal_tim.o
 .debug_info    0x0000f233     0x14db ./Drivers/STM32F4xx_HAL_Driver/Src/stm32f4xx_hal_tim_ex.o
 .debug_info    0x0001070e     0x2f4f ./Drivers/STM32F4xx_HAL_Driver/Src/stm32f4xx_hal_uart.o
 .debug_info    0x0001365d      0x2af ./ThirdParty/FreeRTOS/list.o
 .debug_info    0x0001390c     0x17d9 ./ThirdParty/FreeRTOS/queue.o
 .debug_info    0x000150e5     0x2228 ./ThirdParty/FreeRTOS/tasks.o
 .debug_info    0x0001730d      0xe4d ./ThirdParty/FreeRTOS/timers.o
 .debug_info    0x0001815a      0x582 ./ThirdParty/FreeRTOS/portable/GCC/ARM_CM4F/port.o
 .debug_info    0x000186dc      0x4d5 ./ThirdParty/FreeRTOS/portable/MemMang/heap_4.o

.debug_abbrev   0x00000000     0x3da1
 .debug_abbrev  0x00000000      0x213 ./Core/Src/AccManager/AccManager.o
 .debug_abbrev  0x00000213      0x2af ./Core/Src/LedManager/LedManager.o
 .debug_abbrev  0x000004c2      0x246 ./Core/Src/RtcManager/RtcManager.o
 .debug_abbrev  0x00000708      0x221 ./Core/Src/UartManager/UartManager.o
 .debug_abbrev  0x00000929      0x395 ./Core/Src/main.o
 .debug_abbrev  0x00000cbe      0x20d ./Core/Src/stm32f4xx_hal_msp.o
 .debug_abbrev  0x00000ecb      0x1f4 ./Core/Src/stm32f4xx_hal_timebase_tim.o
 .debug_abbrev  0x000010bf      0x188 ./Core/Src/stm32f4xx_it.o
 .debug_abbrev  0x00001247       0xbc ./Core/Src/sysmem.o
 .debug_abbrev  0x00001303      0x11a ./Core/Src/system_stm32f4xx.o
 .debug_abbrev  0x0000141d       0x24 ./Core/Startup/startup_stm32f407vgtx.o
 .debug_abbrev  0x00001441      0x214 ./Drivers/STM32F4xx_HAL_Driver/Src/stm32f4xx_hal.o
 .debug_abbrev  0x00001655      0x328 ./Drivers/STM32F4xx_HAL_Driver/Src/stm32f4xx_hal_cortex.o
 .debug_abbrev  0x0000197d      0x264 ./Drivers/STM32F4xx_HAL_Driver/Src/stm32f4xx_hal_dma.o
 .debug_abbrev  0x00001be1      0x1d4 ./Drivers/STM32F4xx_HAL_Driver/Src/stm32f4xx_hal_gpio.o
 .debug_abbrev  0x00001db5      0x2b6 ./Drivers/STM32F4xx_HAL_Driver/Src/stm32f4xx_hal_rcc.o
 .debug_abbrev  0x0000206b      0x1af ./Drivers/STM32F4xx_HAL_Driver/Src/stm32f4xx_hal_rcc_ex.o
 .debug_abbrev  0x0000221a      0x1ee ./Drivers/STM32F4xx_HAL_Driver/Src/stm32f4xx_hal_rtc.o
 .debug_abbrev  0x00002408      0x284 ./Drivers/STM32F4xx_HAL_Driver/Src/stm32f4xx_hal_spi.o
 .debug_abbrev  0x0000268c      0x278 ./Drivers/STM32F4xx_HAL_Driver/Src/stm32f4xx_hal_tim.o
 .debug_abbrev  0x00002904      0x283 ./Drivers/STM32F4xx_HAL_Driver/Src/stm32f4xx_hal_tim_ex.o
 .debug_abbrev  0x00002b87      0x30e ./Drivers/STM32F4xx_HAL_Driver/Src/stm32f4xx_hal_uart.o
 .debug_abbrev  0x00002e95       0xf5 ./ThirdParty/FreeRTOS/list.o
 .debug_abbrev  0x00002f8a      0x323 ./ThirdParty/FreeRTOS/queue.o
 .debug_abbrev  0x000032ad      0x39e ./ThirdParty/FreeRTOS/tasks.o
 .debug_abbrev  0x0000364b      0x2de ./ThirdParty/FreeRTOS/timers.o
 .debug_abbrev  0x00003929      0x25a ./ThirdParty/FreeRTOS/portable/GCC/ARM_CM4F/port.o
 .debug_abbrev  0x00003b83      0x21e ./ThirdParty/FreeRTOS/portable/MemMang/heap_4.o

.debug_aranges  0x00000000     0x15d0
 .debug_aranges
                0x00000000       0x40 ./Core/Src/AccManager/AccManager.o
 .debug_aranges
                0x00000040       0x60 ./Core/Src/LedManager/LedManager.o
 .debug_aranges
                0x000000a0       0x48 ./Core/Src/RtcManager/RtcManager.o
 .debug_aranges
                0x000000e8       0x40 ./Core/Src/UartManager/UartManager.o
 .debug_aranges
                0x00000128       0x60 ./Core/Src/main.o