Archive member included to satisfy reference by file (symbol)

/opt/st/stm32cubeide_1.15.0/plugins/com.st.stm32cube.ide.mcu.externaltools.gnu-tools-for-stm32.12.3.rel1.linux64_1.0.100.202403111256/tools/bin/../lib/gcc/arm-none-eabi/12.3.1/../../../../arm-none-eabi/lib/thumb/v7e-m+fp/hard/libc_nano.a(libc_a-exit.o)
                              /opt/st/stm32cubeide_1.15.0/plugins/com.st.stm32cube.ide.mcu.externaltools.gnu-tools-for-stm32.12.3.rel1.linux64_1.0.100.202403111256/tools/bin/../lib/gcc/arm-none-eabi/12.3.1/../../../../arm-none-eabi/lib/thumb/v7e-m+fp/hard/crt0.o (exit)
/opt/st/stm32cubeide_1.15.0/plugins/com.st.stm32cube.ide.mcu.externaltools.gnu-tools-for-stm32.12.3.rel1.linux64_1.0.100.202403111256/tools/bin/../lib/gcc/arm-none-eabi/12.3.1/../../../../arm-none-eabi/lib/thumb/v7e-m+fp/hard/libc_nano.a(libc_a-ctype_.o)
                              ./Core/Src/LedManager/LedManager.o (_ctype_)
/opt/st/stm32cubeide_1.15.0/plugins/com.st.stm32cube.ide.mcu.externaltools.gnu-tools-for-stm32.12.3.rel1.linux64_1.0.100.202403111256/tools/bin/../lib/gcc/arm-none-eabi/12.3.1/../../../../arm-none-eabi/lib/thumb/v7e-m+fp/hard/libc_nano.a(libc_a-findfp.o)
                              /opt/st/stm32cubeide_1.15.0/plugins/com.st.stm32cube.ide.mcu.externaltools.gnu-tools-for-stm32.12.3.rel1.linux64_1.0.100.202403111256/tools/bin/../lib/gcc/arm-none-eabi/12.3.1/../../../../arm-none-eabi/lib/thumb/v7e-m+fp/hard/libc_nano.a(libc_a-exit.o) (__stdio_exit_handler)
/opt/st/stm32cubeide_1.15.0/plugins/com.st.stm32cube.ide.mcu.externaltools.gnu-tools-for-stm32.12.3.rel1.linux64_1.0.100.202403111256/tools/bin/../lib/gcc/arm-none-eabi/12.3.1/../../../../arm-none-eabi/lib/thumb/v7e-m+fp/hard/libc_nano.a(libc_a-fwalk.o)
                              /opt/st/stm32cubeide_1.15.0/plugins/com.st.stm32cube.ide.mcu.externaltools.gnu-tools-for-stm32.12.3.rel1.linux64_1.0.100.202403111256/tools/bin/../lib/gcc/arm-none-eabi/12.3.1/../../../../arm-none-eabi/lib/thumb/v7e-m+fp/hard/libc_nano.a(libc_a-findfp.o) (_fwalk_sglue)
/opt/st/stm32cubeide_1.15.0/plugins/com.st.stm32cube.ide.mcu.externaltools.gnu-tools-for-stm32.12.3.rel1.linux64_1.0.100.202403111256/tools/bin/../lib/gcc/arm-none-eabi/12.3.1/../../../../arm-none-eabi/lib/thumb/v7e-m+fp/hard/libc_nano.a(libc_a-sprintf.o)
                              ./Core/Src/AccManager/AccManager.o (sprintf)
/opt/st/stm32cubeide_1.15.0/plugins/com.st.stm32cube.ide.mcu.externaltools.gnu-tools-for-stm32.12.3.rel1.linux64_1.0.100.202403111256/tools/bin/../lib/gcc/arm-none-eabi/12.3.1/../../../../arm-none-eabi/lib/thumb/v7e-m+fp/hard/libc_nano.a(libc_a-stdio.o)
                              /opt/st/stm32cubeide_1.15.0/plugins/com.st.stm32cube.ide.mcu.externaltools.gnu-tools-for-stm32.12.3.rel1.linux64_1.0.100.202403111256/tools/bin/../lib/gcc/arm-none-eabi/12.3.1/../../../../arm-none-eabi/lib/thumb/v7e-m+fp/hard/libc_nano.a(libc_a-findfp.o) (__sread)
/opt/st/stm32cubeide_1.15.0/plugins/com.st.stm32cube.ide.mcu.externaltools.gnu-tools-for-stm32.12.3.rel1.linux64_1.0.100.202403111256/tools/bin/../lib/gcc/arm-none-eabi/12.3.1/../../../../arm-none-eabi/lib/thumb/v7e-m+fp/hard/libc_nano.a(libc_a-memcmp.o)
                              ./ThirdParty/SEGGER/OS/SEGGER_SYSVIEW_FreeRTOS.o (memcmp)
/opt/st/stm32cubeide_1.15.0/plugins/com.st.stm32cube.ide.mcu.externaltools.gnu-tools-for-stm32.12.3.rel1.linux64_1.0.100.202403111256/tools/bin/../lib/gcc/arm-none-eabi/12.3.1/../../../../arm-none-eabi/lib/thumb/v7e-m+fp/hard/libc_nano.a(libc_a-memset.o)
                              /opt/st/stm32cubeide_1.15.0/plugins/com.st.stm32cube.ide.mcu.externaltools.gnu-tools-for-stm32.12.3.rel1.linux64_1.0.100.202403111256/tools/bin/../lib/gcc/arm-none-eabi/12.3.1/../../../../arm-none-eabi/lib/thumb/v7e-m+fp/hard/crt0.o (memset)
/opt/st/stm32cubeide_1.15.0/plugins/com.st.stm32cube.ide.mcu.externaltools.gnu-tools-for-stm32.12.3.rel1.linux64_1.0.100.202403111256/tools/bin/../lib/gcc/arm-none-eabi/12.3.1/../../../../arm-none-eabi/lib/thumb/v7e-m+fp/hard/libc_nano.a(libc_a-closer.o)
                              /opt/st/stm32cubeide_1.15.0/plugins/com.st.stm32cube.ide.mcu.externaltools.gnu-tools-for-stm32.12.3.rel1.linux64_1.0.100.202403111256/tools/bin/../lib/gcc/arm-none-eabi/12.3.1/../../../../arm-none-eabi/lib/thumb/v7e-m+fp/hard/libc_nano.a(libc_a-stdio.o) (_close_r)
/opt/st/stm32cubeide_1.15.0/plugins/com.st.stm32cube.ide.mcu.externaltools.gnu-tools-for-stm32.12.3.rel1.linux64_1.0.100.202403111256/tools/bin/../lib/gcc/arm-none-eabi/12.3.1/../../../../arm-none-eabi/lib/thumb/v7e-m+fp/hard/libc_nano.a(libc_a-reent.o)
                              /opt/st/stm32cubeide_1.15.0/plugins/com.st.stm32cube.ide.mcu.externaltools.gnu-tools-for-stm32.12.3.rel1.linux64_1.0.100.202403111256/tools/bin/../lib/gcc/arm-none-eabi/12.3.1/../../../../arm-none-eabi/lib/thumb/v7e-m+fp/hard/libc_nano.a(libc_a-closer.o) (errno)
[...]
Memory Configuration

Name             Origin             Length             Attributes
CCMRAM           0x10000000         0x00010000         xrw
RAM              0x20000000         0x00020000         xrw
FLASH            0x08000000         0x00100000         xr
*default*        0x00000000         0xffffffff

Linker script and memory map

LOAD /opt/st/stm32cubeide_1.15.0/plugins/com.st.stm32cube.ide.mcu.externaltools.gnu-tools-for-stm32.12.3.rel1.linux64_1.0.100.202403111256/tools/bin/../lib/gcc/arm-none-eabi/12.3.1/thumb/v7e-m+fp/hard/crti.o
LOAD /opt/st/stm32cubeide_1.15.0/plugins/com.st.stm32cube.ide.mcu.externaltools.gnu-tools-for-stm32.12.3.rel1.linux64_1.0.100.202403111256/tools/bin/../lib/gcc/arm-none-eabi/12.3.1/thumb/v7e-m+fp/hard/crtbegin.o
LOAD /opt/st/stm32cubeide_1.15.0/plugins/com.st.stm32cube.ide.mcu.externaltools.gnu-tools-for-stm32.12.3.rel1.linux64_1.0.100.202403111256/tools/bin/../lib/gcc/arm-none-eabi/12.3.1/../../../../arm-none-eabi/lib/thumb/v7e-m+fp/hard/crt0.o
LOAD ./Core/Src/AccManager/AccManager.o
LOAD ./Core/Src/LedManager/LedManager.o
LOAD ./Core/Src/MotorManager/MotorManager.o
LOAD ./Core/Src/RtcManager/RtcManager.o
LOAD ./Core/Src/UartManager/UartManager.o
LOAD ./Core/Src/main.o
LOAD ./Core/Src/stm32f4xx_hal_msp.o
LOAD ./Core/Src/stm32f4xx_hal_timebase_tim.o
LOAD ./Core/Src/stm32f4xx_it.o
LOAD ./Core/Src/syscalls.o
LOAD ./Core/Src/sysmem.o
LOAD ./Core/Src/system_stm32f4xx.o
LOAD ./Core/Startup/startup_stm32f407vgtx.o
LOAD ./Drivers/STM32F4xx_HAL_Driver/Src/stm32f4xx_hal.o
LOAD ./Drivers/STM32F4xx_HAL_Driver/Src/stm32f4xx_hal_cortex.o
LOAD ./Drivers/STM32F4xx_HAL_Driver/Src/stm32f4xx_hal_dma.o
LOAD ./Drivers/STM32F4xx_HAL_Driver/Src/stm32f4xx_hal_dma_ex.o
LOAD ./Drivers/STM32F4xx_HAL_Driver/Src/stm32f4xx_hal_exti.o
LOAD ./Drivers/STM32F4xx_HAL_Driver/Src/stm32f4xx_hal_flash.o
LOAD ./Drivers/STM32F4xx_HAL_Driver/Src/stm32f4xx_hal_flash_ex.o
LOAD ./Drivers/STM32F4xx_HAL_Driver/Src/stm32f4xx_hal_flash_ramfunc.o
LOAD ./Drivers/STM32F4xx_HAL_Driver/Src/stm32f4xx_hal_gpio.o
LOAD ./Drivers/STM32F4xx_HAL_Driver/Src/stm32f4xx_hal_pwr.o
LOAD ./Drivers/STM32F4xx_HAL_Driver/Src/stm32f4xx_hal_pwr_ex.o
LOAD ./Drivers/STM32F4xx_HAL_Driver/Src/stm32f4xx_hal_rcc.o
LOAD ./Drivers/STM32F4xx_HAL_Driver/Src/stm32f4xx_hal_rcc_ex.o
LOAD ./Drivers/STM32F4xx_HAL_Driver/Src/stm32f4xx_hal_rtc.o
LOAD ./Drivers/STM32F4xx_HAL_Driver/Src/stm32f4xx_hal_rtc_ex.o
LOAD ./Drivers/STM32F4xx_HAL_Driver/Src/stm32f4xx_hal_spi.o
LOAD ./Drivers/STM32F4xx_HAL_Driver/Src/stm32f4xx_hal_tim.o
LOAD ./Drivers/STM32F4xx_HAL_Driver/Src/stm32f4xx_hal_tim_ex.o
LOAD ./Drivers/STM32F4xx_HAL_Driver/Src/stm32f4xx_hal_uart.o
LOAD ./ThirdParty/FreeRTOS/croutine.o
LOAD ./ThirdParty/FreeRTOS/event_groups.o
LOAD ./ThirdParty/FreeRTOS/list.o
LOAD ./ThirdParty/FreeRTOS/queue.o
LOAD ./ThirdParty/FreeRTOS/stream_buffer.o
LOAD ./ThirdParty/FreeRTOS/tasks.o
LOAD ./ThirdParty/FreeRTOS/timers.o
LOAD ./ThirdParty/FreeRTOS/portable/GCC/ARM_CM4F/port.o
LOAD ./ThirdParty/FreeRTOS/portable/MemMang/heap_4.o
LOAD ./ThirdParty/SEGGER/Config/SEGGER_SYSVIEW_Config_FreeRTOS.o
LOAD ./ThirdParty/SEGGER/OS/SEGGER_SYSVIEW_FreeRTOS.o
LOAD ./ThirdParty/SEGGER/SEGGER/SEGGER_RTT.o
LOAD ./ThirdParty/SEGGER/SEGGER/SEGGER_RTT_ASM_ARMv7M.o
LOAD ./ThirdParty/SEGGER/SEGGER/SEGGER_RTT_printf.o
LOAD ./ThirdParty/SEGGER/SEGGER/SEGGER_SYSVIEW.o
LOAD ./ThirdParty/SEGGER/SEGGER/Syscalls/SEGGER_RTT_Syscalls_GCC.o
START GROUP
LOAD /opt/st/stm32cubeide_1.15.0/plugins/com.st.stm32cube.ide.mcu.externaltools.gnu-tools-for-stm32.12.3.rel1.linux64_1.0.100.202403111256/tools/bin/../lib/gcc/arm-none-eabi/12.3.1/../../../../arm-none-eabi/lib/thumb/v7e-m+fp/hard/libc_nano.a
LOAD /opt/st/stm32cubeide_1.15.0/plugins/com.st.stm32cube.ide.mcu.externaltools.gnu-tools-for-stm32.12.3.rel1.linux64_1.0.100.202403111256/tools/bin/../lib/gcc/arm-none-eabi/12.3.1/../../../../arm-none-eabi/lib/thumb/v7e-m+fp/hard/libm.a
END GROUP
START GROUP
LOAD /opt/st/stm32cubeide_1.15.0/plugins/com.st.stm32cube.ide.mcu.externaltools.gnu-tools-for-stm32.12.3.rel1.linux64_1.0.100.202403111256/tools/bin/../lib/gcc/arm-none-eabi/12.3.1/thumb/v7e-m+fp/hard/libgcc.a
LOAD /opt/st/stm32cubeide_1.15.0/plugins/com.st.stm32cube.ide.mcu.externaltools.gnu-tools-for-stm32.12.3.rel1.linux64_1.0.100.202403111256/tools/bin/../lib/gcc/arm-none-eabi/12.3.1/../../../../arm-none-eabi/lib/thumb/v7e-m+fp/hard/libc_nano.a
END GROUP
START GROUP
LOAD /opt/st/stm32cubeide_1.15.0/plugins/com.st.stm32cube.ide.mcu.externaltools.gnu-tools-for-stm32.12.3.rel1.linux64_1.0.100.202403111256/tools/bin/../lib/gcc/arm-none-eabi/12.3.1/thumb/v7e-m+fp/hard/libgcc.a
LOAD /opt/st/stm32cubeide_1.15.0/plugins/com.st.stm32cube.ide.mcu.externaltools.gnu-tools-for-stm32.12.3.rel1.linux64_1.0.100.202403111256/tools/bin/../lib/gcc/arm-none-eabi/12.3.1/../../../../arm-none-eabi/lib/thumb/v7e-m+fp/hard/libc_nano.a
LOAD /opt/st/stm32cubeide_1.15.0/plugins/com.st.stm32cube.ide.mcu.externaltools.gnu-tools-for-stm32.12.3.rel1.linux64_1.0.100.202403111256/tools/bin/../lib/gcc/arm-none-eabi/12.3.1/../../../../arm-none-eabi/lib/thumb/v7e-m+fp/hard/libnosys.a
END GROUP
START GROUP
LOAD /opt/st/stm32cubeide_1.15.0/plugins/com.st.stm32cube.ide.mcu.externaltools.gnu-tools-for-stm32.12.3.rel1.linux64_1.0.100.202403111256/tools/bin/../lib/gcc/arm-none-eabi/12.3.1/thumb/v7e-m+fp/hard/libgcc.a
LOAD /opt/st/stm32cubeide_1.15.0/plugins/com.st.stm32cube.ide.mcu.externaltools.gnu-tools-for-stm32.12.3.rel1.linux64_1.0.100.202403111256/tools/bin/../lib/gcc/arm-none-eabi/12.3.1/../../../../arm-none-eabi/lib/thumb/v7e-m+fp/hard/libc_nano.a
LOAD /opt/st/stm32cubeide_1.15.0/plugins/com.st.stm32cube.ide.mcu.externaltools.gnu-tools-for-stm32.12.3.rel1.linux64_1.0.100.202403111256/tools/bin/../lib/gcc/arm-none-eabi/12.3.1/../../../../arm-none-eabi/lib/thumb/v7e-m+fp/hard/libnosys.a
END GROUP
LOAD /opt/st/stm32cubeide_1.15.0/plugins/com.st.stm32cube.ide.mcu.externaltools.gnu-tools-for-stm32.12.3.rel1.linux64_1.0.100.202403111256/tools/bin/../lib/gcc/arm-none-eabi/12.3.1/thumb/v7e-m+fp/hard/crtend.o
LOAD /opt/st/stm32cubeide_1.15.0/plugins/com.st.stm32cube.ide.mcu.externaltools.gnu-tools-for-stm32.12.3.rel1.linux64_1.0.100.202403111256/tools/bin/../lib/gcc/arm-none-eabi/12.3.1/thumb/v7e-m+fp/hard/crtn.o
                0x20020000                        _estack = (ORIGIN (RAM) + LENGTH (RAM))
                0x00000200                        _Min_Heap_Size = 0x200
                0x00000400                        _Min_Stack_Size = 0x400

.isr_vector     0x08000000      0x188
                0x08000000                        . = ALIGN (0x4)
 *(.isr_vector)
 .isr_vector    0x08000000      0x188 ./Core/Startup/startup_stm32f407vgtx.o
                0x08000000                g_pfnVectors
                0x08000188                        . = ALIGN (0x4)

.text           0x08000190     0xe798
                0x08000190                        . = ALIGN (0x4)
 *(.text)
 .text          0x08000190       0x40 /opt/st/stm32cubeide_1.15.0/plugins/com.st.stm32cube.ide.mcu.externaltools.gnu-tools-for-stm32.12.3.rel1.linux64_1.0.100.202403111256/tools/bin/../lib/gcc/arm-none-eabi/12.3.1/thumb/v7e-m+fp/hard/crtbegin.o
 .text          0x080001d0       0x94 ./ThirdParty/SEGGER/SEGGER/SEGGER_RTT_ASM_ARMv7M.o
                0x080001d0                SEGGER_RTT_ASM_WriteSkipNoLock
 .text          0x08000264       0x14 /opt/st/stm32cubeide_1.15.0/plugins/com.st.stm32cube.ide.mcu.externaltools.gnu-tools-for-stm32.12.3.rel1.linux64_1.0.100.202403111256/tools/bin/../lib/gcc/arm-none-eabi/12.3.1/../../../../arm-none-eabi/lib/thumb/v7e-m+fp/hard/libc_nano.a(libc_a-strcmp.o)
                0x08000264                strcmp
 .text          0x08000278       0x10 /opt/st/stm32cubeide_1.15.0/plugins/com.st.stm32cube.ide.mcu.externaltools.gnu-tools-for-stm32.12.3.rel1.linux64_1.0.100.202403111256/tools/bin/../lib/gcc/arm-none-eabi/12.3.1/../../../../arm-none-eabi/lib/thumb/v7e-m+fp/hard/libc_nano.a(libc_a-strlen.o)
                0x08000278                strlen
 *fill*         0x08000288        0x8 
 .text          0x08000290       0xa0 /opt/st/stm32cubeide_1.15.0/plugins/com.st.stm32cube.ide.mcu.externaltools.gnu-tools-for-stm32.12.3.rel1.linux64_1.0.100.202403111256/tools/bin/../lib/gcc/arm-none-eabi/12.3.1/../../../../arm-none-eabi/lib/thumb/v7e-m+fp/hard/libc_nano.a(libc_a-memchr.o)
                0x08000290                memchr
 .text          0x08000330      0x378 /opt/st/stm32cubeide_1.15.0/plugins/com.st.stm32cube.ide.mcu.externaltools.gnu-tools-for-stm32.12.3.rel1.linux64_1.0.100.202403111256/tools/bin/../lib/gcc/arm-none-eabi/12.3.1/thumb/v7e-m+fp/hard/libgcc.a(_arm_addsubdf3.o)
                0x08000330                __aeabi_drsub
                0x08000338                __aeabi_dsub
                0x08000338                __subdf3
                0x0800033c                __adddf3
                0x0800033c                __aeabi_dadd
                0x080005b4                __aeabi_ui2d
                0x080005b4                __floatunsidf
                0x080005d4                __floatsidf
                0x080005d4                __aeabi_i2d
                0x080005f8                __extendsfdf2
                0x080005f8                __aeabi_f2d
                0x0800063c                __aeabi_ul2d
                0x0800063c                __floatundidf
                0x0800064c                __floatdidf
                0x0800064c                __aeabi_l2d
 .text          0x080006a8      0x424 /opt/st/stm32cubeide_1.15.0/plugins/com.st.stm32cube.ide.mcu.externaltools.gnu-tools-for-stm32.12.3.rel1.linux64_1.0.100.202403111256/tools/bin/../lib/gcc/arm-none-eabi/12.3.1/thumb/v7e-m+fp/hard/libgcc.a(_arm_muldivdf3.o)
                0x080006a8                __aeabi_dmul
                0x080006a8                __muldf3
                0x080008fc                __aeabi_ddiv
                0x080008fc                __divdf3
 .text          0x08000acc      0x110 /opt/st/stm32cubeide_1.15.0/plugins/com.st.stm32cube.ide.mcu.externaltools.gnu-tools-for-stm32.12.3.rel1.linux64_1.0.100.202403111256/tools/bin/../lib/gcc/arm-none-eabi/12.3.1/thumb/v7e-m+fp/hard/libgcc.a(_arm_cmpdf2.o)
                0x08000acc                __gtdf2
                0x08000acc                __gedf2
                0x08000ad4                __ltdf2
                0x08000ad4                __ledf2
                0x08000adc                __cmpdf2
                0x08000adc                __eqdf2
                0x08000adc                __nedf2
                0x08000b58                __aeabi_cdrcmple
                0x08000b68                __aeabi_cdcmple
                0x08000b68                __aeabi_cdcmpeq
                0x08000b78                __aeabi_dcmpeq
                0x08000b8c                __aeabi_dcmplt
                0x08000ba0                __aeabi_dcmple
                0x08000bb4                __aeabi_dcmpge
                0x08000bc8                __aeabi_dcmpgt
 .text          0x08000bdc       0x2c /opt/st/stm32cubeide_1.15.0/plugins/com.st.stm32cube.ide.mcu.externaltools.gnu-tools-for-stm32.12.3.rel1.linux64_1.0.100.202403111256/tools/bin/../lib/gcc/arm-none-eabi/12.3.1/thumb/v7e-m+fp/hard/libgcc.a(_arm_unorddf2.o)
                0x08000bdc                __aeabi_dcmpun
                0x08000bdc                __unorddf2
 .text          0x08000c08       0x50 /opt/st/stm32cubeide_1.15.0/plugins/com.st.stm32cube.ide.mcu.externaltools.gnu-tools-for-stm32.12.3.rel1.linux64_1.0.100.202403111256/tools/bin/../lib/gcc/arm-none-eabi/12.3.1/thumb/v7e-m+fp/hard/libgcc.a(_arm_fixdfsi.o)
                0x08000c08                __fixdfsi
                0x08000c08                __aeabi_d2iz
 .text          0x08000c58       0xa0 /opt/st/stm32cubeide_1.15.0/plugins/com.st.stm32cube.ide.mcu.externaltools.gnu-tools-for-stm32.12.3.rel1.linux64_1.0.100.202403111256/tools/bin/../lib/gcc/arm-none-eabi/12.3.1/thumb/v7e-m+fp/hard/libgcc.a(_arm_truncdfsf2.o)
                0x08000c58                __aeabi_d2f
                0x08000c58                __truncdfsf2
 .text          0x08000cf8       0x30 /opt/st/stm32cubeide_1.15.0/plugins/com.st.stm32cube.ide.mcu.externaltools.gnu-tools-for-stm32.12.3.rel1.linux64_1.0.100.202403111256/tools/bin/../lib/gcc/arm-none-eabi/12.3.1/thumb/v7e-m+fp/hard/libgcc.a(_aeabi_uldivmod.o)
                0x08000cf8                __aeabi_uldivmod
 .text          0x08000d28      0x2bc /opt/st/stm32cubeide_1.15.0/plugins/com.st.stm32cube.ide.mcu.externaltools.gnu-tools-for-stm32.12.3.rel1.linux64_1.0.100.202403111256/tools/bin/../lib/gcc/arm-none-eabi/12.3.1/thumb/v7e-m+fp/hard/libgcc.a(_udivmoddi4.o)
                0x08000d28                __udivmoddi4
 .text          0x08000fe4        0x4 /opt/st/stm32cubeide_1.15.0/plugins/com.st.stm32cube.ide.mcu.externaltools.gnu-tools-for-stm32.12.3.rel1.linux64_1.0.100.202403111256/tools/bin/../lib/gcc/arm-none-eabi/12.3.1/thumb/v7e-m+fp/hard/libgcc.a(_dvmd_tls.o)
                0x08000fe4                __aeabi_ldiv0
                0x08000fe4                __aeabi_idiv0
 *(.text*)
 .text.acc_task
                0x08000fe8      0x240 ./Core/Src/AccManager/AccManager.o
                0x08000fe8                acc_task
 .text.accelerometer_init
                0x08001228       0x50 ./Core/Src/AccManager/AccManager.o
                0x08001228                accelerometer_init
 .text.accelerometer_read
                0x08001278       0x8c ./Core/Src/AccManager/AccManager.o
                0x08001278                accelerometer_read
 .text.show_acc_data
                0x08001304      0x1cc ./Core/Src/AccManager/AccManager.o
                0x08001304                show_acc_data
 .text.split_integer
                0x080014d0       0xbc ./Core/Src/AccManager/AccManager.o
                0x080014d0                split_integer
 .text.led_task
                0x0800158c      0x4a0 ./Core/Src/LedManager/LedManager.o
                0x0800158c                led_task
 .text.led_callback
                0x08001a2c       0x24 ./Core/Src/LedManager/LedManager.o
                0x08001a2c                led_callback
 .text.set_led_timer
                0x08001a50       0x64 ./Core/Src/LedManager/LedManager.o
                0x08001a50                set_led_timer
 .text.control_all_leds
                0x08001ab4       0x54 ./Core/Src/LedManager/LedManager.o
                0x08001ab4                control_all_leds
 .text.control_led_group
                0x08001b08       0x7c ./Core/Src/LedManager/LedManager.o
                0x08001b08                control_led_group
 .text.control_single_led
                0x08001b84       0x4c ./Core/Src/LedManager/LedManager.o
                0x08001b84                control_single_led
 .text.execute_led_effect
                0x08001bd0       0xcc ./Core/Src/LedManager/LedManager.o
                0x08001bd0                execute_led_effect
 .text.parse_freq_string
                0x08001c9c       0x80 ./Core/Src/LedManager/LedManager.o
                0x08001c9c                parse_freq_string
 .text.freq_str_to_int
                0x08001d1c       0x4a ./Core/Src/LedManager/LedManager.o
                0x08001d1c                freq_str_to_int
 *fill*         0x08001d66        0x2 
 .text.motor_task
                0x08001d68      0x1ec ./Core/Src/MotorManager/MotorManager.o
                0x08001d68                motor_task
 .text.motor_gpio_callback
                0x08001f54       0xa8 ./Core/Src/MotorManager/MotorManager.o
                0x08001f54                motor_gpio_callback
 *fill*         0x08001ffc        0x4 
 .text.motor_timer_callback
                0x08002000       0x98 ./Core/Src/MotorManager/MotorManager.o
                0x08002000                motor_timer_callback
 .text.motor_report_callback
                0x08002098       0x74 ./Core/Src/MotorManager/MotorManager.o
                0x08002098                motor_report_callback
 .text.print_motor_speed
                0x0800210c       0x70 ./Core/Src/MotorManager/MotorManager.o
                0x0800210c                print_motor_speed
 .text.initialize_parameters
                0x0800217c       0x54 ./Core/Src/MotorManager/MotorManager.o
                0x0800217c                initialize_parameters
 .text.print_summary_report
                0x080021d0      0x138 ./Core/Src/MotorManager/MotorManager.o
                0x080021d0                print_summary_report
 .text.calculate_average
                0x08002308       0x64 ./Core/Src/MotorManager/MotorManager.o
                0x08002308                calculate_average
 .text.calculate_sd
                0x0800236c       0xa8 ./Core/Src/MotorManager/MotorManager.o
                0x0800236c                calculate_sd
 .text.split_float_into_ints
                0x08002414       0x5c ./Core/Src/MotorManager/MotorManager.o
                0x08002414                split_float_into_ints
 .text.rtc_task
                0x08002470      0x498 ./Core/Src/RtcManager/RtcManager.o
                0x08002470                rtc_task
 .text.getnumber
                0x08002908       0x42 ./Core/Src/RtcManager/RtcManager.o
                0x08002908                getnumber
 .text.validate_rtc_information
                0x0800294a       0x6c ./Core/Src/RtcManager/RtcManager.o
                0x0800294a                validate_rtc_information
 *fill*         0x080029b6        0x2 
 .text.rtc_configure_time
                0x080029b8       0x2c ./Core/Src/RtcManager/RtcManager.o
                0x080029b8                rtc_configure_time
 .text.rtc_configure_date
                0x080029e4       0x20 ./Core/Src/RtcManager/RtcManager.o
                0x080029e4                rtc_configure_date
 .text.show_time_date
                0x08002a04      0x14c ./Core/Src/RtcManager/RtcManager.o
                0x08002a04                show_time_date
 .text.main_menu_task
                0x08002b50      0x11c ./Core/Src/UartManager/UartManager.o
                0x08002b50                main_menu_task
 .text.message_handler_task
                0x08002c6c       0x2e ./Core/Src/UartManager/UartManager.o
                0x08002c6c                message_handler_task
 *fill*         0x08002c9a        0x2 
 .text.print_task
                0x08002c9c       0x40 ./Core/Src/UartManager/UartManager.o
                0x08002c9c                print_task
 .text.process_message
                0x08002cdc       0xc0 ./Core/Src/UartManager/UartManager.o
                0x08002cdc                process_message
 .text.extract_command
                0x08002d9c       0x74 ./Core/Src/UartManager/UartManager.o
                0x08002d9c                extract_command
 .text.main     0x08002e10      0x394 ./Core/Src/main.o
                0x08002e10                main
 .text.SystemClock_Config
                0x080031a4       0xd8 ./Core/Src/main.o
                0x080031a4                SystemClock_Config
 .text.MX_RTC_Init
                0x0800327c       0x4c ./Core/Src/main.o
 .text.MX_SPI1_Init
                0x080032c8       0x6c ./Core/Src/main.o
 .text.MX_TIM1_Init
                0x08003334      0x108 ./Core/Src/main.o
 .text.MX_TIM3_Init
                0x0800343c       0xf0 ./Core/Src/main.o
 .text.MX_TIM7_Init
                0x0800352c       0x6c ./Core/Src/main.o
 .text.MX_USART2_UART_Init
                0x08003598       0x54 ./Core/Src/main.o
 .text.MX_GPIO_Init
                0x080035ec      0x2e4 ./Core/Src/main.o
 .text.HAL_UART_RxCpltCallback
                0x080038d0       0xa8 ./Core/Src/main.o
                0x080038d0                HAL_UART_RxCpltCallback
 .text.HAL_GPIO_EXTI_Callback
                0x08003978       0x2e ./Core/Src/main.o
                0x08003978                HAL_GPIO_EXTI_Callback
 *fill*         0x080039a6        0x2 
 .text.HAL_TIM_PeriodElapsedCallback
                0x080039a8       0x38 ./Core/Src/main.o
                0x080039a8                HAL_TIM_PeriodElapsedCallback
 .text.Error_Handler
                0x080039e0        0xc ./Core/Src/main.o
                0x080039e0                Error_Handler
 .text.HAL_MspInit
                0x080039ec       0x50 ./Core/Src/stm32f4xx_hal_msp.o
                0x080039ec                HAL_MspInit
 .text.HAL_RTC_MspInit
                0x08003a3c       0x54 ./Core/Src/stm32f4xx_hal_msp.o
                0x08003a3c                HAL_RTC_MspInit
 .text.HAL_SPI_MspInit
                0x08003a90       0x90 ./Core/Src/stm32f4xx_hal_msp.o
                0x08003a90                HAL_SPI_MspInit
 .text.HAL_TIM_PWM_MspInit
                0x08003b20       0x44 ./Core/Src/stm32f4xx_hal_msp.o
                0x08003b20                HAL_TIM_PWM_MspInit
 .text.HAL_TIM_Base_MspInit
                0x08003b64       0x7c ./Core/Src/stm32f4xx_hal_msp.o
                0x08003b64                HAL_TIM_Base_MspInit
 .text.HAL_TIM_MspPostInit
                0x08003be0       0xc4 ./Core/Src/stm32f4xx_hal_msp.o
                0x08003be0                HAL_TIM_MspPostInit
 .text.HAL_UART_MspInit
                0x08003ca4       0xa0 ./Core/Src/stm32f4xx_hal_msp.o
                0x08003ca4                HAL_UART_MspInit
 .text.HAL_InitTick
                0x08003d44       0xf8 ./Core/Src/stm32f4xx_hal_timebase_tim.o
                0x08003d44                HAL_InitTick
 .text.NMI_Handler
                0x08003e3c        0x8 ./Core/Src/stm32f4xx_it.o
                0x08003e3c                NMI_Handler
 .text.HardFault_Handler
                0x08003e44        0x8 ./Core/Src/stm32f4xx_it.o
                0x08003e44                HardFault_Handler
 .text.MemManage_Handler
                0x08003e4c        0x8 ./Core/Src/stm32f4xx_it.o
                0x08003e4c                MemManage_Handler
 .text.BusFault_Handler
                0x08003e54        0x8 ./Core/Src/stm32f4xx_it.o
                0x08003e54                BusFault_Handler
 .text.UsageFault_Handler
                0x08003e5c        0x8 ./Core/Src/stm32f4xx_it.o
                0x08003e5c                UsageFault_Handler
 .text.DebugMon_Handler
                0x08003e64        0xe ./Core/Src/stm32f4xx_it.o
                0x08003e64                DebugMon_Handler
 .text.EXTI4_IRQHandler
                0x08003e72        0xe ./Core/Src/stm32f4xx_it.o
                0x08003e72                EXTI4_IRQHandler
 .text.EXTI9_5_IRQHandler
                0x08003e80        0xe ./Core/Src/stm32f4xx_it.o
                0x08003e80                EXTI9_5_IRQHandler
 *fill*         0x08003e8e        0x2 
 .text.USART2_IRQHandler
                0x08003e90       0x14 ./Core/Src/stm32f4xx_it.o
                0x08003e90                USART2_IRQHandler
 .text.TIM6_DAC_IRQHandler
                0x08003ea4       0x14 ./Core/Src/stm32f4xx_it.o
                0x08003ea4                TIM6_DAC_IRQHandler
 .text.TIM7_IRQHandler
                0x08003eb8       0x14 ./Core/Src/stm32f4xx_it.o
                0x08003eb8                TIM7_IRQHandler
 .text._sbrk    0x08003ecc       0x6c ./Core/Src/sysmem.o
                0x08003ecc                _sbrk
 .text.SystemInit
                0x08003f38       0x24 ./Core/Src/system_stm32f4xx.o
                0x08003f38                SystemInit
 .text.Reset_Handler
                0x08003f5c       0x50 ./Core/Startup/startup_stm32f407vgtx.o
                0x08003f5c                Reset_Handler
 .text.Default_Handler
                0x08003fac        0x2 ./Core/Startup/startup_stm32f407vgtx.o
                0x08003fac                RTC_Alarm_IRQHandler
                0x08003fac                HASH_RNG_IRQHandler
                0x08003fac                EXTI2_IRQHandler
                0x08003fac                TIM8_CC_IRQHandler
                0x08003fac                TIM1_CC_IRQHandler
                0x08003fac                DMA2_Stream5_IRQHandler
                0x08003fac                DMA1_Stream5_IRQHandler
                0x08003fac                PVD_IRQHandler
                0x08003fac                SDIO_IRQHandler
                0x08003fac                TAMP_STAMP_IRQHandler
                0x08003fac                CAN2_RX1_IRQHandler
                0x08003fac                EXTI3_IRQHandler
                0x08003fac                TIM8_TRG_COM_TIM14_IRQHandler
                0x08003fac                TIM1_UP_TIM10_IRQHandler
                0x08003fac                TIM8_UP_TIM13_IRQHandler
                0x08003fac                I2C3_ER_IRQHandler
                0x08003fac                EXTI0_IRQHandler
                0x08003fac                I2C2_EV_IRQHandler
                0x08003fac                DMA1_Stream2_IRQHandler
                0x08003fac                CAN1_RX0_IRQHandler
                0x08003fac                FPU_IRQHandler
                0x08003fac                OTG_HS_WKUP_IRQHandler
                0x08003fac                CAN2_SCE_IRQHandler
                0x08003fac                DMA2_Stream2_IRQHandler
                0x08003fac                SPI1_IRQHandler
                0x08003fac                TIM1_BRK_TIM9_IRQHandler
                0x08003fac                DCMI_IRQHandler
                0x08003fac                CAN2_RX0_IRQHandler
                0x08003fac                DMA2_Stream3_IRQHandler
                0x08003fac                USART6_IRQHandler
                0x08003fac                USART3_IRQHandler
                0x08003fac                CAN1_RX1_IRQHandler
                0x08003fac                UART5_IRQHandler
                0x08003fac                DMA2_Stream0_IRQHandler
                0x08003fac                TIM4_IRQHandler
                0x08003fac                I2C1_EV_IRQHandler
                0x08003fac                DMA1_Stream6_IRQHandler
                0x08003fac                DMA1_Stream1_IRQHandler
                0x08003fac                UART4_IRQHandler
                0x08003fac                TIM3_IRQHandler
                0x08003fac                RCC_IRQHandler
                0x08003fac                TIM8_BRK_TIM12_IRQHandler
                0x08003fac                Default_Handler
                0x08003fac                EXTI15_10_IRQHandler
                0x08003fac                ADC_IRQHandler
                0x08003fac                DMA1_Stream7_IRQHandler
                0x08003fac                CAN2_TX_IRQHandler
                0x08003fac                TIM5_IRQHandler
                0x08003fac                DMA2_Stream7_IRQHandler
                0x08003fac                I2C3_EV_IRQHandler
                0x08003fac                RTC_WKUP_IRQHandler
                0x08003fac                ETH_WKUP_IRQHandler
                0x08003fac                SPI2_IRQHandler
                0x08003fac                OTG_HS_EP1_IN_IRQHandler
                0x08003fac                DMA1_Stream0_IRQHandler
                0x08003fac                CAN1_TX_IRQHandler
                0x08003fac                FSMC_IRQHandler
                0x08003fac                ETH_IRQHandler
                0x08003fac                OTG_HS_EP1_OUT_IRQHandler
                0x08003fac                WWDG_IRQHandler
                0x08003fac                TIM2_IRQHandler
                0x08003fac                OTG_FS_WKUP_IRQHandler
                0x08003fac                TIM1_TRG_COM_TIM11_IRQHandler
                0x08003fac                OTG_HS_IRQHandler
                0x08003fac                EXTI1_IRQHandler
                0x08003fac                I2C2_ER_IRQHandler
                0x08003fac                DMA2_Stream1_IRQHandler
                0x08003fac                CAN1_SCE_IRQHandler
                0x08003fac                FLASH_IRQHandler
                0x08003fac                DMA2_Stream4_IRQHandler
                0x08003fac                USART1_IRQHandler
                0x08003fac                OTG_FS_IRQHandler
                0x08003fac                SPI3_IRQHandler
                0x08003fac                DMA1_Stream4_IRQHandler
                0x08003fac                I2C1_ER_IRQHandler
                0x08003fac                DMA2_Stream6_IRQHandler
                0x08003fac                DMA1_Stream3_IRQHandler
 *fill*         0x08003fae        0x2 
 .text.HAL_Init
                0x08003fb0       0x44 ./Drivers/STM32F4xx_HAL_Driver/Src/stm32f4xx_hal.o
                0x08003fb0                HAL_Init
 .text.HAL_IncTick
                0x08003ff4       0x28 ./Drivers/STM32F4xx_HAL_Driver/Src/stm32f4xx_hal.o
                0x08003ff4                HAL_IncTick
 .text.HAL_GetTick
                0x0800401c       0x18 ./Drivers/STM32F4xx_HAL_Driver/Src/stm32f4xx_hal.o
                0x0800401c                HAL_GetTick
 .text.__NVIC_SetPriorityGrouping
                0x08004034       0x48 ./Drivers/STM32F4xx_HAL_Driver/Src/stm32f4xx_hal_cortex.o
 .text.__NVIC_GetPriorityGrouping
                0x0800407c       0x1c ./Drivers/STM32F4xx_HAL_Driver/Src/stm32f4xx_hal_cortex.o
 .text.__NVIC_EnableIRQ
                0x08004098       0x3c ./Drivers/STM32F4xx_HAL_Driver/Src/stm32f4xx_hal_cortex.o
 .text.__NVIC_SetPriority
                0x080040d4       0x54 ./Drivers/STM32F4xx_HAL_Driver/Src/stm32f4xx_hal_cortex.o
 .text.NVIC_EncodePriority
                0x08004128       0x66 ./Drivers/STM32F4xx_HAL_Driver/Src/stm32f4xx_hal_cortex.o
 .text.HAL_NVIC_SetPriorityGrouping
                0x0800418e       0x16 ./Drivers/STM32F4xx_HAL_Driver/Src/stm32f4xx_hal_cortex.o
                0x0800418e                HAL_NVIC_SetPriorityGrouping
 .text.HAL_NVIC_SetPriority
                0x080041a4       0x38 ./Drivers/STM32F4xx_HAL_Driver/Src/stm32f4xx_hal_cortex.o
                0x080041a4                HAL_NVIC_SetPriority
 .text.HAL_NVIC_EnableIRQ
                0x080041dc       0x1c ./Drivers/STM32F4xx_HAL_Driver/Src/stm32f4xx_hal_cortex.o
                0x080041dc                HAL_NVIC_EnableIRQ
 .text.HAL_DMA_Abort
                0x080041f8       0xe0 ./Drivers/STM32F4xx_HAL_Driver/Src/stm32f4xx_hal_dma.o
                0x080041f8                HAL_DMA_Abort
 .text.HAL_DMA_Abort_IT
                0x080042d8       0x44 ./Drivers/STM32F4xx_HAL_Driver/Src/stm32f4xx_hal_dma.o
                0x080042d8                HAL_DMA_Abort_IT
 .text.HAL_GPIO_Init
                0x0800431c      0x338 ./Drivers/STM32F4xx_HAL_Driver/Src/stm32f4xx_hal_gpio.o
                0x0800431c                HAL_GPIO_Init
 .text.HAL_GPIO_ReadPin
                0x08004654       0x30 ./Drivers/STM32F4xx_HAL_Driver/Src/stm32f4xx_hal_gpio.o
                0x08004654                HAL_GPIO_ReadPin
 .text.HAL_GPIO_WritePin
                0x08004684       0x32 ./Drivers/STM32F4xx_HAL_Driver/Src/stm32f4xx_hal_gpio.o
                0x08004684                HAL_GPIO_WritePin
 .text.HAL_GPIO_TogglePin
                0x080046b6       0x34 ./Drivers/STM32F4xx_HAL_Driver/Src/stm32f4xx_hal_gpio.o
                0x080046b6                HAL_GPIO_TogglePin
 *fill*         0x080046ea        0x2 
 .text.HAL_GPIO_EXTI_IRQHandler
                0x080046ec       0x30 ./Drivers/STM32F4xx_HAL_Driver/Src/stm32f4xx_hal_gpio.o
                0x080046ec                HAL_GPIO_EXTI_IRQHandler
 .text.HAL_RCC_OscConfig
                0x0800471c      0x4f0 ./Drivers/STM32F4xx_HAL_Driver/Src/stm32f4xx_hal_rcc.o
                0x0800471c                HAL_RCC_OscConfig
 .text.HAL_RCC_ClockConfig
                0x08004c0c      0x1cc ./Drivers/STM32F4xx_HAL_Driver/Src/stm32f4xx_hal_rcc.o
                0x08004c0c                HAL_RCC_ClockConfig
 .text.HAL_RCC_GetSysClockFreq
                0x08004dd8      0x20c ./Drivers/STM32F4xx_HAL_Driver/Src/stm32f4xx_hal_rcc.o
                0x08004dd8                HAL_RCC_GetSysClockFreq
 .text.HAL_RCC_GetHCLKFreq
                0x08004fe4       0x18 ./Drivers/STM32F4xx_HAL_Driver/Src/stm32f4xx_hal_rcc.o
                0x08004fe4                HAL_RCC_GetHCLKFreq
 .text.HAL_RCC_GetPCLK1Freq
                0x08004ffc       0x28 ./Drivers/STM32F4xx_HAL_Driver/Src/stm32f4xx_hal_rcc.o
                0x08004ffc                HAL_RCC_GetPCLK1Freq
 .text.HAL_RCC_GetPCLK2Freq
                0x08005024       0x28 ./Drivers/STM32F4xx_HAL_Driver/Src/stm32f4xx_hal_rcc.o
                0x08005024                HAL_RCC_GetPCLK2Freq
 .text.HAL_RCC_GetClockConfig
                0x0800504c       0x64 ./Drivers/STM32F4xx_HAL_Driver/Src/stm32f4xx_hal_rcc.o
                0x0800504c                HAL_RCC_GetClockConfig
 .text.HAL_RCCEx_PeriphCLKConfig
                0x080050b0      0x1c4 ./Drivers/STM32F4xx_HAL_Driver/Src/stm32f4xx_hal_rcc_ex.o
                0x080050b0                HAL_RCCEx_PeriphCLKConfig
 .text.HAL_RTC_Init
                0x08005274      0x106 ./Drivers/STM32F4xx_HAL_Driver/Src/stm32f4xx_hal_rtc.o
                0x08005274                HAL_RTC_Init
 .text.HAL_RTC_SetTime
                0x0800537a      0x134 ./Drivers/STM32F4xx_HAL_Driver/Src/stm32f4xx_hal_rtc.o
                0x0800537a                HAL_RTC_SetTime
 .text.HAL_RTC_GetTime
                0x080054ae       0xbc ./Drivers/STM32F4xx_HAL_Driver/Src/stm32f4xx_hal_rtc.o
                0x080054ae                HAL_RTC_GetTime
 .text.HAL_RTC_SetDate
                0x0800556a      0x108 ./Drivers/STM32F4xx_HAL_Driver/Src/stm32f4xx_hal_rtc.o
                0x0800556a                HAL_RTC_SetDate
 .text.HAL_RTC_GetDate
                0x08005672       0x9e ./Drivers/STM32F4xx_HAL_Driver/Src/stm32f4xx_hal_rtc.o
                0x08005672                HAL_RTC_GetDate
 .text.HAL_RTC_WaitForSynchro
                0x08005710       0x4c ./Drivers/STM32F4xx_HAL_Driver/Src/stm32f4xx_hal_rtc.o
                0x08005710                HAL_RTC_WaitForSynchro
 .text.RTC_EnterInitMode
                0x0800575c       0x6e ./Drivers/STM32F4xx_HAL_Driver/Src/stm32f4xx_hal_rtc.o
                0x0800575c                RTC_EnterInitMode
 .text.RTC_ExitInitMode
                0x080057ca       0x4a ./Drivers/STM32F4xx_HAL_Driver/Src/stm32f4xx_hal_rtc.o
                0x080057ca                RTC_ExitInitMode
 .text.RTC_ByteToBcd2
                0x08005814       0x3c ./Drivers/STM32F4xx_HAL_Driver/Src/stm32f4xx_hal_rtc.o
                0x08005814                RTC_ByteToBcd2
 .text.RTC_Bcd2ToByte
                0x08005850       0x3c ./Drivers/STM32F4xx_HAL_Driver/Src/stm32f4xx_hal_rtc.o
                0x08005850                RTC_Bcd2ToByte
 .text.HAL_SPI_Init
                0x0800588c      0x112 ./Drivers/STM32F4xx_HAL_Driver/Src/stm32f4xx_hal_spi.o
                0x0800588c                HAL_SPI_Init
 .text.HAL_SPI_Transmit
                0x0800599e      0x286 ./Drivers/STM32F4xx_HAL_Driver/Src/stm32f4xx_hal_spi.o
                0x0800599e                HAL_SPI_Transmit
 .text.HAL_SPI_Receive
                0x08005c24      0x230 ./Drivers/STM32F4xx_HAL_Driver/Src/stm32f4xx_hal_spi.o
                0x08005c24                HAL_SPI_Receive
 .text.HAL_SPI_TransmitReceive
                0x08005e54      0x360 ./Drivers/STM32F4xx_HAL_Driver/Src/stm32f4xx_hal_spi.o
                0x08005e54                HAL_SPI_TransmitReceive
 .text.SPI_WaitFlagStateUntilTimeout
                0x080061b4      0x110 ./Drivers/STM32F4xx_HAL_Driver/Src/stm32f4xx_hal_spi.o
 .text.SPI_EndRxTransaction
                0x080062c4       0xca ./Drivers/STM32F4xx_HAL_Driver/Src/stm32f4xx_hal_spi.o
 *fill*         0x0800638e        0x2 
 .text.SPI_EndRxTxTransaction
                0x08006390       0xa8 ./Drivers/STM32F4xx_HAL_Driver/Src/stm32f4xx_hal_spi.o
 .text.HAL_TIM_Base_Init
                0x08006438       0x9e ./Drivers/STM32F4xx_HAL_Driver/Src/stm32f4xx_hal_tim.o
                0x08006438                HAL_TIM_Base_Init
 *fill*         0x080064d6        0x2 
 .text.HAL_TIM_Base_Start_IT
                0x080064d8       0xe0 ./Drivers/STM32F4xx_HAL_Driver/Src/stm32f4xx_hal_tim.o
                0x080064d8                HAL_TIM_Base_Start_IT
 .text.HAL_TIM_PWM_Init
                0x080065b8       0x9e ./Drivers/STM32F4xx_HAL_Driver/Src/stm32f4xx_hal_tim.o
                0x080065b8                HAL_TIM_PWM_Init
 *fill*         0x08006656        0x2 
 .text.HAL_TIM_PWM_Start
                0x08006658      0x190 ./Drivers/STM32F4xx_HAL_Driver/Src/stm32f4xx_hal_tim.o
                0x08006658                HAL_TIM_PWM_Start
 .text.HAL_TIM_IRQHandler
                0x080067e8      0x1e0 ./Drivers/STM32F4xx_HAL_Driver/Src/stm32f4xx_hal_tim.o
                0x080067e8                HAL_TIM_IRQHandler
 .text.HAL_TIM_PWM_ConfigChannel
                0x080069c8      0x184 ./Drivers/STM32F4xx_HAL_Driver/Src/stm32f4xx_hal_tim.o
                0x080069c8                HAL_TIM_PWM_ConfigChannel
 .text.HAL_TIM_ConfigClockSource
                0x08006b4c      0x18e ./Drivers/STM32F4xx_HAL_Driver/Src/stm32f4xx_hal_tim.o
                0x08006b4c                HAL_TIM_ConfigClockSource
 .text.HAL_TIM_OC_DelayElapsedCallback
                0x08006cda       0x14 ./Drivers/STM32F4xx_HAL_Driver/Src/stm32f4xx_hal_tim.o
                0x08006cda                HAL_TIM_OC_DelayElapsedCallback
 .text.HAL_TIM_IC_CaptureCallback
                0x08006cee       0x14 ./Drivers/STM32F4xx_HAL_Driver/Src/stm32f4xx_hal_tim.o
                0x08006cee                HAL_TIM_IC_CaptureCallback
 .text.HAL_TIM_PWM_PulseFinishedCallback
                0x08006d02       0x14 ./Drivers/STM32F4xx_HAL_Driver/Src/stm32f4xx_hal_tim.o
                0x08006d02                HAL_TIM_PWM_PulseFinishedCallback
 .text.HAL_TIM_TriggerCallback
                0x08006d16       0x14 ./Drivers/STM32F4xx_HAL_Driver/Src/stm32f4xx_hal_tim.o
                0x08006d16                HAL_TIM_TriggerCallback
 *fill*         0x08006d2a        0x2 
 .text.TIM_Base_SetConfig
                0x08006d2c      0x158 ./Drivers/STM32F4xx_HAL_Driver/Src/stm32f4xx_hal_tim.o
                0x08006d2c                TIM_Base_SetConfig
 .text.TIM_OC1_SetConfig
                0x08006e84       0xe0 ./Drivers/STM32F4xx_HAL_Driver/Src/stm32f4xx_hal_tim.o
 .text.TIM_OC2_SetConfig
                0x08006f64       0xec ./Drivers/STM32F4xx_HAL_Driver/Src/stm32f4xx_hal_tim.o
                0x08006f64                TIM_OC2_SetConfig
 .text.TIM_OC3_SetConfig
                0x08007050       0xe8 ./Drivers/STM32F4xx_HAL_Driver/Src/stm32f4xx_hal_tim.o
 .text.TIM_OC4_SetConfig
                0x08007138       0xac ./Drivers/STM32F4xx_HAL_Driver/Src/stm32f4xx_hal_tim.o
 .text.TIM_TI1_ConfigInputStage
                0x080071e4       0x5e ./Drivers/STM32F4xx_HAL_Driver/Src/stm32f4xx_hal_tim.o
 .text.TIM_TI2_ConfigInputStage
                0x08007242       0x60 ./Drivers/STM32F4xx_HAL_Driver/Src/stm32f4xx_hal_tim.o
 .text.TIM_ITRx_SetConfig
                0x080072a2       0x36 ./Drivers/STM32F4xx_HAL_Driver/Src/stm32f4xx_hal_tim.o
 .text.TIM_ETR_SetConfig
                0x080072d8       0x40 ./Drivers/STM32F4xx_HAL_Driver/Src/stm32f4xx_hal_tim.o
                0x080072d8                TIM_ETR_SetConfig
 .text.TIM_CCxChannelCmd
                0x08007318       0x4a ./Drivers/STM32F4xx_HAL_Driver/Src/stm32f4xx_hal_tim.o
                0x08007318                TIM_CCxChannelCmd
 *fill*         0x08007362        0x2 
 .text.HAL_TIMEx_MasterConfigSynchronization
                0x08007364       0xf8 ./Drivers/STM32F4xx_HAL_Driver/Src/stm32f4xx_hal_tim_ex.o
                0x08007364                HAL_TIMEx_MasterConfigSynchronization
 .text.HAL_TIMEx_ConfigBreakDeadTime
                0x0800745c       0xa4 ./Drivers/STM32F4xx_HAL_Driver/Src/stm32f4xx_hal_tim_ex.o
                0x0800745c                HAL_TIMEx_ConfigBreakDeadTime
 .text.HAL_TIMEx_CommutCallback
                0x08007500       0x14 ./Drivers/STM32F4xx_HAL_Driver/Src/stm32f4xx_hal_tim_ex.o
                0x08007500                HAL_TIMEx_CommutCallback
 .text.HAL_TIMEx_BreakCallback
                0x08007514       0x14 ./Drivers/STM32F4xx_HAL_Driver/Src/stm32f4xx_hal_tim_ex.o
                0x08007514                HAL_TIMEx_BreakCallback
 .text.HAL_UART_Init
                0x08007528       0xa0 ./Drivers/STM32F4xx_HAL_Driver/Src/stm32f4xx_hal_uart.o
                0x08007528                HAL_UART_Init
 .text.HAL_UART_Transmit
                0x080075c8      0x116 ./Drivers/STM32F4xx_HAL_Driver/Src/stm32f4xx_hal_uart.o
                0x080075c8                HAL_UART_Transmit
 .text.HAL_UART_Receive_IT
                0x080076de       0x4a ./Drivers/STM32F4xx_HAL_Driver/Src/stm32f4xx_hal_uart.o
                0x080076de                HAL_UART_Receive_IT
 .text.HAL_UART_IRQHandler
                0x08007728      0x524 ./Drivers/STM32F4xx_HAL_Driver/Src/stm32f4xx_hal_uart.o
                0x08007728                HAL_UART_IRQHandler
 .text.HAL_UART_TxCpltCallback
                0x08007c4c       0x14 ./Drivers/STM32F4xx_HAL_Driver/Src/stm32f4xx_hal_uart.o
                0x08007c4c                HAL_UART_TxCpltCallback
 .text.HAL_UART_ErrorCallback
                0x08007c60       0x14 ./Drivers/STM32F4xx_HAL_Driver/Src/stm32f4xx_hal_uart.o
                0x08007c60                HAL_UART_ErrorCallback
 .text.HAL_UARTEx_RxEventCallback
                0x08007c74       0x18 ./Drivers/STM32F4xx_HAL_Driver/Src/stm32f4xx_hal_uart.o
                0x08007c74                HAL_UARTEx_RxEventCallback
 .text.UART_WaitOnFlagUntilTimeout
                0x08007c8c       0xb2 ./Drivers/STM32F4xx_HAL_Driver/Src/stm32f4xx_hal_uart.o
 .text.UART_Start_Receive_IT
                0x08007d3e       0x74 ./Drivers/STM32F4xx_HAL_Driver/Src/stm32f4xx_hal_uart.o
                0x08007d3e                UART_Start_Receive_IT
 .text.UART_EndRxTransfer
                0x08007db2       0xc6 ./Drivers/STM32F4xx_HAL_Driver/Src/stm32f4xx_hal_uart.o
 .text.UART_DMAAbortOnError
                0x08007e78       0x28 ./Drivers/STM32F4xx_HAL_Driver/Src/stm32f4xx_hal_uart.o
 .text.UART_Transmit_IT
                0x08007ea0       0xa0 ./Drivers/STM32F4xx_HAL_Driver/Src/stm32f4xx_hal_uart.o
 .text.UART_EndTransmit_IT
                0x08007f40       0x30 ./Drivers/STM32F4xx_HAL_Driver/Src/stm32f4xx_hal_uart.o
 .text.UART_Receive_IT
                0x08007f70      0x17c ./Drivers/STM32F4xx_HAL_Driver/Src/stm32f4xx_hal_uart.o
 .text.UART_SetConfig
                0x080080ec      0x4e8 ./Drivers/STM32F4xx_HAL_Driver/Src/stm32f4xx_hal_uart.o
 .text.xEventGroupCreate
                0x080085d4       0x2e ./ThirdParty/FreeRTOS/event_groups.o
                0x080085d4                xEventGroupCreate
 *fill*         0x08008602        0x2 
 .text.xEventGroupWaitBits
                0x08008604      0x1a4 ./ThirdParty/FreeRTOS/event_groups.o
                0x08008604                xEventGroupWaitBits
 .text.xEventGroupSetBits
                0x080087a8      0x118 ./ThirdParty/FreeRTOS/event_groups.o
                0x080087a8                xEventGroupSetBits
 .text.prvTestWaitCondition
                0x080088c0       0x44 ./ThirdParty/FreeRTOS/event_groups.o
 .text.vListInitialise
                0x08008904       0x40 ./ThirdParty/FreeRTOS/list.o
                0x08008904                vListInitialise
 .text.vListInitialiseItem
                0x08008944       0x1a ./ThirdParty/FreeRTOS/list.o
                0x08008944                vListInitialiseItem
 .text.vListInsertEnd
                0x0800895e       0x48 ./ThirdParty/FreeRTOS/list.o
                0x0800895e                vListInsertEnd
 .text.vListInsert
                0x080089a6       0x72 ./ThirdParty/FreeRTOS/list.o
                0x080089a6                vListInsert
 .text.uxListRemove
                0x08008a18       0x54 ./ThirdParty/FreeRTOS/list.o
                0x08008a18                uxListRemove
 .text.xQueueGenericReset
                0x08008a6c       0xd4 ./ThirdParty/FreeRTOS/queue.o
                0x08008a6c                xQueueGenericReset
 .text.xQueueGenericCreate
                0x08008b40       0xc4 ./ThirdParty/FreeRTOS/queue.o
                0x08008b40                xQueueGenericCreate
 .text.prvInitialiseNewQueue
                0x08008c04       0x52 ./ThirdParty/FreeRTOS/queue.o
 *fill*         0x08008c56        0x2 
 .text.xQueueGenericSend
                0x08008c58      0x254 ./ThirdParty/FreeRTOS/queue.o
                0x08008c58                xQueueGenericSend
 .text.xQueueGenericSendFromISR
                0x08008eac      0x184 ./ThirdParty/FreeRTOS/queue.o
                0x08008eac                xQueueGenericSendFromISR
 .text.xQueueReceive
                0x08009030      0x228 ./ThirdParty/FreeRTOS/queue.o
                0x08009030                xQueueReceive
 .text.xQueueSemaphoreTake
                0x08009258      0x280 ./ThirdParty/FreeRTOS/queue.o
                0x08009258                xQueueSemaphoreTake
 .text.xQueueReceiveFromISR
                0x080094d8      0x160 ./ThirdParty/FreeRTOS/queue.o
                0x080094d8                xQueueReceiveFromISR
 .text.uxQueueMessagesWaiting
                0x08009638       0x3e ./ThirdParty/FreeRTOS/queue.o
                0x08009638                uxQueueMessagesWaiting
 .text.prvGetDisinheritPriorityAfterTimeout
                0x08009676       0x30 ./ThirdParty/FreeRTOS/queue.o
 .text.prvCopyDataToQueue
                0x080096a6       0xd4 ./ThirdParty/FreeRTOS/queue.o
 .text.prvCopyDataFromQueue
                0x0800977a       0x4c ./ThirdParty/FreeRTOS/queue.o
 .text.prvUnlockQueue
                0x080097c6       0xa4 ./ThirdParty/FreeRTOS/queue.o
 .text.prvIsQueueEmpty
                0x0800986a       0x2c ./ThirdParty/FreeRTOS/queue.o
 .text.prvIsQueueFull
                0x08009896       0x30 ./ThirdParty/FreeRTOS/queue.o
 .text.xQueueIsQueueFullFromISR
                0x080098c6       0x4e ./ThirdParty/FreeRTOS/queue.o
                0x080098c6                xQueueIsQueueFullFromISR
 .text.vQueueAddToRegistry
                0x08009914       0x64 ./ThirdParty/FreeRTOS/queue.o
                0x08009914                vQueueAddToRegistry
 .text.vQueueWaitForMessageRestricted
                0x08009978       0x68 ./ThirdParty/FreeRTOS/queue.o
                0x08009978                vQueueWaitForMessageRestricted
 .text.xTaskCreate
                0x080099e0       0x82 ./ThirdParty/FreeRTOS/tasks.o
                0x080099e0                xTaskCreate
 .text.prvInitialiseNewTask
                0x08009a62      0x12e ./ThirdParty/FreeRTOS/tasks.o
 .text.prvAddNewTaskToReadyList
                0x08009b90      0x118 ./ThirdParty/FreeRTOS/tasks.o
 .text.vTaskStartScheduler
                0x08009ca8       0xc4 ./ThirdParty/FreeRTOS/tasks.o
                0x08009ca8                vTaskStartScheduler
 .text.vTaskSuspendAll
                0x08009d6c       0x1c ./ThirdParty/FreeRTOS/tasks.o
                0x08009d6c                vTaskSuspendAll
 .text.xTaskResumeAll
                0x08009d88      0x144 ./ThirdParty/FreeRTOS/tasks.o
                0x08009d88                xTaskResumeAll
 .text.xTaskGetTickCount
                0x08009ecc       0x20 ./ThirdParty/FreeRTOS/tasks.o
                0x08009ecc                xTaskGetTickCount
 .text.xTaskGetTickCountFromISR
                0x08009eec       0x24 ./ThirdParty/FreeRTOS/tasks.o
                0x08009eec                xTaskGetTickCountFromISR
 .text.xTaskIncrementTick
                0x08009f10      0x17c ./ThirdParty/FreeRTOS/tasks.o
                0x08009f10                xTaskIncrementTick
 .text.vTaskSwitchContext
                0x0800a08c       0xd4 ./ThirdParty/FreeRTOS/tasks.o
                0x0800a08c                vTaskSwitchContext
 .text.vTaskPlaceOnEventList
                0x0800a160       0x4c ./ThirdParty/FreeRTOS/tasks.o
                0x0800a160                vTaskPlaceOnEventList
 .text.vTaskPlaceOnUnorderedEventList
                0x0800a1ac       0x7c ./ThirdParty/FreeRTOS/tasks.o
                0x0800a1ac                vTaskPlaceOnUnorderedEventList
 .text.vTaskPlaceOnEventListRestricted
                0x0800a228       0x60 ./ThirdParty/FreeRTOS/tasks.o
                0x0800a228                vTaskPlaceOnEventListRestricted
 .text.xTaskRemoveFromEventList
                0x0800a288       0xd0 ./ThirdParty/FreeRTOS/tasks.o
                0x0800a288                xTaskRemoveFromEventList
 .text.vTaskRemoveFromUnorderedEventList
                0x0800a358       0xd0 ./ThirdParty/FreeRTOS/tasks.o
                0x0800a358                vTaskRemoveFromUnorderedEventList
 .text.vTaskInternalSetTimeOutState
                0x0800a428       0x2c ./ThirdParty/FreeRTOS/tasks.o
                0x0800a428                vTaskInternalSetTimeOutState
 .text.xTaskCheckForTimeOut
                0x0800a454       0xd0 ./ThirdParty/FreeRTOS/tasks.o
                0x0800a454                xTaskCheckForTimeOut
 .text.vTaskMissedYield
                0x0800a524       0x18 ./ThirdParty/FreeRTOS/tasks.o
                0x0800a524                vTaskMissedYield
 .text.prvIdleTask
                0x0800a53c       0x30 ./ThirdParty/FreeRTOS/tasks.o
 .text.prvInitialiseTaskLists
                0x0800a56c       0x80 ./ThirdParty/FreeRTOS/tasks.o
 .text.prvCheckTasksWaitingTermination
                0x0800a5ec       0x5c ./ThirdParty/FreeRTOS/tasks.o
 .text.prvDeleteTCB
                0x0800a648       0x20 ./ThirdParty/FreeRTOS/tasks.o
 .text.prvResetNextTaskUnblockTime
                0x0800a668       0x38 ./ThirdParty/FreeRTOS/tasks.o
 .text.xTaskGetSchedulerState
                0x0800a6a0       0x3c ./ThirdParty/FreeRTOS/tasks.o
                0x0800a6a0                xTaskGetSchedulerState
 .text.xTaskPriorityInherit
                0x0800a6dc       0xf4 ./ThirdParty/FreeRTOS/tasks.o
                0x0800a6dc                xTaskPriorityInherit
 .text.xTaskPriorityDisinherit
                0x0800a7d0      0x104 ./ThirdParty/FreeRTOS/tasks.o
                0x0800a7d0                xTaskPriorityDisinherit
 .text.vTaskPriorityDisinheritAfterTimeout
                0x0800a8d4      0x134 ./ThirdParty/FreeRTOS/tasks.o
                0x0800a8d4                vTaskPriorityDisinheritAfterTimeout
 .text.uxTaskResetEventItemValue
                0x0800aa08       0x30 ./ThirdParty/FreeRTOS/tasks.o
                0x0800aa08                uxTaskResetEventItemValue
 .text.pvTaskIncrementMutexHeldCount
                0x0800aa38       0x28 ./ThirdParty/FreeRTOS/tasks.o
                0x0800aa38                pvTaskIncrementMutexHeldCount
 .text.xTaskGenericNotifyWait
                0x0800aa60      0x114 ./ThirdParty/FreeRTOS/tasks.o
                0x0800aa60                xTaskGenericNotifyWait
 .text.xTaskGenericNotify
                0x0800ab74      0x1ec ./ThirdParty/FreeRTOS/tasks.o
                0x0800ab74                xTaskGenericNotify
 .text.xTaskGenericNotifyFromISR
                0x0800ad60      0x234 ./ThirdParty/FreeRTOS/tasks.o
                0x0800ad60                xTaskGenericNotifyFromISR
 .text.prvAddCurrentTaskToDelayedList
                0x0800af94       0xf0 ./ThirdParty/FreeRTOS/tasks.o
 .text.xTimerCreateTimerTask
                0x0800b084       0x68 ./ThirdParty/FreeRTOS/timers.o
                0x0800b084                xTimerCreateTimerTask
 .text.xTimerCreate
                0x0800b0ec       0x42 ./ThirdParty/FreeRTOS/timers.o
                0x0800b0ec                xTimerCreate
 .text.prvInitialiseNewTimer
                0x0800b12e       0x78 ./ThirdParty/FreeRTOS/timers.o
 *fill*         0x0800b1a6        0x2 
 .text.xTimerGenericCommand
                0x0800b1a8       0x9c ./ThirdParty/FreeRTOS/timers.o
                0x0800b1a8                xTimerGenericCommand
 .text.prvProcessExpiredTimer
                0x0800b244       0x9c ./ThirdParty/FreeRTOS/timers.o
 .text.prvTimerTask
                0x0800b2e0       0x26 ./ThirdParty/FreeRTOS/timers.o
 *fill*         0x0800b306        0x2 
 .text.prvProcessTimerOrBlockTask
                0x0800b308       0x9c ./ThirdParty/FreeRTOS/timers.o
 .text.prvGetNextExpireTime
                0x0800b3a4       0x48 ./ThirdParty/FreeRTOS/timers.o
 .text.prvSampleTimeNow
                0x0800b3ec       0x40 ./ThirdParty/FreeRTOS/timers.o
 .text.prvInsertTimerInActiveList
                0x0800b42c       0x84 ./ThirdParty/FreeRTOS/timers.o
 .text.prvProcessReceivedCommands
                0x0800b4b0      0x194 ./ThirdParty/FreeRTOS/timers.o
 .text.prvSwitchTimerLists
                0x0800b644       0xcc ./ThirdParty/FreeRTOS/timers.o
 .text.prvCheckForValidListAndQueue
                0x0800b710       0x6c ./ThirdParty/FreeRTOS/timers.o
 .text.pvTimerGetTimerID
                0x0800b77c       0x42 ./ThirdParty/FreeRTOS/timers.o
                0x0800b77c                pvTimerGetTimerID
 *fill*         0x0800b7be        0x2 
 .text.pxPortInitialiseStack
                0x0800b7c0       0x68 ./ThirdParty/FreeRTOS/portable/GCC/ARM_CM4F/port.o
                0x0800b7c0                pxPortInitialiseStack
 .text.prvTaskExitError
                0x0800b828       0x5c ./ThirdParty/FreeRTOS/portable/GCC/ARM_CM4F/port.o
 *fill*         0x0800b884        0xc 
 .text.SVC_Handler
                0x0800b890       0x28 ./ThirdParty/FreeRTOS/portable/GCC/ARM_CM4F/port.o
                0x0800b890                SVC_Handler
 .text.prvPortStartFirstTask
                0x0800b8b8       0x2c ./ThirdParty/FreeRTOS/portable/GCC/ARM_CM4F/port.o
 .text.xPortStartScheduler
                0x0800b8e4      0x148 ./ThirdParty/FreeRTOS/portable/GCC/ARM_CM4F/port.o
                0x0800b8e4                xPortStartScheduler
 .text.vInitPrioGroupValue
                0x0800ba2c      0x100 ./ThirdParty/FreeRTOS/portable/GCC/ARM_CM4F/port.o
                0x0800ba2c                vInitPrioGroupValue
 .text.vPortEnterCritical
                0x0800bb2c       0x64 ./ThirdParty/FreeRTOS/portable/GCC/ARM_CM4F/port.o
                0x0800bb2c                vPortEnterCritical
 .text.vPortExitCritical
                0x0800bb90       0x54 ./ThirdParty/FreeRTOS/portable/GCC/ARM_CM4F/port.o
                0x0800bb90                vPortExitCritical
 *fill*         0x0800bbe4        0xc 
 .text.PendSV_Handler
                0x0800bbf0       0x68 ./ThirdParty/FreeRTOS/portable/GCC/ARM_CM4F/port.o
                0x0800bbf0                PendSV_Handler
 .text.SysTick_Handler
                0x0800bc58       0x54 ./ThirdParty/FreeRTOS/portable/GCC/ARM_CM4F/port.o
                0x0800bc58                SysTick_Handler
 .text.vPortSetupTimerInterrupt
                0x0800bcac       0x48 ./ThirdParty/FreeRTOS/portable/GCC/ARM_CM4F/port.o
                0x0800bcac                vPortSetupTimerInterrupt
 .text.vPortEnableVFP
                0x0800bcf4       0x18 ./ThirdParty/FreeRTOS/portable/GCC/ARM_CM4F/port.o
 .text.vPortValidateInterruptPriority
                0x0800bd0c       0x84 ./ThirdParty/FreeRTOS/portable/GCC/ARM_CM4F/port.o
                0x0800bd0c                vPortValidateInterruptPriority
 .text.pvPortMalloc
                0x0800bd90      0x1c4 ./ThirdParty/FreeRTOS/portable/MemMang/heap_4.o
                0x0800bd90                pvPortMalloc
 .text.vPortFree
                0x0800bf54       0xc8 ./ThirdParty/FreeRTOS/portable/MemMang/heap_4.o
                0x0800bf54                vPortFree
 .text.prvHeapInit
                0x0800c01c       0xc4 ./ThirdParty/FreeRTOS/portable/MemMang/heap_4.o
 .text.prvInsertBlockIntoFreeList
                0x0800c0e0       0xb4 ./ThirdParty/FreeRTOS/portable/MemMang/heap_4.o
 .text._cbSendSystemDesc
                0x0800c194       0x1c ./ThirdParty/SEGGER/Config/SEGGER_SYSVIEW_Config_FreeRTOS.o
 .text.SEGGER_SYSVIEW_Conf
                0x0800c1b0       0x2c ./ThirdParty/SEGGER/Config/SEGGER_SYSVIEW_Config_FreeRTOS.o
                0x0800c1b0                SEGGER_SYSVIEW_Conf
 .text._cbSendTaskList
                0x0800c1dc       0x90 ./ThirdParty/SEGGER/OS/SEGGER_SYSVIEW_FreeRTOS.o
 .text._cbGetTime
                0x0800c26c       0x86 ./ThirdParty/SEGGER/OS/SEGGER_SYSVIEW_FreeRTOS.o
 *fill*         0x0800c2f2        0x2 
 .text.SYSVIEW_AddTask
                0x0800c2f4       0xd0 ./ThirdParty/SEGGER/OS/SEGGER_SYSVIEW_FreeRTOS.o
                0x0800c2f4                SYSVIEW_AddTask
 .text.SYSVIEW_SendTaskInfo
                0x0800c3c4       0x42 ./ThirdParty/SEGGER/OS/SEGGER_SYSVIEW_FreeRTOS.o
                0x0800c3c4                SYSVIEW_SendTaskInfo
 *fill*         0x0800c406        0x2 
 .text._DoInit  0x0800c408       0xb4 ./ThirdParty/SEGGER/SEGGER/SEGGER_RTT.o
 .text.SEGGER_RTT_ReadNoLock
                0x0800c4bc      0x10c ./ThirdParty/SEGGER/SEGGER/SEGGER_RTT.o
                0x0800c4bc                SEGGER_RTT_ReadNoLock
 .text.SEGGER_RTT_AllocUpBuffer
                0x0800c5c8      0x108 ./ThirdParty/SEGGER/SEGGER/SEGGER_RTT.o
                0x0800c5c8                SEGGER_RTT_AllocUpBuffer
 .text.SEGGER_RTT_ConfigDownBuffer
                0x0800c6d0       0x98 ./ThirdParty/SEGGER/SEGGER/SEGGER_RTT.o
                0x0800c6d0                SEGGER_RTT_ConfigDownBuffer
 .text._EncodeStr
                0x0800c768       0x60 ./ThirdParty/SEGGER/SEGGER/SEGGER_SYSVIEW.o
 .text._PreparePacket
                0x0800c7c8       0x18 ./ThirdParty/SEGGER/SEGGER/SEGGER_SYSVIEW.o
 .text._HandleIncomingPacket
                0x0800c7e0       0xdc ./ThirdParty/SEGGER/SEGGER/SEGGER_SYSVIEW.o
 .text._TrySendOverflowPacket
                0x0800c8bc       0xe4 ./ThirdParty/SEGGER/SEGGER/SEGGER_SYSVIEW.o
 .text._SendPacket
                0x0800c9a0      0x2dc ./ThirdParty/SEGGER/SEGGER/SEGGER_SYSVIEW.o
 .text.SEGGER_SYSVIEW_Init
                0x0800cc7c       0x88 ./ThirdParty/SEGGER/SEGGER/SEGGER_SYSVIEW.o
                0x0800cc7c                SEGGER_SYSVIEW_Init
 .text.SEGGER_SYSVIEW_SetRAMBase
                0x0800cd04       0x20 ./ThirdParty/SEGGER/SEGGER/SEGGER_SYSVIEW.o
                0x0800cd04                SEGGER_SYSVIEW_SetRAMBase
 .text.SEGGER_SYSVIEW_RecordVoid
                0x0800cd24       0x3c ./ThirdParty/SEGGER/SEGGER/SEGGER_SYSVIEW.o
                0x0800cd24                SEGGER_SYSVIEW_RecordVoid
 .text.SEGGER_SYSVIEW_RecordU32
                0x0800cd60       0x78 ./ThirdParty/SEGGER/SEGGER/SEGGER_SYSVIEW.o
                0x0800cd60                SEGGER_SYSVIEW_RecordU32
 .text.SEGGER_SYSVIEW_RecordU32x2
                0x0800cdd8       0xb4 ./ThirdParty/SEGGER/SEGGER/SEGGER_SYSVIEW.o
                0x0800cdd8                SEGGER_SYSVIEW_RecordU32x2
 .text.SEGGER_SYSVIEW_RecordU32x3
                0x0800ce8c       0xec ./ThirdParty/SEGGER/SEGGER/SEGGER_SYSVIEW.o
                0x0800ce8c                SEGGER_SYSVIEW_RecordU32x3
 .text.SEGGER_SYSVIEW_RecordU32x4
                0x0800cf78      0x124 ./ThirdParty/SEGGER/SEGGER/SEGGER_SYSVIEW.o
                0x0800cf78                SEGGER_SYSVIEW_RecordU32x4
 .text.SEGGER_SYSVIEW_RecordU32x5
                0x0800d09c      0x15c ./ThirdParty/SEGGER/SEGGER/SEGGER_SYSVIEW.o
                0x0800d09c                SEGGER_SYSVIEW_RecordU32x5
 .text.SEGGER_SYSVIEW_Start
                0x0800d1f8      0x174 ./ThirdParty/SEGGER/SEGGER/SEGGER_SYSVIEW.o
                0x0800d1f8                SEGGER_SYSVIEW_Start
 .text.SEGGER_SYSVIEW_Stop
                0x0800d36c       0x4c ./ThirdParty/SEGGER/SEGGER/SEGGER_SYSVIEW.o
                0x0800d36c                SEGGER_SYSVIEW_Stop
 .text.SEGGER_SYSVIEW_GetSysDesc
                0x0800d3b8      0x134 ./ThirdParty/SEGGER/SEGGER/SEGGER_SYSVIEW.o
                0x0800d3b8                SEGGER_SYSVIEW_GetSysDesc
 .text.SEGGER_SYSVIEW_SendTaskInfo
                0x0800d4ec      0x1c8 ./ThirdParty/SEGGER/SEGGER/SEGGER_SYSVIEW.o
                0x0800d4ec                SEGGER_SYSVIEW_SendTaskInfo
 .text.SEGGER_SYSVIEW_SendTaskList
                0x0800d6b4       0x28 ./ThirdParty/SEGGER/SEGGER/SEGGER_SYSVIEW.o
                0x0800d6b4                SEGGER_SYSVIEW_SendTaskList
 .text.SEGGER_SYSVIEW_SendSysDesc
                0x0800d6dc       0x48 ./ThirdParty/SEGGER/SEGGER/SEGGER_SYSVIEW.o
                0x0800d6dc                SEGGER_SYSVIEW_SendSysDesc
 .text.SEGGER_SYSVIEW_RecordSystime
                0x0800d724       0x64 ./ThirdParty/SEGGER/SEGGER/SEGGER_SYSVIEW.o
                0x0800d724                SEGGER_SYSVIEW_RecordSystime
 .text.SEGGER_SYSVIEW_RecordEnterISR
                0x0800d788       0x84 ./ThirdParty/SEGGER/SEGGER/SEGGER_SYSVIEW.o
                0x0800d788                SEGGER_SYSVIEW_RecordEnterISR
 .text.SEGGER_SYSVIEW_RecordExitISR
                0x0800d80c       0x38 ./ThirdParty/SEGGER/SEGGER/SEGGER_SYSVIEW.o
                0x0800d80c                SEGGER_SYSVIEW_RecordExitISR
 .text.SEGGER_SYSVIEW_RecordExitISRToScheduler
                0x0800d844       0x38 ./ThirdParty/SEGGER/SEGGER/SEGGER_SYSVIEW.o
                0x0800d844                SEGGER_SYSVIEW_RecordExitISRToScheduler
 .text.SEGGER_SYSVIEW_OnIdle
                0x0800d87c       0x38 ./ThirdParty/SEGGER/SEGGER/SEGGER_SYSVIEW.o
                0x0800d87c                SEGGER_SYSVIEW_OnIdle
 .text.SEGGER_SYSVIEW_OnTaskCreate
                0x0800d8b4       0x84 ./ThirdParty/SEGGER/SEGGER/SEGGER_SYSVIEW.o
                0x0800d8b4                SEGGER_SYSVIEW_OnTaskCreate
 .text.SEGGER_SYSVIEW_OnTaskStartExec
                0x0800d938       0x84 ./ThirdParty/SEGGER/SEGGER/SEGGER_SYSVIEW.o
                0x0800d938                SEGGER_SYSVIEW_OnTaskStartExec
 .text.SEGGER_SYSVIEW_OnTaskStartReady
                0x0800d9bc       0x84 ./ThirdParty/SEGGER/SEGGER/SEGGER_SYSVIEW.o
                0x0800d9bc                SEGGER_SYSVIEW_OnTaskStartReady
 .text.SEGGER_SYSVIEW_OnTaskStopReady
                0x0800da40       0xc0 ./ThirdParty/SEGGER/SEGGER/SEGGER_SYSVIEW.o
                0x0800da40                SEGGER_SYSVIEW_OnTaskStopReady
 .text.SEGGER_SYSVIEW_ShrinkId
                0x0800db00       0x20 ./ThirdParty/SEGGER/SEGGER/SEGGER_SYSVIEW.o
                0x0800db00                SEGGER_SYSVIEW_ShrinkId
 .text.SEGGER_SYSVIEW_SendModule
                0x0800db20      0x114 ./ThirdParty/SEGGER/SEGGER/SEGGER_SYSVIEW.o
                0x0800db20                SEGGER_SYSVIEW_SendModule
 .text.SEGGER_SYSVIEW_SendModuleDescription
                0x0800dc34       0x3c ./ThirdParty/SEGGER/SEGGER/SEGGER_SYSVIEW.o
                0x0800dc34                SEGGER_SYSVIEW_SendModuleDescription
 .text.SEGGER_SYSVIEW_SendNumModules
                0x0800dc70       0x7c ./ThirdParty/SEGGER/SEGGER/SEGGER_SYSVIEW.o
                0x0800dc70                SEGGER_SYSVIEW_SendNumModules
 .text.SEGGER_SYSVIEW_Warn
                0x0800dcec       0xb8 ./ThirdParty/SEGGER/SEGGER/SEGGER_SYSVIEW.o
                0x0800dcec                SEGGER_SYSVIEW_Warn
 .text.sprintf  0x0800dda4       0x40 /opt/st/stm32cubeide_1.15.0/plugins/com.st.stm32cube.ide.mcu.externaltools.gnu-tools-for-stm32.12.3.rel1.linux64_1.0.100.202403111256/tools/bin/../lib/gcc/arm-none-eabi/12.3.1/../../../../arm-none-eabi/lib/thumb/v7e-m+fp/hard/libc_nano.a(libc_a-sprintf.o)
                0x0800dda4                sprintf
                0x0800dda4                siprintf
 .text.memcmp   0x0800dde4       0x20 /opt/st/stm32cubeide_1.15.0/plugins/com.st.stm32cube.ide.mcu.externaltools.gnu-tools-for-stm32.12.3.rel1.linux64_1.0.100.202403111256/tools/bin/../lib/gcc/arm-none-eabi/12.3.1/../../../../arm-none-eabi/lib/thumb/v7e-m+fp/hard/libc_nano.a(libc_a-memcmp.o)
                0x0800dde4                memcmp
 .text.memset   0x0800de04       0x10 /opt/st/stm32cubeide_1.15.0/plugins/com.st.stm32cube.ide.mcu.externaltools.gnu-tools-for-stm32.12.3.rel1.linux64_1.0.100.202403111256/tools/bin/../lib/gcc/arm-none-eabi/12.3.1/../../../../arm-none-eabi/lib/thumb/v7e-m+fp/hard/libc_nano.a(libc_a-memset.o)
                0x0800de04                memset
 .text.__errno  0x0800de14        0xc /opt/st/stm32cubeide_1.15.0/plugins/com.st.stm32cube.ide.mcu.externaltools.gnu-tools-for-stm32.12.3.rel1.linux64_1.0.100.202403111256/tools/bin/../lib/gcc/arm-none-eabi/12.3.1/../../../../arm-none-eabi/lib/thumb/v7e-m+fp/hard/libc_nano.a(libc_a-errno.o)
                0x0800de14                __errno
 .text.__libc_init_array
                0x0800de20       0x48 /opt/st/stm32cubeide_1.15.0/plugins/com.st.stm32cube.ide.mcu.externaltools.gnu-tools-for-stm32.12.3.rel1.linux64_1.0.100.202403111256/tools/bin/../lib/gcc/arm-none-eabi/12.3.1/../../../../arm-none-eabi/lib/thumb/v7e-m+fp/hard/libc_nano.a(libc_a-init.o)
                0x0800de20                __libc_init_array
 .text.__retarget_lock_acquire_recursive
                0x0800de68        0x2 /opt/st/stm32cubeide_1.15.0/plugins/com.st.stm32cube.ide.mcu.externaltools.gnu-tools-for-stm32.12.3.rel1.linux64_1.0.100.202403111256/tools/bin/../lib/gcc/arm-none-eabi/12.3.1/../../../../arm-none-eabi/lib/thumb/v7e-m+fp/hard/libc_nano.a(libc_a-lock.o)
                0x0800de68                __retarget_lock_acquire_recursive
 .text.__retarget_lock_release_recursive
                0x0800de6a        0x2 /opt/st/stm32cubeide_1.15.0/plugins/com.st.stm32cube.ide.mcu.externaltools.gnu-tools-for-stm32.12.3.rel1.linux64_1.0.100.202403111256/tools/bin/../lib/gcc/arm-none-eabi/12.3.1/../../../../arm-none-eabi/lib/thumb/v7e-m+fp/hard/libc_nano.a(libc_a-lock.o)
                0x0800de6a                __retarget_lock_release_recursive
 .text.memcpy   0x0800de6c       0x1c /opt/st/stm32cubeide_1.15.0/plugins/com.st.stm32cube.ide.mcu.externaltools.gnu-tools-for-stm32.12.3.rel1.linux64_1.0.100.202403111256/tools/bin/../lib/gcc/arm-none-eabi/12.3.1/../../../../arm-none-eabi/lib/thumb/v7e-m+fp/hard/libc_nano.a(libc_a-memcpy-stub.o)
                0x0800de6c                memcpy
 .text._free_r  0x0800de88       0x94 /opt/st/stm32cubeide_1.15.0/plugins/com.st.stm32cube.ide.mcu.externaltools.gnu-tools-for-stm32.12.3.rel1.linux64_1.0.100.202403111256/tools/bin/../lib/gcc/arm-none-eabi/12.3.1/../../../../arm-none-eabi/lib/thumb/v7e-m+fp/hard/libc_nano.a(libc_a-freer.o)
                0x0800de88                _free_r
 .text.sbrk_aligned
                0x0800df1c       0x44 /opt/st/stm32cubeide_1.15.0/plugins/com.st.stm32cube.ide.mcu.externaltools.gnu-tools-for-stm32.12.3.rel1.linux64_1.0.100.202403111256/tools/bin/../lib/gcc/arm-none-eabi/12.3.1/../../../../arm-none-eabi/lib/thumb/v7e-m+fp/hard/libc_nano.a(libc_a-mallocr.o)
 .text._malloc_r
                0x0800df60      0x100 /opt/st/stm32cubeide_1.15.0/plugins/com.st.stm32cube.ide.mcu.externaltools.gnu-tools-for-stm32.12.3.rel1.linux64_1.0.100.202403111256/tools/bin/../lib/gcc/arm-none-eabi/12.3.1/../../../../arm-none-eabi/lib/thumb/v7e-m+fp/hard/libc_nano.a(libc_a-mallocr.o)
                0x0800df60                _malloc_r
 .text.__malloc_lock
                0x0800e060        0xc /opt/st/stm32cubeide_1.15.0/plugins/com.st.stm32cube.ide.mcu.externaltools.gnu-tools-for-stm32.12.3.rel1.linux64_1.0.100.202403111256/tools/bin/../lib/gcc/arm-none-eabi/12.3.1/../../../../arm-none-eabi/lib/thumb/v7e-m+fp/hard/libc_nano.a(libc_a-mlock.o)
                0x0800e060                __malloc_lock
 .text.__malloc_unlock
                0x0800e06c        0xc /opt/st/stm32cubeide_1.15.0/plugins/com.st.stm32cube.ide.mcu.externaltools.gnu-tools-for-stm32.12.3.rel1.linux64_1.0.100.202403111256/tools/bin/../lib/gcc/arm-none-eabi/12.3.1/../../../../arm-none-eabi/lib/thumb/v7e-m+fp/hard/libc_nano.a(libc_a-mlock.o)
                0x0800e06c                __malloc_unlock
 .text.__ssputs_r
                0x0800e078       0xb6 /opt/st/stm32cubeide_1.15.0/plugins/com.st.stm32cube.ide.mcu.externaltools.gnu-tools-for-stm32.12.3.rel1.linux64_1.0.100.202403111256/tools/bin/../lib/gcc/arm-none-eabi/12.3.1/../../../../arm-none-eabi/lib/thumb/v7e-m+fp/hard/libc_nano.a(libc_a-nano-svfprintf.o)
                0x0800e078                __ssputs_r
 *fill*         0x0800e12e        0x2 
 .text._svfprintf_r
                0x0800e130      0x1f8 /opt/st/stm32cubeide_1.15.0/plugins/com.st.stm32cube.ide.mcu.externaltools.gnu-tools-for-stm32.12.3.rel1.linux64_1.0.100.202403111256/tools/bin/../lib/gcc/arm-none-eabi/12.3.1/../../../../arm-none-eabi/lib/thumb/v7e-m+fp/hard/libc_nano.a(libc_a-nano-svfprintf.o)
                0x0800e130                _svfprintf_r
                0x0800e130                _svfiprintf_r
 .text._printf_common
                0x0800e328       0xda /opt/st/stm32cubeide_1.15.0/plugins/com.st.stm32cube.ide.mcu.externaltools.gnu-tools-for-stm32.12.3.rel1.linux64_1.0.100.202403111256/tools/bin/../lib/gcc/arm-none-eabi/12.3.1/../../../../arm-none-eabi/lib/thumb/v7e-m+fp/hard/libc_nano.a(libc_a-nano-vfprintf_i.o)
                0x0800e328                _printf_common
 *fill*         0x0800e402        0x2 
 .text._printf_i
                0x0800e404      0x240 /opt/st/stm32cubeide_1.15.0/plugins/com.st.stm32cube.ide.mcu.externaltools.gnu-tools-for-stm32.12.3.rel1.linux64_1.0.100.202403111256/tools/bin/../lib/gcc/arm-none-eabi/12.3.1/../../../../arm-none-eabi/lib/thumb/v7e-m+fp/hard/libc_nano.a(libc_a-nano-vfprintf_i.o)
                0x0800e404                _printf_i
 .text.memmove  0x0800e644       0x34 /opt/st/stm32cubeide_1.15.0/plugins/com.st.stm32cube.ide.mcu.externaltools.gnu-tools-for-stm32.12.3.rel1.linux64_1.0.100.202403111256/tools/bin/../lib/gcc/arm-none-eabi/12.3.1/../../../../arm-none-eabi/lib/thumb/v7e-m+fp/hard/libc_nano.a(libc_a-memmove.o)
                0x0800e644                memmove
 .text._sbrk_r  0x0800e678       0x20 /opt/st/stm32cubeide_1.15.0/plugins/com.st.stm32cube.ide.mcu.externaltools.gnu-tools-for-stm32.12.3.rel1.linux64_1.0.100.202403111256/tools/bin/../lib/gcc/arm-none-eabi/12.3.1/../../../../arm-none-eabi/lib/thumb/v7e-m+fp/hard/libc_nano.a(libc_a-sbrkr.o)
                0x0800e678                _sbrk_r
 .text._realloc_r
                0x0800e698       0x5c /opt/st/stm32cubeide_1.15.0/plugins/com.st.stm32cube.ide.mcu.externaltools.gnu-tools-for-stm32.12.3.rel1.linux64_1.0.100.202403111256/tools/bin/../lib/gcc/arm-none-eabi/12.3.1/../../../../arm-none-eabi/lib/thumb/v7e-m+fp/hard/libc_nano.a(libc_a-reallocr.o)
                0x0800e698                _realloc_r
 .text._malloc_usable_size_r
                0x0800e6f4       0x10 /opt/st/stm32cubeide_1.15.0/plugins/com.st.stm32cube.ide.mcu.externaltools.gnu-tools-for-stm32.12.3.rel1.linux64_1.0.100.202403111256/tools/bin/../lib/gcc/arm-none-eabi/12.3.1/../../../../arm-none-eabi/lib/thumb/v7e-m+fp/hard/libc_nano.a(libc_a-msizer.o)
                0x0800e6f4                _malloc_usable_size_r
 .text.sqrt     0x0800e704       0x58 /opt/st/stm32cubeide_1.15.0/plugins/com.st.stm32cube.ide.mcu.externaltools.gnu-tools-for-stm32.12.3.rel1.linux64_1.0.100.202403111256/tools/bin/../lib/gcc/arm-none-eabi/12.3.1/../../../../arm-none-eabi/lib/thumb/v7e-m+fp/hard/libm.a(libm_a-w_sqrt.o)
                0x0800e704                sqrt
 .text.__ieee754_sqrt
                0x0800e75c      0x1b4 /opt/st/stm32cubeide_1.15.0/plugins/com.st.stm32cube.ide.mcu.externaltools.gnu-tools-for-stm32.12.3.rel1.linux64_1.0.100.202403111256/tools/bin/../lib/gcc/arm-none-eabi/12.3.1/../../../../arm-none-eabi/lib/thumb/v7e-m+fp/hard/libm.a(libm_a-e_sqrt.o)
                0x0800e75c                __ieee754_sqrt
 *(.glue_7)
 .glue_7        0x0800e910        0x0 linker stubs
 *(.glue_7t)
 .glue_7t       0x0800e910        0x0 linker stubs
 *(.eh_frame)
 .eh_frame      0x0800e910        0x0 /opt/st/stm32cubeide_1.15.0/plugins/com.st.stm32cube.ide.mcu.externaltools.gnu-tools-for-stm32.12.3.rel1.linux64_1.0.100.202403111256/tools/bin/../lib/gcc/arm-none-eabi/12.3.1/thumb/v7e-m+fp/hard/crtbegin.o
 *(.init)
 .init          0x0800e910        0x4 /opt/st/stm32cubeide_1.15.0/plugins/com.st.stm32cube.ide.mcu.externaltools.gnu-tools-for-stm32.12.3.rel1.linux64_1.0.100.202403111256/tools/bin/../lib/gcc/arm-none-eabi/12.3.1/thumb/v7e-m+fp/hard/crti.o
                0x0800e910                _init
 .init          0x0800e914        0x8 /opt/st/stm32cubeide_1.15.0/plugins/com.st.stm32cube.ide.mcu.externaltools.gnu-tools-for-stm32.12.3.rel1.linux64_1.0.100.202403111256/tools/bin/../lib/gcc/arm-none-eabi/12.3.1/thumb/v7e-m+fp/hard/crtn.o
 *(.fini)
 .fini          0x0800e91c        0x4 /opt/st/stm32cubeide_1.15.0/plugins/com.st.stm32cube.ide.mcu.externaltools.gnu-tools-for-stm32.12.3.rel1.linux64_1.0.100.202403111256/tools/bin/../lib/gcc/arm-none-eabi/12.3.1/thumb/v7e-m+fp/hard/crti.o
                0x0800e91c                _fini
 .fini          0x0800e920        0x8 /opt/st/stm32cubeide_1.15.0/plugins/com.st.stm32cube.ide.mcu.externaltools.gnu-tools-for-stm32.12.3.rel1.linux64_1.0.100.202403111256/tools/bin/../lib/gcc/arm-none-eabi/12.3.1/thumb/v7e-m+fp/hard/crtn.o
                0x0800e928                        . = ALIGN (0x4)
                0x0800e928                        _etext = .

.vfp11_veneer   0x0800e928        0x0
 .vfp11_veneer  0x0800e928        0x0 linker stubs

.v4_bx          0x0800e928        0x0
 .v4_bx         0x0800e928        0x0 linker stubs

.iplt           0x0800e928        0x0
 .iplt          0x0800e928        0x0 /opt/st/stm32cubeide_1.15.0/plugins/com.st.stm32cube.ide.mcu.externaltools.gnu-tools-for-stm32.12.3.rel1.linux64_1.0.100.202403111256/tools/bin/../lib/gcc/arm-none-eabi/12.3.1/thumb/v7e-m+fp/hard/crtbegin.o

.rodata         0x0800e928      0xf7c
                0x0800e928                        . = ALIGN (0x4)
 *(.rodata)
 .rodata        0x0800e928      0x222 ./Core/Src/AccManager/AccManager.o
 *fill*         0x0800eb4a        0x2 
 .rodata        0x0800eb4c      0x2e5 ./Core/Src/LedManager/LedManager.o
 *fill*         0x0800ee31        0x3 
 .rodata        0x0800ee34      0x37d ./Core/Src/MotorManager/MotorManager.o
 *fill*         0x0800f1b1        0x3 
 .rodata        0x0800f1b4      0x2d1 ./Core/Src/RtcManager/RtcManager.o
 *fill*         0x0800f485        0x3 
 .rodata        0x0800f488      0x14b ./Core/Src/UartManager/UartManager.o
 *fill*         0x0800f5d3        0x1 
 .rodata        0x0800f5d4       0x7f ./Core/Src/main.o
 *fill*         0x0800f653        0x1 
 .rodata        0x0800f654        0x5 ./ThirdParty/FreeRTOS/tasks.o
 *fill*         0x0800f659        0x3 
 .rodata        0x0800f65c        0xd ./ThirdParty/FreeRTOS/timers.o
 *fill*         0x0800f669        0x3 
 .rodata        0x0800f66c       0x4d ./ThirdParty/SEGGER/Config/SEGGER_SYSVIEW_Config_FreeRTOS.o
 *fill*         0x0800f6b9        0x3 
 .rodata        0x0800f6bc       0x58 ./ThirdParty/SEGGER/OS/SEGGER_SYSVIEW_FreeRTOS.o
 .rodata        0x0800f714        0x9 ./ThirdParty/SEGGER/SEGGER/SEGGER_RTT.o
 *fill*         0x0800f71d        0x3 
 .rodata        0x0800f720       0x10 ./ThirdParty/SEGGER/SEGGER/SEGGER_SYSVIEW.o
 *(.rodata*)
 .rodata.AHBPrescTable
                0x0800f730       0x10 ./Core/Src/system_stm32f4xx.o
                0x0800f730                AHBPrescTable
 .rodata.APBPrescTable
                0x0800f740        0x8 ./Core/Src/system_stm32f4xx.o
                0x0800f740                APBPrescTable
 .rodata.SYSVIEW_X_OS_TraceAPI
                0x0800f748        0x8 ./ThirdParty/SEGGER/OS/SEGGER_SYSVIEW_FreeRTOS.o
                0x0800f748                SYSVIEW_X_OS_TraceAPI
 .rodata._aInitStr.0
                0x0800f750       0x11 ./ThirdParty/SEGGER/SEGGER/SEGGER_RTT.o
 *fill*         0x0800f761        0x3 
 .rodata._abSync
                0x0800f764        0xa ./ThirdParty/SEGGER/SEGGER/SEGGER_SYSVIEW.o
 .rodata._ctype_
                0x0800f76e      0x101 /opt/st/stm32cubeide_1.15.0/plugins/com.st.stm32cube.ide.mcu.externaltools.gnu-tools-for-stm32.12.3.rel1.linux64_1.0.100.202403111256/tools/bin/../lib/gcc/arm-none-eabi/12.3.1/../../../../arm-none-eabi/lib/thumb/v7e-m+fp/hard/libc_nano.a(libc_a-ctype_.o)
                0x0800f76e                _ctype_
 .rodata._svfprintf_r.str1.1
                0x0800f86f       0x11 /opt/st/stm32cubeide_1.15.0/plugins/com.st.stm32cube.ide.mcu.externaltools.gnu-tools-for-stm32.12.3.rel1.linux64_1.0.100.202403111256/tools/bin/../lib/gcc/arm-none-eabi/12.3.1/../../../../arm-none-eabi/lib/thumb/v7e-m+fp/hard/libc_nano.a(libc_a-nano-svfprintf.o)
 .rodata._printf_i.str1.1
                0x0800f880       0x22 /opt/st/stm32cubeide_1.15.0/plugins/com.st.stm32cube.ide.mcu.externaltools.gnu-tools-for-stm32.12.3.rel1.linux64_1.0.100.202403111256/tools/bin/../lib/gcc/arm-none-eabi/12.3.1/../../../../arm-none-eabi/lib/thumb/v7e-m+fp/hard/libc_nano.a(libc_a-nano-vfprintf_i.o)
                0x0800f8a4                        . = ALIGN (0x4)
 *fill*         0x0800f8a2        0x2 

.ARM.extab      0x0800f8a4        0x0
                0x0800f8a4                        . = ALIGN (0x4)
 *(.ARM.extab* .gnu.linkonce.armextab.*)
                0x0800f8a4                        . = ALIGN (0x4)

.ARM            0x0800f8a4        0x8
                0x0800f8a4                        . = ALIGN (0x4)
                0x0800f8a4                        __exidx_start = .
 *(.ARM.exidx*)
 .ARM.exidx     0x0800f8a4        0x8 /opt/st/stm32cubeide_1.15.0/plugins/com.st.stm32cube.ide.mcu.externaltools.gnu-tools-for-stm32.12.3.rel1.linux64_1.0.100.202403111256/tools/bin/../lib/gcc/arm-none-eabi/12.3.1/../../../../arm-none-eabi/lib/thumb/v7e-m+fp/hard/libc_nano.a(libc_a-strcmp.o)
 .ARM.exidx     0x0800f8ac        0x0 /opt/st/stm32cubeide_1.15.0/plugins/com.st.stm32cube.ide.mcu.externaltools.gnu-tools-for-stm32.12.3.rel1.linux64_1.0.100.202403111256/tools/bin/../lib/gcc/arm-none-eabi/12.3.1/../../../../arm-none-eabi/lib/thumb/v7e-m+fp/hard/libc_nano.a(libc_a-strlen.o)
                                  0x8 (size before relaxing)
 .ARM.exidx     0x0800f8ac        0x0 /opt/st/stm32cubeide_1.15.0/plugins/com.st.stm32cube.ide.mcu.externaltools.gnu-tools-for-stm32.12.3.rel1.linux64_1.0.100.202403111256/tools/bin/../lib/gcc/arm-none-eabi/12.3.1/../../../../arm-none-eabi/lib/thumb/v7e-m+fp/hard/libc_nano.a(libc_a-memchr.o)
                                  0x8 (size before relaxing)
 .ARM.exidx     0x0800f8ac        0x0 /opt/st/stm32cubeide_1.15.0/plugins/com.st.stm32cube.ide.mcu.externaltools.gnu-tools-for-stm32.12.3.rel1.linux64_1.0.100.202403111256/tools/bin/../lib/gcc/arm-none-eabi/12.3.1/thumb/v7e-m+fp/hard/libgcc.a(_udivmoddi4.o)
                                  0x8 (size before relaxing)
                0x0800f8ac                        __exidx_end = .
                0x0800f8ac                        . = ALIGN (0x4)

.preinit_array  0x0800f8ac        0x0
                0x0800f8ac                        . = ALIGN (0x4)
                0x0800f8ac                        PROVIDE (__preinit_array_start = .)
 *(.preinit_array*)
                0x0800f8ac                        PROVIDE (__preinit_array_end = .)
                0x0800f8ac                        . = ALIGN (0x4)

.init_array     0x0800f8ac        0x4
                0x0800f8ac                        . = ALIGN (0x4)
                0x0800f8ac                        PROVIDE (__init_array_start = .)
 *(SORT_BY_NAME(.init_array.*))
 *(.init_array*)
 .init_array    0x0800f8ac        0x4 /opt/st/stm32cubeide_1.15.0/plugins/com.st.stm32cube.ide.mcu.externaltools.gnu-tools-for-stm32.12.3.rel1.linux64_1.0.100.202403111256/tools/bin/../lib/gcc/arm-none-eabi/12.3.1/thumb/v7e-m+fp/hard/crtbegin.o
                0x0800f8b0                        PROVIDE (__init_array_end = .)
                0x0800f8b0                        . = ALIGN (0x4)

.fini_array     0x0800f8b0        0x4
                0x0800f8b0                        . = ALIGN (0x4)
                [!provide]                        PROVIDE (__fini_array_start = .)
 *(SORT_BY_NAME(.fini_array.*))
 *(.fini_array*)
 .fini_array    0x0800f8b0        0x4 /opt/st/stm32cubeide_1.15.0/plugins/com.st.stm32cube.ide.mcu.externaltools.gnu-tools-for-stm32.12.3.rel1.linux64_1.0.100.202403111256/tools/bin/../lib/gcc/arm-none-eabi/12.3.1/thumb/v7e-m+fp/hard/crtbegin.o
                [!provide]                        PROVIDE (__fini_array_end = .)
                0x0800f8b4                        . = ALIGN (0x4)
                0x0800f8b4                        _sidata = LOADADDR (.data)

.rel.dyn        0x0800f8b4        0x0
 .rel.iplt      0x0800f8b4        0x0 /opt/st/stm32cubeide_1.15.0/plugins/com.st.stm32cube.ide.mcu.externaltools.gnu-tools-for-stm32.12.3.rel1.linux64_1.0.100.202403111256/tools/bin/../lib/gcc/arm-none-eabi/12.3.1/thumb/v7e-m+fp/hard/crtbegin.o

.data           0x20000000      0x100 load address 0x0800f8b4
                0x20000000                        . = ALIGN (0x4)
                0x20000000                        _sdata = .
 *(.data)
 *(.data*)
 .data.msg_inv_acc
                0x20000000        0x4 ./Core/Src/AccManager/AccManager.o
                0x20000000                msg_inv_acc
 .data.msg_acc_menu
                0x20000004        0x4 ./Core/Src/AccManager/AccManager.o
                0x20000004                msg_acc_menu
 .data.acc.0    0x20000008        0x4 ./Core/Src/AccManager/AccManager.o
 .data.msg_inv_led
                0x2000000c        0x4 ./Core/Src/LedManager/LedManager.o
                0x2000000c                msg_inv_led
 .data.msg_no_active_effect
                0x20000010        0x4 ./Core/Src/LedManager/LedManager.o
                0x20000010                msg_no_active_effect
 .data.msg_err_freq
                0x20000014        0x4 ./Core/Src/LedManager/LedManager.o
                0x20000014                msg_err_freq
 .data.msg_inv_freq
                0x20000018        0x4 ./Core/Src/LedManager/LedManager.o
                0x20000018                msg_inv_freq
 .data.msg_led_menu
                0x2000001c        0x4 ./Core/Src/LedManager/LedManager.o
                0x2000001c                msg_led_menu
 .data.curr_led_state
                0x20000020        0x1 ./Core/Src/LedManager/LedManager.o
                0x20000020                curr_led_state
 *fill*         0x20000021        0x3 
 .data.flag.1   0x20000024        0x4 ./Core/Src/LedManager/LedManager.o
 .data.msg_inv_motor
                0x20000028        0x4 ./Core/Src/MotorManager/MotorManager.o
                0x20000028                msg_inv_motor
 .data.msg_speed_report
                0x2000002c        0x4 ./Core/Src/MotorManager/MotorManager.o
                0x2000002c                msg_speed_report
 .data.msg_motor_menu
                0x20000030        0x4 ./Core/Src/MotorManager/MotorManager.o
                0x20000030                msg_motor_menu
 .data.msg_stat_header
                0x20000034        0x4 ./Core/Src/MotorManager/MotorManager.o
                0x20000034                msg_stat_header
 .data.msg_stat_footer
                0x20000038        0x4 ./Core/Src/MotorManager/MotorManager.o
                0x20000038                msg_stat_footer
 .data.min_speed
                0x2000003c        0x4 ./Core/Src/MotorManager/MotorManager.o
 .data.speed.2  0x20000040        0x4 ./Core/Src/MotorManager/MotorManager.o
 .data.stats.0  0x20000044        0x4 ./Core/Src/MotorManager/MotorManager.o
 .data.msg_inv_rtc
                0x20000048        0x4 ./Core/Src/RtcManager/RtcManager.o
                0x20000048                msg_inv_rtc
 .data.msg_conf
                0x2000004c        0x4 ./Core/Src/RtcManager/RtcManager.o
                0x2000004c                msg_conf
 .data.msg_rtc_hh
                0x20000050        0x4 ./Core/Src/RtcManager/RtcManager.o
                0x20000050                msg_rtc_hh
 .data.msg_rtc_mm
                0x20000054        0x4 ./Core/Src/RtcManager/RtcManager.o
                0x20000054                msg_rtc_mm
 .data.msg_rtc_ss
                0x20000058        0x4 ./Core/Src/RtcManager/RtcManager.o
                0x20000058                msg_rtc_ss
 .data.msg_rtc_ampm
                0x2000005c        0x4 ./Core/Src/RtcManager/RtcManager.o
                0x2000005c                msg_rtc_ampm
 .data.msg_rtc_mo
                0x20000060        0x4 ./Core/Src/RtcManager/RtcManager.o
                0x20000060                msg_rtc_mo
 .data.msg_rtc_dd
                0x20000064        0x4 ./Core/Src/RtcManager/RtcManager.o
                0x20000064                msg_rtc_dd
 .data.msg_rtc_yr
                0x20000068        0x4 ./Core/Src/RtcManager/RtcManager.o
                0x20000068                msg_rtc_yr
 .data.msg_rtc_dow
                0x2000006c        0x4 ./Core/Src/RtcManager/RtcManager.o
                0x2000006c                msg_rtc_dow
 .data.msg_rtc_menu_1
                0x20000070        0x4 ./Core/Src/RtcManager/RtcManager.o
                0x20000070                msg_rtc_menu_1
 .data.msg_rtc_menu_2
                0x20000074        0x4 ./Core/Src/RtcManager/RtcManager.o
                0x20000074                msg_rtc_menu_2
 .data.time.2   0x20000078        0x4 ./Core/Src/RtcManager/RtcManager.o
 .data.date.0   0x2000007c        0x4 ./Core/Src/RtcManager/RtcManager.o
 .data.msg_inv_uart
                0x20000080        0x4 ./Core/Src/UartManager/UartManager.o
                0x20000080                msg_inv_uart
 .data.msg_main_menu
                0x20000084        0x4 ./Core/Src/UartManager/UartManager.o
                0x20000084                msg_main_menu
 .data.SystemCoreClock
                0x20000088        0x4 ./Core/Src/system_stm32f4xx.o
                0x20000088                SystemCoreClock
 .data.uwTickPrio
                0x2000008c        0x4 ./Drivers/STM32F4xx_HAL_Driver/Src/stm32f4xx_hal.o
                0x2000008c                uwTickPrio
 .data.uwTickFreq
                0x20000090        0x1 ./Drivers/STM32F4xx_HAL_Driver/Src/stm32f4xx_hal.o
                0x20000090                uwTickFreq
 *fill*         0x20000091        0x3 
 .data.uxTopUsedPriority
                0x20000094        0x4 ./ThirdParty/FreeRTOS/tasks.o
                0x20000094                uxTopUsedPriority
 .data.uxCriticalNesting
                0x20000098        0x4 ./ThirdParty/FreeRTOS/portable/GCC/ARM_CM4F/port.o
 .data._impure_ptr
                0x2000009c        0x4 /opt/st/stm32cubeide_1.15.0/plugins/com.st.stm32cube.ide.mcu.externaltools.gnu-tools-for-stm32.12.3.rel1.linux64_1.0.100.202403111256/tools/bin/../lib/gcc/arm-none-eabi/12.3.1/../../../../arm-none-eabi/lib/thumb/v7e-m+fp/hard/libc_nano.a(libc_a-impure.o)
                0x2000009c                _impure_ptr
 .data._impure_data
                0x200000a0       0x4c /opt/st/stm32cubeide_1.15.0/plugins/com.st.stm32cube.ide.mcu.externaltools.gnu-tools-for-stm32.12.3.rel1.linux64_1.0.100.202403111256/tools/bin/../lib/gcc/arm-none-eabi/12.3.1/../../../../arm-none-eabi/lib/thumb/v7e-m+fp/hard/libc_nano.a(libc_a-impure.o)
                0x200000a0                _impure_data
 *fill*         0x200000ec        0x4 
 .data.tiny     0x200000f0        0x8 /opt/st/stm32cubeide_1.15.0/plugins/com.st.stm32cube.ide.mcu.externaltools.gnu-tools-for-stm32.12.3.rel1.linux64_1.0.100.202403111256/tools/bin/../lib/gcc/arm-none-eabi/12.3.1/../../../../arm-none-eabi/lib/thumb/v7e-m+fp/hard/libm.a(libm_a-e_sqrt.o)
 .data.one      0x200000f8        0x8 /opt/st/stm32cubeide_1.15.0/plugins/com.st.stm32cube.ide.mcu.externaltools.gnu-tools-for-stm32.12.3.rel1.linux64_1.0.100.202403111256/tools/bin/../lib/gcc/arm-none-eabi/12.3.1/../../../../arm-none-eabi/lib/thumb/v7e-m+fp/hard/libm.a(libm_a-e_sqrt.o)
 *(.RamFunc)
 *(.RamFunc*)
                0x20000100                        . = ALIGN (0x4)
                0x20000100                        _edata = .
                0x0800f9b4                        _siccmram = LOADADDR (.ccmram)

.igot.plt       0x20000100        0x0 load address 0x0800f9b4
 .igot.plt      0x20000100        0x0 /opt/st/stm32cubeide_1.15.0/plugins/com.st.stm32cube.ide.mcu.externaltools.gnu-tools-for-stm32.12.3.rel1.linux64_1.0.100.202403111256/tools/bin/../lib/gcc/arm-none-eabi/12.3.1/thumb/v7e-m+fp/hard/crtbegin.o

.ccmram         0x10000000        0x0 load address 0x0800f9b4
                0x10000000                        . = ALIGN (0x4)
                0x10000000                        _sccmram = .
 *(.ccmram)
 *(.ccmram*)
                0x10000000                        . = ALIGN (0x4)
                0x10000000                        _eccmram = .
                0x10000000                        . = ALIGN (0x4)

.bss            0x20000100    0x1bd60
                0x20000100                        _sbss = .
                0x20000100                        __bss_start__ = _sbss
 *(.bss)
 .bss           0x20000100       0x1c /opt/st/stm32cubeide_1.15.0/plugins/com.st.stm32cube.ide.mcu.externaltools.gnu-tools-for-stm32.12.3.rel1.linux64_1.0.100.202403111256/tools/bin/../lib/gcc/arm-none-eabi/12.3.1/thumb/v7e-m+fp/hard/crtbegin.o
 *(.bss*)
 .bss.showacc.1
                0x2000011c       0x50 ./Core/Src/AccManager/AccManager.o
 .bss.i.0       0x2000016c        0x4 ./Core/Src/LedManager/LedManager.o
 .bss.encoder_count
                0x20000170        0x4 ./Core/Src/MotorManager/MotorManager.o
                0x20000170                encoder_count
 .bss.motor_speed
                0x20000174        0x4 ./Core/Src/MotorManager/MotorManager.o
                0x20000174                motor_speed
 .bss.last_a    0x20000178        0x1 ./Core/Src/MotorManager/MotorManager.o
                0x20000178                last_a
 .bss.last_b    0x20000179        0x1 ./Core/Src/MotorManager/MotorManager.o
                0x20000179                last_b
 *fill*         0x2000017a        0x2 
 .bss.curr_motor_state
                0x2000017c        0x4 ./Core/Src/MotorManager/MotorManager.o
 .bss.report_counter
                0x20000180        0x4 ./Core/Src/MotorManager/MotorManager.o
 .bss.max_speed
                0x20000184        0x4 ./Core/Src/MotorManager/MotorManager.o
 .bss.duration  0x20000188        0x4 ./Core/Src/MotorManager/MotorManager.o
 .bss.average   0x2000018c        0x4 ./Core/Src/MotorManager/MotorManager.o
 .bss.standard_dev
                0x20000190        0x4 ./Core/Src/MotorManager/MotorManager.o
                0x20000190                standard_dev
 .bss.speed_values
                0x20000194      0xfa0 ./Core/Src/MotorManager/MotorManager.o
                0x20000194                speed_values
 .bss.last_encoder_count.4
                0x20001134        0x4 ./Core/Src/MotorManager/MotorManager.o
 .bss.showspeed.3
                0x20001138       0x28 ./Core/Src/MotorManager/MotorManager.o
 .bss.showstats.1
                0x20001160       0xfa ./Core/Src/MotorManager/MotorManager.o
 *fill*         0x2000125a        0x2 
 .bss.curr_rtc_state
                0x2000125c        0x4 ./Core/Src/RtcManager/RtcManager.o
 .bss.time      0x20001260       0x14 ./Core/Src/RtcManager/RtcManager.o
                0x20001260                time
 .bss.date      0x20001274        0x4 ./Core/Src/RtcManager/RtcManager.o
                0x20001274                date
 .bss.showtime.3
                0x20001278       0x28 ./Core/Src/RtcManager/RtcManager.o
 .bss.showdate.1
                0x200012a0       0x28 ./Core/Src/RtcManager/RtcManager.o
 .bss.hrtc      0x200012c8       0x20 ./Core/Src/main.o
                0x200012c8                hrtc
 .bss.hspi1     0x200012e8       0x58 ./Core/Src/main.o
                0x200012e8                hspi1
 .bss.htim1     0x20001340       0x48 ./Core/Src/main.o
                0x20001340                htim1
 .bss.htim3     0x20001388       0x48 ./Core/Src/main.o
                0x20001388                htim3
 .bss.htim7     0x200013d0       0x48 ./Core/Src/main.o
                0x200013d0                htim7
 .bss.huart2    0x20001418       0x48 ./Core/Src/main.o
                0x20001418                huart2
 .bss.handle_main_menu_task
                0x20001460        0x4 ./Core/Src/main.o
                0x20001460                handle_main_menu_task
 .bss.handle_message_handler_task
                0x20001464        0x4 ./Core/Src/main.o
                0x20001464                handle_message_handler_task
 .bss.handle_print_task
                0x20001468        0x4 ./Core/Src/main.o
                0x20001468                handle_print_task
 .bss.handle_led_task
                0x2000146c        0x4 ./Core/Src/main.o
                0x2000146c                handle_led_task
 .bss.handle_rtc_task
                0x20001470        0x4 ./Core/Src/main.o
                0x20001470                handle_rtc_task
 .bss.handle_acc_task
                0x20001474        0x4 ./Core/Src/main.o
                0x20001474                handle_acc_task
 .bss.handle_motor_task
                0x20001478        0x4 ./Core/Src/main.o
                0x20001478                handle_motor_task
 .bss.q_print   0x2000147c        0x4 ./Core/Src/main.o
                0x2000147c                q_print
 .bss.q_data    0x20001480        0x4 ./Core/Src/main.o
                0x20001480                q_data
 .bss.handle_led_timer
                0x20001484       0x10 ./Core/Src/main.o
                0x20001484                handle_led_timer
 .bss.motor_report_timer
                0x20001494        0x4 ./Core/Src/main.o
                0x20001494                motor_report_timer
 .bss.ledEventGroup
                0x20001498        0x4 ./Core/Src/main.o
                0x20001498                ledEventGroup
 .bss.rtcSemaphore
                0x2000149c        0x4 ./Core/Src/main.o
                0x2000149c                rtcSemaphore
 .bss.ledOffSemaphore
                0x200014a0        0x4 ./Core/Src/main.o
                0x200014a0                ledOffSemaphore
 .bss.user_data
                0x200014a4        0x1 ./Core/Src/main.o
                0x200014a4                user_data
 .bss.curr_sys_state
                0x200014a5        0x1 ./Core/Src/main.o
                0x200014a5                curr_sys_state
 *fill*         0x200014a6        0x2 
 .bss.htim6     0x200014a8       0x48 ./Core/Src/stm32f4xx_hal_timebase_tim.o
                0x200014a8                htim6
 .bss.__sbrk_heap_end
                0x200014f0        0x4 ./Core/Src/sysmem.o
 .bss.uwTick    0x200014f4        0x4 ./Drivers/STM32F4xx_HAL_Driver/Src/stm32f4xx_hal.o
                0x200014f4                uwTick
 .bss.xQueueRegistry
                0x200014f8       0x40 ./ThirdParty/FreeRTOS/queue.o
                0x200014f8                xQueueRegistry
 .bss.pxCurrentTCB
                0x20001538        0x4 ./ThirdParty/FreeRTOS/tasks.o
                0x20001538                pxCurrentTCB
 .bss.pxReadyTasksLists
                0x2000153c       0x64 ./ThirdParty/FreeRTOS/tasks.o
 .bss.xDelayedTaskList1
                0x200015a0       0x14 ./ThirdParty/FreeRTOS/tasks.o
 .bss.xDelayedTaskList2