15:03:57 **** Clean-only build of configuration Debug for project FreeRTOSDemoProject ****
make -j4 clean 
rm -rf ./ThirdParty/SEGGER/SEGGER/Syscalls/SEGGER_RTT_Syscalls_GCC.cyclo ./ThirdParty/SEGGER/SEGGER/Syscalls/SEGGER_RTT_Syscalls_GCC.d ./ThirdParty/SEGGER/SEGGER/Syscalls/SEGGER_RTT_Syscalls_GCC.o ./ThirdParty/SEGGER/SEGGER/Syscalls/SEGGER_RTT_Syscalls_GCC.su
rm -rf ./ThirdParty/SEGGER/SEGGER/SEGGER_RTT.cyclo ./ThirdParty/SEGGER/SEGGER/SEGGER_RTT.d ./ThirdParty/SEGGER/SEGGER/SEGGER_RTT.o ./ThirdParty/SEGGER/SEGGER/SEGGER_RTT.su ./ThirdParty/SEGGER/SEGGER/SEGGER_RTT_ASM_ARMv7M.d ./ThirdParty/SEGGER/SEGGER/SEGGER_RTT_ASM_ARMv7M.o ./ThirdParty/SEGGER/SEGGER/SEGGER_RTT_printf.cyclo ./ThirdParty/SEGGER/SEGGER/SEGGER_RTT_printf.d ./ThirdParty/SEGGER/SEGGER/SEGGER_RTT_printf.o ./ThirdParty/SEGGER/SEGGER/SEGGER_RTT_printf.su ./ThirdParty/SEGGER/SEGGER/SEGGER_SYSVIEW.cyclo ./ThirdParty/SEGGER/SEGGER/SEGGER_SYSVIEW.d ./ThirdParty/SEGGER/SEGGER/SEGGER_SYSVIEW.o ./ThirdParty/SEGGER/SEGGER/SEGGER_SYSVIEW.su
rm -rf ./ThirdParty/SEGGER/OS/SEGGER_SYSVIEW_FreeRTOS.cyclo ./ThirdParty/SEGGER/OS/SEGGER_SYSVIEW_FreeRTOS.d ./ThirdParty/SEGGER/OS/SEGGER_SYSVIEW_FreeRTOS.o ./ThirdParty/SEGGER/OS/SEGGER_SYSVIEW_FreeRTOS.su
rm -rf ./ThirdParty/SEGGER/Config/SEGGER_SYSVIEW_Config_FreeRTOS.cyclo ./ThirdParty/SEGGER/Config/SEGGER_SYSVIEW_Config_FreeRTOS.d ./ThirdParty/SEGGER/Config/SEGGER_SYSVIEW_Config_FreeRTOS.o ./ThirdParty/SEGGER/Config/SEGGER_SYSVIEW_Config_FreeRTOS.su
rm -rf ./ThirdParty/FreeRTOS/portable/MemMang/heap_4.cyclo ./ThirdParty/FreeRTOS/portable/MemMang/heap_4.d ./ThirdParty/FreeRTOS/portable/MemMang/heap_4.o ./ThirdParty/FreeRTOS/portable/MemMang/heap_4.su
rm -rf ./ThirdParty/FreeRTOS/portable/GCC/ARM_CM4F/port.cyclo ./ThirdParty/FreeRTOS/portable/GCC/ARM_CM4F/port.d ./ThirdParty/FreeRTOS/portable/GCC/ARM_CM4F/port.o ./ThirdParty/FreeRTOS/portable/GCC/ARM_CM4F/port.su
rm -rf ./ThirdParty/FreeRTOS/croutine.cyclo ./ThirdParty/FreeRTOS/croutine.d ./ThirdParty/FreeRTOS/croutine.o ./ThirdParty/FreeRTOS/croutine.su ./ThirdParty/FreeRTOS/event_groups.cyclo ./ThirdParty/FreeRTOS/event_groups.d ./ThirdParty/FreeRTOS/event_groups.o ./ThirdParty/FreeRTOS/event_groups.su ./ThirdParty/FreeRTOS/list.cyclo ./ThirdParty/FreeRTOS/list.d ./ThirdParty/FreeRTOS/list.o ./ThirdParty/FreeRTOS/list.su ./ThirdParty/FreeRTOS/queue.cyclo ./ThirdParty/FreeRTOS/queue.d ./ThirdParty/FreeRTOS/queue.o ./ThirdParty/FreeRTOS/queue.su ./ThirdParty/FreeRTOS/stream_buffer.cyclo ./ThirdParty/FreeRTOS/stream_buffer.d ./ThirdParty/FreeRTOS/stream_buffer.o ./ThirdParty/FreeRTOS/stream_buffer.su ./ThirdParty/FreeRTOS/tasks.cyclo ./ThirdParty/FreeRTOS/tasks.d ./ThirdParty/FreeRTOS/tasks.o ./ThirdParty/FreeRTOS/tasks.su ./ThirdParty/FreeRTOS/timers.cyclo ./ThirdParty/FreeRTOS/timers.d ./ThirdParty/FreeRTOS/timers.o ./ThirdParty/FreeRTOS/timers.su
rm -rf ./Drivers/STM32F4xx_HAL_Driver/Src/stm32f4xx_hal.cyclo ./Drivers/STM32F4xx_HAL_Driver/Src/stm32f4xx_hal.d ./Drivers/STM32F4xx_HAL_Driver/Src/stm32f4xx_hal.o ./Drivers/STM32F4xx_HAL_Driver/Src/stm32f4xx_hal.su ./Drivers/STM32F4xx_HAL_Driver/Src/stm32f4xx_hal_cortex.cyclo ./Drivers/STM32F4xx_HAL_Driver/Src/stm32f4xx_hal_cortex.d ./Drivers/STM32F4xx_HAL_Driver/Src/stm32f4xx_hal_cortex.o ./Drivers/STM32F4xx_HAL_Driver/Src/stm32f4xx_hal_cortex.su ./Drivers/STM32F4xx_HAL_Driver/Src/stm32f4xx_hal_dma.cyclo ./Drivers/STM32F4xx_HAL_Driver/Src/stm32f4xx_hal_dma.d ./Drivers/STM32F4xx_HAL_Driver/Src/stm32f4xx_hal_dma.o ./Drivers/STM32F4xx_HAL_Driver/Src/stm32f4xx_hal_dma.su ./Drivers/STM32F4xx_HAL_Driver/Src/stm32f4xx_hal_dma_ex.cyclo ./Drivers/STM32F4xx_HAL_Driver/Src/stm32f4xx_hal_dma_ex.d ./Drivers/STM32F4xx_HAL_Driver/Src/stm32f4xx_hal_dma_ex.o ./Drivers/STM32F4xx_HAL_Driver/Src/stm32f4xx_hal_dma_ex.su ./Drivers/STM32F4xx_HAL_Driver/Src/stm32f4xx_hal_exti.cyclo ./Drivers/STM32F4xx_HAL_Driver/Src/stm32f4xx_hal_exti.d ./Drivers/STM32F4xx_HAL_Driver/Src/stm32f4xx_hal_exti.o ./Drivers/STM32F4xx_HAL_Driver/Src/stm32f4xx_hal_exti.su ./Drivers/STM32F4xx_HAL_Driver/Src/stm32f4xx_hal_flash.cyclo ./Drivers/STM32F4xx_HAL_Driver/Src/stm32f4xx_hal_flash.d ./Drivers/STM32F4xx_HAL_Driver/Src/stm32f4xx_hal_flash.o ./Drivers/STM32F4xx_HAL_Driver/Src/stm32f4xx_hal_flash.su ./Drivers/STM32F4xx_HAL_Driver/Src/stm32f4xx_hal_flash_ex.cyclo ./Drivers/STM32F4xx_HAL_Driver/Src/stm32f4xx_hal_flash_ex.d ./Drivers/STM32F4xx_HAL_Driver/Src/stm32f4xx_hal_flash_ex.o ./Drivers/STM32F4xx_HAL_Driver/Src/stm32f4xx_hal_flash_ex.su ./Drivers/STM32F4xx_HAL_Driver/Src/stm32f4xx_hal_flash_ramfunc.cyclo ./Drivers/STM32F4xx_HAL_Driver/Src/stm32f4xx_hal_flash_ramfunc.d ./Drivers/STM32F4xx_HAL_Driver/Src/stm32f4xx_hal_flash_ramfunc.o ./Drivers/STM32F4xx_HAL_Driver/Src/stm32f4xx_hal_flash_ramfunc.su ./Drivers/STM32F4xx_HAL_Driver/Src/stm32f4xx_hal_gpio.cyclo ./Drivers/STM32F4xx_HAL_Driver/Src/stm32f4xx_hal_gpio.d ./Drivers/STM32F4xx_HAL_Driver/Src/stm32f4xx_hal_gpio.o ./Drivers/STM32F4xx_HAL_Driver/Src/stm32f4xx_hal_gpio.su ./Drivers/STM32F4xx_HAL_Driver/Src/stm32f4xx_hal_pwr.cyclo ./Drivers/STM32F4xx_HAL_Driver/Src/stm32f4xx_hal_pwr.d ./Drivers/STM32F4xx_HAL_Driver/Src/stm32f4xx_hal_pwr.o ./Drivers/STM32F4xx_HAL_Driver/Src/stm32f4xx_hal_pwr.su ./Drivers/STM32F4xx_HAL_Driver/Src/stm32f4xx_hal_pwr_ex.cyclo ./Drivers/STM32F4xx_HAL_Driver/Src/stm32f4xx_hal_pwr_ex.d ./Drivers/STM32F4xx_HAL_Driver/Src/stm32f4xx_hal_pwr_ex.o ./Drivers/STM32F4xx_HAL_Driver/Src/stm32f4xx_hal_pwr_ex.su ./Drivers/STM32F4xx_HAL_Driver/Src/stm32f4xx_hal_rcc.cyclo ./Drivers/STM32F4xx_HAL_Driver/Src/stm32f4xx_hal_rcc.d ./Drivers/STM32F4xx_HAL_Driver/Src/stm32f4xx_hal_rcc.o ./Drivers/STM32F4xx_HAL_Driver/Src/stm32f4xx_hal_rcc.su ./Drivers/STM32F4xx_HAL_Driver/Src/stm32f4xx_hal_rcc_ex.cyclo ./Drivers/STM32F4xx_HAL_Driver/Src/stm32f4xx_hal_rcc_ex.d ./Drivers/STM32F4xx_HAL_Driver/Src/stm32f4xx_hal_rcc_ex.o ./Drivers/STM32F4xx_HAL_Driver/Src/stm32f4xx_hal_rcc_ex.su ./Drivers/STM32F4xx_HAL_Driver/Src/stm32f4xx_hal_rtc.cyclo ./Drivers/STM32F4xx_HAL_Driver/Src/stm32f4xx_hal_rtc.d ./Drivers/STM32F4xx_HAL_Driver/Src/stm32f4xx_hal_rtc.o ./Drivers/STM32F4xx_HAL_Driver/Src/stm32f4xx_hal_rtc.su ./Drivers/STM32F4xx_HAL_Driver/Src/stm32f4xx_hal_rtc_ex.cyclo ./Drivers/STM32F4xx_HAL_Driver/Src/stm32f4xx_hal_rtc_ex.d ./Drivers/STM32F4xx_HAL_Driver/Src/stm32f4xx_hal_rtc_ex.o ./Drivers/STM32F4xx_HAL_Driver/Src/stm32f4xx_hal_rtc_ex.su ./Drivers/STM32F4xx_HAL_Driver/Src/stm32f4xx_hal_spi.cyclo ./Drivers/STM32F4xx_HAL_Driver/Src/stm32f4xx_hal_spi.d ./Drivers/STM32F4xx_HAL_Driver/Src/stm32f4xx_hal_spi.o ./Drivers/STM32F4xx_HAL_Driver/Src/stm32f4xx_hal_spi.su ./Drivers/STM32F4xx_HAL_Driver/Src/stm32f4xx_hal_tim.cyclo ./Drivers/STM32F4xx_HAL_Driver/Src/stm32f4xx_hal_tim.d ./Drivers/STM32F4xx_HAL_Driver/Src/stm32f4xx_hal_tim.o ./Drivers/STM32F4xx_HAL_Driver/Src/stm32f4xx_hal_tim.su ./Drivers/STM32F4xx_HAL_Driver/Src/stm32f4xx_hal_tim_ex.cyclo ./Drivers/STM32F4xx_HAL_Driver/Src/stm32f4xx_hal_tim_ex.d ./Drivers/STM32F4xx_HAL_Driver/Src/stm32f4xx_hal_tim_ex.o ./Drivers/STM32F4xx_HAL_Driver/Src/stm32f4xx_hal_tim_ex.su ./Drivers/STM32F4xx_HAL_Driver/Src/stm32f4xx_hal_uart.cyclo ./Drivers/STM32F4xx_HAL_Driver/Src/stm32f4xx_hal_uart.d ./Drivers/STM32F4xx_HAL_Driver/Src/stm32f4xx_hal_uart.o ./Drivers/STM32F4xx_HAL_Driver/Src/stm32f4xx_hal_uart.su
rm -rf ./Core/Startup/startup_stm32f407vgtx.d ./Core/Startup/startup_stm32f407vgtx.o
rm -rf ./Core/Src/UartManager/UartManager.cyclo ./Core/Src/UartManager/UartManager.d ./Core/Src/UartManager/UartManager.o ./Core/Src/UartManager/UartManager.su
rm -rf ./Core/Src/RtcManager/RtcManager.cyclo ./Core/Src/RtcManager/RtcManager.d ./Core/Src/RtcManager/RtcManager.o ./Core/Src/RtcManager/RtcManager.su
rm -rf ./Core/Src/MotorManager/MotorManager.cyclo ./Core/Src/MotorManager/MotorManager.d ./Core/Src/MotorManager/MotorManager.o ./Core/Src/MotorManager/MotorManager.su
rm -rf ./Core/Src/LedManager/LedManager.cyclo ./Core/Src/LedManager/LedManager.d ./Core/Src/LedManager/LedManager.o ./Core/Src/LedManager/LedManager.su
rm -rf ./Core/Src/AccManager/AccManager.cyclo ./Core/Src/AccManager/AccManager.d ./Core/Src/AccManager/AccManager.o ./Core/Src/AccManager/AccManager.su
rm -rf ./Core/Src/main.cyclo ./Core/Src/main.d ./Core/Src/main.o ./Core/Src/main.su ./Core/Src/stm32f4xx_hal_msp.cyclo ./Core/Src/stm32f4xx_hal_msp.d ./Core/Src/stm32f4xx_hal_msp.o ./Core/Src/stm32f4xx_hal_msp.su ./Core/Src/stm32f4xx_hal_timebase_tim.cyclo ./Core/Src/stm32f4xx_hal_timebase_tim.d ./Core/Src/stm32f4xx_hal_timebase_tim.o ./Core/Src/stm32f4xx_hal_timebase_tim.su ./Core/Src/stm32f4xx_it.cyclo ./Core/Src/stm32f4xx_it.d ./Core/Src/stm32f4xx_it.o ./Core/Src/stm32f4xx_it.su ./Core/Src/syscalls.cyclo ./Core/Src/syscalls.d ./Core/Src/syscalls.o ./Core/Src/syscalls.su ./Core/Src/sysmem.cyclo ./Core/Src/sysmem.d ./Core/Src/sysmem.o ./Core/Src/sysmem.su ./Core/Src/system_stm32f4xx.cyclo ./Core/Src/system_stm32f4xx.d ./Core/Src/system_stm32f4xx.o ./Core/Src/system_stm32f4xx.su
rm -rf FreeRTOSDemoProject.elf FreeRTOSDemoProject.list FreeRTOSDemoProject.map default.size.stdout
 
15:03:58 **** Build of configuration Debug for project FreeRTOSDemoProject ****
make -j4 all 
arm-none-eabi-gcc "../ThirdParty/SEGGER/SEGGER/Syscalls/SEGGER_RTT_Syscalls_GCC.c" -mcpu=cortex-m4 -std=gnu11 -g3 -DDEBUG -DUSE_HAL_DRIVER -DSTM32F407xx -c -I../Core/Inc -I"/home/chris/Documents/portfolio/stm32f407-freertos-demo/FreeRTOSDemoProject/Core/Src/MotorManager" -I"/home/chris/Documents/portfolio/stm32f407-freertos-demo/FreeRTOSDemoProject/ThirdParty/SEGGER/Config" -I"/home/chris/Documents/portfolio/stm32f407-freertos-demo/FreeRTOSDemoProject/ThirdParty/SEGGER/OS" -I"/home/chris/Documents/portfolio/stm32f407-freertos-demo/FreeRTOSDemoProject/ThirdParty/SEGGER/SEGGER" -I"/home/chris/Documents/portfolio/stm32f407-freertos-demo/FreeRTOSDemoProject/Core/Src/AccManager" -I"/home/chris/Documents/portfolio/stm32f407-freertos-demo/FreeRTOSDemoProject/Core/Src/RtcManager" -I"/home/chris/Documents/portfolio/stm32f407-freertos-demo/FreeRTOSDemoProject/Core/Src/LedManager" -I"/home/chris/Documents/portfolio/stm32f407-freertos-demo/FreeRTOSDemoProject/Core/Src/UartManager" -I"/home/chris/Documents/portfolio/stm32f407-freertos-demo/FreeRTOSDemoProject/ThirdParty/FreeRTOS/portable/GCC/ARM_CM4F" -I"/home/chris/Documents/portfolio/stm32f407-freertos-demo/FreeRTOSDemoProject/ThirdParty/FreeRTOS/include" -I../Drivers/STM32F4xx_HAL_Driver/Inc -I../Drivers/STM32F4xx_HAL_Driver/Inc/Legacy -I../Drivers/CMSIS/Device/ST/STM32F4xx/Include -I../Drivers/CMSIS/Include -O0 -ffunction-sections -fdata-sections -Wall -fstack-usage -fcyclomatic-complexity -MMD -MP -MF"ThirdParty/SEGGER/SEGGER/Syscalls/SEGGER_RTT_Syscalls_GCC.d" -MT"ThirdParty/SEGGER/SEGGER/Syscalls/SEGGER_RTT_Syscalls_GCC.o" --specs=nano.specs -mfpu=fpv4-sp-d16 -mfloat-abi=hard -mthumb -o "ThirdParty/SEGGER/SEGGER/Syscalls/SEGGER_RTT_Syscalls_GCC.o"
arm-none-eabi-gcc "../ThirdParty/SEGGER/SEGGER/SEGGER_RTT.c" -mcpu=cortex-m4 -std=gnu11 -g3 -DDEBUG -DUSE_HAL_DRIVER -DSTM32F407xx -c -I../Core/Inc -I"/home/chris/Documents/portfolio/stm32f407-freertos-demo/FreeRTOSDemoProject/Core/Src/MotorManager" -I"/home/chris/Documents/portfolio/stm32f407-freertos-demo/FreeRTOSDemoProject/ThirdParty/SEGGER/Config" -I"/home/chris/Documents/portfolio/stm32f407-freertos-demo/FreeRTOSDemoProject/ThirdParty/SEGGER/OS" -I"/home/chris/Documents/portfolio/stm32f407-freertos-demo/FreeRTOSDemoProject/ThirdParty/SEGGER/SEGGER" -I"/home/chris/Documents/portfolio/stm32f407-freertos-demo/FreeRTOSDemoProject/Core/Src/AccManager" -I"/home/chris/Documents/portfolio/stm32f407-freertos-demo/FreeRTOSDemoProject/Core/Src/RtcManager" -I"/home/chris/Documents/portfolio/stm32f407-freertos-demo/FreeRTOSDemoProject/Core/Src/LedManager" -I"/home/chris/Documents/portfolio/stm32f407-freertos-demo/FreeRTOSDemoProject/Core/Src/UartManager" -I"/home/chris/Documents/portfolio/stm32f407-freertos-demo/FreeRTOSDemoProject/ThirdParty/FreeRTOS/portable/GCC/ARM_CM4F" -I"/home/chris/Documents/portfolio/stm32f407-freertos-demo/FreeRTOSDemoProject/ThirdParty/FreeRTOS/include" -I../Drivers/STM32F4xx_HAL_Driver/Inc -I../Drivers/STM32F4xx_HAL_Driver/Inc/Legacy -I../Drivers/CMSIS/Device/ST/STM32F4xx/Include -I../Drivers/CMSIS/Include -O0 -ffunction-sections -fdata-sections -Wall -fstack-usage -fcyclomatic-complexity -MMD -MP -MF"ThirdParty/SEGGER/SEGGER/SEGGER_RTT.d" -MT"ThirdParty/SEGGER/SEGGER/SEGGER_RTT.o" --specs=nano.specs -mfpu=fpv4-sp-d16 -mfloat-abi=hard -mthumb -o "ThirdParty/SEGGER/SEGGER/SEGGER_RTT.o"
arm-none-eabi-gcc -mcpu=cortex-m4 -g3 -DDEBUG -c -I"/home/chris/Documents/portfolio/stm32f407-freertos-demo/FreeRTOSDemoProject/ThirdParty/SEGGER/Config" -x assembler-with-cpp -MMD -MP -MF"ThirdParty/SEGGER/SEGGER/SEGGER_RTT_ASM_ARMv7M.d" -MT"ThirdParty/SEGGER/SEGGER/SEGGER_RTT_ASM_ARMv7M.o" --specs=nano.specs -mfpu=fpv4-sp-d16 -mfloat-abi=hard -mthumb -o "ThirdParty/SEGGER/SEGGER/SEGGER_RTT_ASM_ARMv7M.o" "../ThirdParty/SEGGER/SEGGER/SEGGER_RTT_ASM_ARMv7M.S"
arm-none-eabi-gcc "../ThirdParty/SEGGER/SEGGER/SEGGER_RTT_printf.c" -mcpu=cortex-m4 -std=gnu11 -g3 -DDEBUG -DUSE_HAL_DRIVER -DSTM32F407xx -c -I../Core/Inc -I"/home/chris/Documents/portfolio/stm32f407-freertos-demo/FreeRTOSDemoProject/Core/Src/MotorManager" -I"/home/chris/Documents/portfolio/stm32f407-freertos-demo/FreeRTOSDemoProject/ThirdParty/SEGGER/Config" -I"/home/chris/Documents/portfolio/stm32f407-freertos-demo/FreeRTOSDemoProject/ThirdParty/SEGGER/OS" -I"/home/chris/Documents/portfolio/stm32f407-freertos-demo/FreeRTOSDemoProject/ThirdParty/SEGGER/SEGGER" -I"/home/chris/Documents/portfolio/stm32f407-freertos-demo/FreeRTOSDemoProject/Core/Src/AccManager" -I"/home/chris/Documents/portfolio/stm32f407-freertos-demo/FreeRTOSDemoProject/Core/Src/RtcManager" -I"/home/chris/Documents/portfolio/stm32f407-freertos-demo/FreeRTOSDemoProject/Core/Src/LedManager" -I"/home/chris/Documents/portfolio/stm32f407-freertos-demo/FreeRTOSDemoProject/Core/Src/UartManager" -I"/home/chris/Documents/portfolio/stm32f407-freertos-demo/FreeRTOSDemoProject/ThirdParty/FreeRTOS/portable/GCC/ARM_CM4F" -I"/home/chris/Documents/portfolio/stm32f407-freertos-demo/FreeRTOSDemoProject/ThirdParty/FreeRTOS/include" -I../Drivers/STM32F4xx_HAL_Driver/Inc -I../Drivers/STM32F4xx_HAL_Driver/Inc/Legacy -I../Drivers/CMSIS/Device/ST/STM32F4xx/Include -I../Drivers/CMSIS/Include -O0 -ffunction-sections -fdata-sections -Wall -fstack-usage -fcyclomatic-complexity -MMD -MP -MF"ThirdParty/SEGGER/SEGGER/SEGGER_RTT_printf.d" -MT"ThirdParty/SEGGER/SEGGER/SEGGER_RTT_printf.o" --specs=nano.specs -mfpu=fpv4-sp-d16 -mfloat-abi=hard -mthumb -o "ThirdParty/SEGGER/SEGGER/SEGGER_RTT_printf.o"
arm-none-eabi-gcc "../ThirdParty/SEGGER/SEGGER/SEGGER_SYSVIEW.c" -mcpu=cortex-m4 -std=gnu11 -g3 -DDEBUG -DUSE_HAL_DRIVER -DSTM32F407xx -c -I../Core/Inc -I"/home/chris/Documents/portfolio/stm32f407-freertos-demo/FreeRTOSDemoProject/Core/Src/MotorManager" -I"/home/chris/Documents/portfolio/stm32f407-freertos-demo/FreeRTOSDemoProject/ThirdParty/SEGGER/Config" -I"/home/chris/Documents/portfolio/stm32f407-freertos-demo/FreeRTOSDemoProject/ThirdParty/SEGGER/OS" -I"/home/chris/Documents/portfolio/stm32f407-freertos-demo/FreeRTOSDemoProject/ThirdParty/SEGGER/SEGGER" -I"/home/chris/Documents/portfolio/stm32f407-freertos-demo/FreeRTOSDemoProject/Core/Src/AccManager" -I"/home/chris/Documents/portfolio/stm32f407-freertos-demo/FreeRTOSDemoProject/Core/Src/RtcManager" -I"/home/chris/Documents/portfolio/stm32f407-freertos-demo/FreeRTOSDemoProject/Core/Src/LedManager" -I"/home/chris/Documents/portfolio/stm32f407-freertos-demo/FreeRTOSDemoProject/Core/Src/UartManager" -I"/home/chris/Documents/portfolio/stm32f407-freertos-demo/FreeRTOSDemoProject/ThirdParty/FreeRTOS/portable/GCC/ARM_CM4F" -I"/home/chris/Documents/portfolio/stm32f407-freertos-demo/FreeRTOSDemoProject/ThirdParty/FreeRTOS/include" -I../Drivers/STM32F4xx_HAL_Driver/Inc -I../Drivers/STM32F4xx_HAL_Driver/Inc/Legacy -I../Drivers/CMSIS/Device/ST/STM32F4xx/Include -I../Drivers/CMSIS/Include -O0 -ffunction-sections -fdata-sections -Wall -fstack-usage -fcyclomatic-complexity -MMD -MP -MF"ThirdParty/SEGGER/SEGGER/SEGGER_SYSVIEW.d" -MT"ThirdParty/SEGGER/SEGGER/SEGGER_SYSVIEW.o" --specs=nano.specs -mfpu=fpv4-sp-d16 -mfloat-abi=hard -mthumb -o "ThirdParty/SEGGER/SEGGER/SEGGER_SYSVIEW.o"
arm-none-eabi-gcc "../ThirdParty/SEGGER/OS/SEGGER_SYSVIEW_FreeRTOS.c" -mcpu=cortex-m4 -std=gnu11 -g3 -DDEBUG -DUSE_HAL_DRIVER -DSTM32F407xx -c -I../Core/Inc -I"/home/chris/Documents/portfolio/stm32f407-freertos-demo/FreeRTOSDemoProject/Core/Src/MotorManager" -I"/home/chris/Documents/portfolio/stm32f407-freertos-demo/FreeRTOSDemoProject/ThirdParty/SEGGER/Config" -I"/home/chris/Documents/portfolio/stm32f407-freertos-demo/FreeRTOSDemoProject/ThirdParty/SEGGER/OS" -I"/home/chris/Documents/portfolio/stm32f407-freertos-demo/FreeRTOSDemoProject/ThirdParty/SEGGER/SEGGER" -I"/home/chris/Documents/portfolio/stm32f407-freertos-demo/FreeRTOSDemoProject/Core/Src/AccManager" -I"/home/chris/Documents/portfolio/stm32f407-freertos-demo/FreeRTOSDemoProject/Core/Src/RtcManager" -I"/home/chris/Documents/portfolio/stm32f407-freertos-demo/FreeRTOSDemoProject/Core/Src/LedManager" -I"/home/chris/Documents/portfolio/stm32f407-freertos-demo/FreeRTOSDemoProject/Core/Src/UartManager" -I"/home/chris/Documents/portfolio/stm32f407-freertos-demo/FreeRTOSDemoProject/ThirdParty/FreeRTOS/portable/GCC/ARM_CM4F" -I"/home/chris/Documents/portfolio/stm32f407-freertos-demo/FreeRTOSDemoProject/ThirdParty/FreeRTOS/include" -I../Drivers/STM32F4xx_HAL_Driver/Inc -I../Drivers/STM32F4xx_HAL_Driver/Inc/Legacy -I../Drivers/CMSIS/Device/ST/STM32F4xx/Include -I../Drivers/CMSIS/Include -O0 -ffunction-sections -fdata-sections -Wall -fstack-usage -fcyclomatic-complexity -MMD -MP -MF"ThirdParty/SEGGER/OS/SEGGER_SYSVIEW_FreeRTOS.d" -MT"ThirdParty/SEGGER/OS/SEGGER_SYSVIEW_FreeRTOS.o" --specs=nano.specs -mfpu=fpv4-sp-d16 -mfloat-abi=hard -mthumb -o "ThirdParty/SEGGER/OS/SEGGER_SYSVIEW_FreeRTOS.o"
arm-none-eabi-gcc "../ThirdParty/SEGGER/Config/SEGGER_SYSVIEW_Config_FreeRTOS.c" -mcpu=cortex-m4 -std=gnu11 -g3 -DDEBUG -DUSE_HAL_DRIVER -DSTM32F407xx -c -I../Core/Inc -I"/home/chris/Documents/portfolio/stm32f407-freertos-demo/FreeRTOSDemoProject/Core/Src/MotorManager" -I"/home/chris/Documents/portfolio/stm32f407-freertos-demo/FreeRTOSDemoProject/ThirdParty/SEGGER/Config" -I"/home/chris/Documents/portfolio/stm32f407-freertos-demo/FreeRTOSDemoProject/ThirdParty/SEGGER/OS" -I"/home/chris/Documents/portfolio/stm32f407-freertos-demo/FreeRTOSDemoProject/ThirdParty/SEGGER/SEGGER" -I"/home/chris/Documents/portfolio/stm32f407-freertos-demo/FreeRTOSDemoProject/Core/Src/AccManager" -I"/home/chris/Documents/portfolio/stm32f407-freertos-demo/FreeRTOSDemoProject/Core/Src/RtcManager" -I"/home/chris/Documents/portfolio/stm32f407-freertos-demo/FreeRTOSDemoProject/Core/Src/LedManager" -I"/home/chris/Documents/portfolio/stm32f407-freertos-demo/FreeRTOSDemoProject/Core/Src/UartManager" -I"/home/chris/Documents/portfolio/stm32f407-freertos-demo/FreeRTOSDemoProject/ThirdParty/FreeRTOS/portable/GCC/ARM_CM4F" -I"/home/chris/Documents/portfolio/stm32f407-freertos-demo/FreeRTOSDemoProject/ThirdParty/FreeRTOS/include" -I../Drivers/STM32F4xx_HAL_Driver/Inc -I../Drivers/STM32F4xx_HAL_Driver/Inc/Legacy -I../Drivers/CMSIS/Device/ST/STM32F4xx/Include -I../Drivers/CMSIS/Include -O0 -ffunction-sections -fdata-sections -Wall -fstack-usage -fcyclomatic-complexity -MMD -MP -MF"ThirdParty/SEGGER/Config/SEGGER_SYSVIEW_Config_FreeRTOS.d" -MT"ThirdParty/SEGGER/Config/SEGGER_SYSVIEW_Config_FreeRTOS.o" --specs=nano.specs -mfpu=fpv4-sp-d16 -mfloat-abi=hard -mthumb -o "ThirdParty/SEGGER/Config/SEGGER_SYSVIEW_Config_FreeRTOS.o"
arm-none-eabi-gcc "../ThirdParty/FreeRTOS/portable/MemMang/heap_4.c" -mcpu=cortex-m4 -std=gnu11 -g3 -DDEBUG -DUSE_HAL_DRIVER -DSTM32F407xx -c -I../Core/Inc -I"/home/chris/Documents/portfolio/stm32f407-freertos-demo/FreeRTOSDemoProject/Core/Src/MotorManager" -I"/home/chris/Documents/portfolio/stm32f407-freertos-demo/FreeRTOSDemoProject/ThirdParty/SEGGER/Config" -I"/home/chris/Documents/portfolio/stm32f407-freertos-demo/FreeRTOSDemoProject/ThirdParty/SEGGER/OS" -I"/home/chris/Documents/portfolio/stm32f407-freertos-demo/FreeRTOSDemoProject/ThirdParty/SEGGER/SEGGER" -I"/home/chris/Documents/portfolio/stm32f407-freertos-demo/FreeRTOSDemoProject/Core/Src/AccManager" -I"/home/chris/Documents/portfolio/stm32f407-freertos-demo/FreeRTOSDemoProject/Core/Src/RtcManager" -I"/home/chris/Documents/portfolio/stm32f407-freertos-demo/FreeRTOSDemoProject/Core/Src/LedManager" -I"/home/chris/Documents/portfolio/stm32f407-freertos-demo/FreeRTOSDemoProject/Core/Src/UartManager" -I"/home/chris/Documents/portfolio/stm32f407-freertos-demo/FreeRTOSDemoProject/ThirdParty/FreeRTOS/portable/GCC/ARM_CM4F" -I"/home/chris/Documents/portfolio/stm32f407-freertos-demo/FreeRTOSDemoProject/ThirdParty/FreeRTOS/include" -I../Drivers/STM32F4xx_HAL_Driver/Inc -I../Drivers/STM32F4xx_HAL_Driver/Inc/Legacy -I../Drivers/CMSIS/Device/ST/STM32F4xx/Include -I../Drivers/CMSIS/Include -O0 -ffunction-sections -fdata-sections -Wall -fstack-usage -fcyclomatic-complexity -MMD -MP -MF"ThirdParty/FreeRTOS/portable/MemMang/heap_4.d" -MT"ThirdParty/FreeRTOS/portable/MemMang/heap_4.o" --specs=nano.specs -mfpu=fpv4-sp-d16 -mfloat-abi=hard -mthumb -o "ThirdParty/FreeRTOS/portable/MemMang/heap_4.o"
arm-none-eabi-gcc "../ThirdParty/FreeRTOS/portable/GCC/ARM_CM4F/port.c" -mcpu=cortex-m4 -std=gnu11 -g3 -DDEBUG -DUSE_HAL_DRIVER -DSTM32F407xx -c -I../Core/Inc -I"/home/chris/Documents/portfolio/stm32f407-freertos-demo/FreeRTOSDemoProject/Core/Src/MotorManager" -I"/home/chris/Documents/portfolio/stm32f407-freertos-demo/FreeRTOSDemoProject/ThirdParty/SEGGER/Config" -I"/home/chris/Documents/portfolio/stm32f407-freertos-demo/FreeRTOSDemoProject/ThirdParty/SEGGER/OS" -I"/home/chris/Documents/portfolio/stm32f407-freertos-demo/FreeRTOSDemoProject/ThirdParty/SEGGER/SEGGER" -I"/home/chris/Documents/portfolio/stm32f407-freertos-demo/FreeRTOSDemoProject/Core/Src/AccManager" -I"/home/chris/Documents/portfolio/stm32f407-freertos-demo/FreeRTOSDemoProject/Core/Src/RtcManager" -I"/home/chris/Documents/portfolio/stm32f407-freertos-demo/FreeRTOSDemoProject/Core/Src/LedManager" -I"/home/chris/Documents/portfolio/stm32f407-freertos-demo/FreeRTOSDemoProject/Core/Src/UartManager" -I"/home/chris/Documents/portfolio/stm32f407-freertos-demo/FreeRTOSDemoProject/ThirdParty/FreeRTOS/portable/GCC/ARM_CM4F" -I"/home/chris/Documents/portfolio/stm32f407-freertos-demo/FreeRTOSDemoProject/ThirdParty/FreeRTOS/include" -I../Drivers/STM32F4xx_HAL_Driver/Inc -I../Drivers/STM32F4xx_HAL_Driver/Inc/Legacy -I../Drivers/CMSIS/Device/ST/STM32F4xx/Include -I../Drivers/CMSIS/Include -O0 -ffunction-sections -fdata-sections -Wall -fstack-usage -fcyclomatic-complexity -MMD -MP -MF"ThirdParty/FreeRTOS/portable/GCC/ARM_CM4F/port.d" -MT"ThirdParty/FreeRTOS/portable/GCC/ARM_CM4F/port.o" --specs=nano.specs -mfpu=fpv4-sp-d16 -mfloat-abi=hard -mthumb -o "ThirdParty/FreeRTOS/portable/GCC/ARM_CM4F/port.o"
arm-none-eabi-gcc "../ThirdParty/FreeRTOS/croutine.c" -mcpu=cortex-m4 -std=gnu11 -g3 -DDEBUG -DUSE_HAL_DRIVER -DSTM32F407xx -c -I../Core/Inc -I"/home/chris/Documents/portfolio/stm32f407-freertos-demo/FreeRTOSDemoProject/Core/Src/MotorManager" -I"/home/chris/Documents/portfolio/stm32f407-freertos-demo/FreeRTOSDemoProject/ThirdParty/SEGGER/Config" -I"/home/chris/Documents/portfolio/stm32f407-freertos-demo/FreeRTOSDemoProject/ThirdParty/SEGGER/OS" -I"/home/chris/Documents/portfolio/stm32f407-freertos-demo/FreeRTOSDemoProject/ThirdParty/SEGGER/SEGGER" -I"/home/chris/Documents/portfolio/stm32f407-freertos-demo/FreeRTOSDemoProject/Core/Src/AccManager" -I"/home/chris/Documents/portfolio/stm32f407-freertos-demo/FreeRTOSDemoProject/Core/Src/RtcManager" -I"/home/chris/Documents/portfolio/stm32f407-freertos-demo/FreeRTOSDemoProject/Core/Src/LedManager" -I"/home/chris/Documents/portfolio/stm32f407-freertos-demo/FreeRTOSDemoProject/Core/Src/UartManager" -I"/home/chris/Documents/portfolio/stm32f407-freertos-demo/FreeRTOSDemoProject/ThirdParty/FreeRTOS/portable/GCC/ARM_CM4F" -I"/home/chris/Documents/portfolio/stm32f407-freertos-demo/FreeRTOSDemoProject/ThirdParty/FreeRTOS/include" -I../Drivers/STM32F4xx_HAL_Driver/Inc -I../Drivers/STM32F4xx_HAL_Driver/Inc/Legacy -I../Drivers/CMSIS/Device/ST/STM32F4xx/Include -I../Drivers/CMSIS/Include -O0 -ffunction-sections -fdata-sections -Wall -fstack-usage -fcyclomatic-complexity -MMD -MP -MF"ThirdParty/FreeRTOS/croutine.d" -MT"ThirdParty/FreeRTOS/croutine.o" --specs=nano.specs -mfpu=fpv4-sp-d16 -mfloat-abi=hard -mthumb -o "ThirdParty/FreeRTOS/croutine.o"
arm-none-eabi-gcc "../ThirdParty/FreeRTOS/event_groups.c" -mcpu=cortex-m4 -std=gnu11 -g3 -DDEBUG -DUSE_HAL_DRIVER -DSTM32F407xx -c -I../Core/Inc -I"/home/chris/Documents/portfolio/stm32f407-freertos-demo/FreeRTOSDemoProject/Core/Src/MotorManager" -I"/home/chris/Documents/portfolio/stm32f407-freertos-demo/FreeRTOSDemoProject/ThirdParty/SEGGER/Config" -I"/home/chris/Documents/portfolio/stm32f407-freertos-demo/FreeRTOSDemoProject/ThirdParty/SEGGER/OS" -I"/home/chris/Documents/portfolio/stm32f407-freertos-demo/FreeRTOSDemoProject/ThirdParty/SEGGER/SEGGER" -I"/home/chris/Documents/portfolio/stm32f407-freertos-demo/FreeRTOSDemoProject/Core/Src/AccManager" -I"/home/chris/Documents/portfolio/stm32f407-freertos-demo/FreeRTOSDemoProject/Core/Src/RtcManager" -I"/home/chris/Documents/portfolio/stm32f407-freertos-demo/FreeRTOSDemoProject/Core/Src/LedManager" -I"/home/chris/Documents/portfolio/stm32f407-freertos-demo/FreeRTOSDemoProject/Core/Src/UartManager" -I"/home/chris/Documents/portfolio/stm32f407-freertos-demo/FreeRTOSDemoProject/ThirdParty/FreeRTOS/portable/GCC/ARM_CM4F" -I"/home/chris/Documents/portfolio/stm32f407-freertos-demo/FreeRTOSDemoProject/ThirdParty/FreeRTOS/include" -I../Drivers/STM32F4xx_HAL_Driver/Inc -I../Drivers/STM32F4xx_HAL_Driver/Inc/Legacy -I../Drivers/CMSIS/Device/ST/STM32F4xx/Include -I../Drivers/CMSIS/Include -O0 -ffunction-sections -fdata-sections -Wall -fstack-usage -fcyclomatic-complexity -MMD -MP -MF"ThirdParty/FreeRTOS/event_groups.d" -MT"ThirdParty/FreeRTOS/event_groups.o" --specs=nano.specs -mfpu=fpv4-sp-d16 -mfloat-abi=hard -mthumb -o "ThirdParty/FreeRTOS/event_groups.o"
arm-none-eabi-gcc "../ThirdParty/FreeRTOS/list.c" -mcpu=cortex-m4 -std=gnu11 -g3 -DDEBUG -DUSE_HAL_DRIVER -DSTM32F407xx -c -I../Core/Inc -I"/home/chris/Documents/portfolio/stm32f407-freertos-demo/FreeRTOSDemoProject/Core/Src/MotorManager" -I"/home/chris/Documents/portfolio/stm32f407-freertos-demo/FreeRTOSDemoProject/ThirdParty/SEGGER/Config" -I"/home/chris/Documents/portfolio/stm32f407-freertos-demo/FreeRTOSDemoProject/ThirdParty/SEGGER/OS" -I"/home/chris/Documents/portfolio/stm32f407-freertos-demo/FreeRTOSDemoProject/ThirdParty/SEGGER/SEGGER" -I"/home/chris/Documents/portfolio/stm32f407-freertos-demo/FreeRTOSDemoProject/Core/Src/AccManager" -I"/home/chris/Documents/portfolio/stm32f407-freertos-demo/FreeRTOSDemoProject/Core/Src/RtcManager" -I"/home/chris/Documents/portfolio/stm32f407-freertos-demo/FreeRTOSDemoProject/Core/Src/LedManager" -I"/home/chris/Documents/portfolio/stm32f407-freertos-demo/FreeRTOSDemoProject/Core/Src/UartManager" -I"/home/chris/Documents/portfolio/stm32f407-freertos-demo/FreeRTOSDemoProject/ThirdParty/FreeRTOS/portable/GCC/ARM_CM4F" -I"/home/chris/Documents/portfolio/stm32f407-freertos-demo/FreeRTOSDemoProject/ThirdParty/FreeRTOS/include" -I../Drivers/STM32F4xx_HAL_Driver/Inc -I../Drivers/STM32F4xx_HAL_Driver/Inc/Legacy -I../Drivers/CMSIS/Device/ST/STM32F4xx/Include -I../Drivers/CMSIS/Include -O0 -ffunction-sections -fdata-sections -Wall -fstack-usage -fcyclomatic-complexity -MMD -MP -MF"ThirdParty/FreeRTOS/list.d" -MT"ThirdParty/FreeRTOS/list.o" --specs=nano.specs -mfpu=fpv4-sp-d16 -mfloat-abi=hard -mthumb -o "ThirdParty/FreeRTOS/list.o"
arm-none-eabi-gcc "../ThirdParty/FreeRTOS/queue.c" -mcpu=cortex-m4 -std=gnu11 -g3 -DDEBUG -DUSE_HAL_DRIVER -DSTM32F407xx -c -I../Core/Inc -I"/home/chris/Documents/portfolio/stm32f407-freertos-demo/FreeRTOSDemoProject/Core/Src/MotorManager" -I"/home/chris/Documents/portfolio/stm32f407-freertos-demo/FreeRTOSDemoProject/ThirdParty/SEGGER/Config" -I"/home/chris/Documents/portfolio/stm32f407-freertos-demo/FreeRTOSDemoProject/ThirdParty/SEGGER/OS" -I"/home/chris/Documents/portfolio/stm32f407-freertos-demo/FreeRTOSDemoProject/ThirdParty/SEGGER/SEGGER" -I"/home/chris/Documents/portfolio/stm32f407-freertos-demo/FreeRTOSDemoProject/Core/Src/AccManager" -I"/home/chris/Documents/portfolio/stm32f407-freertos-demo/FreeRTOSDemoProject/Core/Src/RtcManager" -I"/home/chris/Documents/portfolio/stm32f407-freertos-demo/FreeRTOSDemoProject/Core/Src/LedManager" -I"/home/chris/Documents/portfolio/stm32f407-freertos-demo/FreeRTOSDemoProject/Core/Src/UartManager" -I"/home/chris/Documents/portfolio/stm32f407-freertos-demo/FreeRTOSDemoProject/ThirdParty/FreeRTOS/portable/GCC/ARM_CM4F" -I"/home/chris/Documents/portfolio/stm32f407-freertos-demo/FreeRTOSDemoProject/ThirdParty/FreeRTOS/include" -I../Drivers/STM32F4xx_HAL_Driver/Inc -I../Drivers/STM32F4xx_HAL_Driver/Inc/Legacy -I../Drivers/CMSIS/Device/ST/STM32F4xx/Include -I../Drivers/CMSIS/Include -O0 -ffunction-sections -fdata-sections -Wall -fstack-usage -fcyclomatic-complexity -MMD -MP -MF"ThirdParty/FreeRTOS/queue.d" -MT"ThirdParty/FreeRTOS/queue.o" --specs=nano.specs -mfpu=fpv4-sp-d16 -mfloat-abi=hard -mthumb -o "ThirdParty/FreeRTOS/queue.o"
arm-none-eabi-gcc "../ThirdParty/FreeRTOS/stream_buffer.c" -mcpu=cortex-m4 -std=gnu11 -g3 -DDEBUG -DUSE_HAL_DRIVER -DSTM32F407xx -c -I../Core/Inc -I"/home/chris/Documents/portfolio/stm32f407-freertos-demo/FreeRTOSDemoProject/Core/Src/MotorManager" -I"/home/chris/Documents/portfolio/stm32f407-freertos-demo/FreeRTOSDemoProject/ThirdParty/SEGGER/Config" -I"/home/chris/Documents/portfolio/stm32f407-freertos-demo/FreeRTOSDemoProject/ThirdParty/SEGGER/OS" -I"/home/chris/Documents/portfolio/stm32f407-freertos-demo/FreeRTOSDemoProject/ThirdParty/SEGGER/SEGGER" -I"/home/chris/Documents/portfolio/stm32f407-freertos-demo/FreeRTOSDemoProject/Core/Src/AccManager" -I"/home/chris/Documents/portfolio/stm32f407-freertos-demo/FreeRTOSDemoProject/Core/Src/RtcManager" -I"/home/chris/Documents/portfolio/stm32f407-freertos-demo/FreeRTOSDemoProject/Core/Src/LedManager" -I"/home/chris/Documents/portfolio/stm32f407-freertos-demo/FreeRTOSDemoProject/Core/Src/UartManager" -I"/home/chris/Documents/portfolio/stm32f407-freertos-demo/FreeRTOSDemoProject/ThirdParty/FreeRTOS/portable/GCC/ARM_CM4F" -I"/home/chris/Documents/portfolio/stm32f407-freertos-demo/FreeRTOSDemoProject/ThirdParty/FreeRTOS/include" -I../Drivers/STM32F4xx_HAL_Driver/Inc -I../Drivers/STM32F4xx_HAL_Driver/Inc/Legacy -I../Drivers/CMSIS/Device/ST/STM32F4xx/Include -I../Drivers/CMSIS/Include -O0 -ffunction-sections -fdata-sections -Wall -fstack-usage -fcyclomatic-complexity -MMD -MP -MF"ThirdParty/FreeRTOS/stream_buffer.d" -MT"ThirdParty/FreeRTOS/stream_buffer.o" --specs=nano.specs -mfpu=fpv4-sp-d16 -mfloat-abi=hard -mthumb -o "ThirdParty/FreeRTOS/stream_buffer.o"
arm-none-eabi-gcc "../ThirdParty/FreeRTOS/tasks.c" -mcpu=cortex-m4 -std=gnu11 -g3 -DDEBUG -DUSE_HAL_DRIVER -DSTM32F407xx -c -I../Core/Inc -I"/home/chris/Documents/portfolio/stm32f407-freertos-demo/FreeRTOSDemoProject/Core/Src/MotorManager" -I"/home/chris/Documents/portfolio/stm32f407-freertos-demo/FreeRTOSDemoProject/ThirdParty/SEGGER/Config" -I"/home/chris/Documents/portfolio/stm32f407-freertos-demo/FreeRTOSDemoProject/ThirdParty/SEGGER/OS" -I"/home/chris/Documents/portfolio/stm32f407-freertos-demo/FreeRTOSDemoProject/ThirdParty/SEGGER/SEGGER" -I"/home/chris/Documents/portfolio/stm32f407-freertos-demo/FreeRTOSDemoProject/Core/Src/AccManager" -I"/home/chris/Documents/portfolio/stm32f407-freertos-demo/FreeRTOSDemoProject/Core/Src/RtcManager" -I"/home/chris/Documents/portfolio/stm32f407-freertos-demo/FreeRTOSDemoProject/Core/Src/LedManager" -I"/home/chris/Documents/portfolio/stm32f407-freertos-demo/FreeRTOSDemoProject/Core/Src/UartManager" -I"/home/chris/Documents/portfolio/stm32f407-freertos-demo/FreeRTOSDemoProject/ThirdParty/FreeRTOS/portable/GCC/ARM_CM4F" -I"/home/chris/Documents/portfolio/stm32f407-freertos-demo/FreeRTOSDemoProject/ThirdParty/FreeRTOS/include" -I../Drivers/STM32F4xx_HAL_Driver/Inc -I../Drivers/STM32F4xx_HAL_Driver/Inc/Legacy -I../Drivers/CMSIS/Device/ST/STM32F4xx/Include -I../Drivers/CMSIS/Include -O0 -ffunction-sections -fdata-sections -Wall -fstack-usage -fcyclomatic-complexity -MMD -MP -MF"ThirdParty/FreeRTOS/tasks.d" -MT"ThirdParty/FreeRTOS/tasks.o" --specs=nano.specs -mfpu=fpv4-sp-d16 -mfloat-abi=hard -mthumb -o "ThirdParty/FreeRTOS/tasks.o"
arm-none-eabi-gcc "../ThirdParty/FreeRTOS/timers.c" -mcpu=cortex-m4 -std=gnu11 -g3 -DDEBUG -DUSE_HAL_DRIVER -DSTM32F407xx -c -I../Core/Inc -I"/home/chris/Documents/portfolio/stm32f407-freertos-demo/FreeRTOSDemoProject/Core/Src/MotorManager" -I"/home/chris/Documents/portfolio/stm32f407-freertos-demo/FreeRTOSDemoProject/ThirdParty/SEGGER/Config" -I"/home/chris/Documents/portfolio/stm32f407-freertos-demo/FreeRTOSDemoProject/ThirdParty/SEGGER/OS" -I"/home/chris/Documents/portfolio/stm32f407-freertos-demo/FreeRTOSDemoProject/ThirdParty/SEGGER/SEGGER" -I"/home/chris/Documents/portfolio/stm32f407-freertos-demo/FreeRTOSDemoProject/Core/Src/AccManager" -I"/home/chris/Documents/portfolio/stm32f407-freertos-demo/FreeRTOSDemoProject/Core/Src/RtcManager" -I"/home/chris/Documents/portfolio/stm32f407-freertos-demo/FreeRTOSDemoProject/Core/Src/LedManager" -I"/home/chris/Documents/portfolio/stm32f407-freertos-demo/FreeRTOSDemoProject/Core/Src/UartManager" -I"/home/chris/Documents/portfolio/stm32f407-freertos-demo/FreeRTOSDemoProject/ThirdParty/FreeRTOS/portable/GCC/ARM_CM4F" -I"/home/chris/Documents/portfolio/stm32f407-freertos-demo/FreeRTOSDemoProject/ThirdParty/FreeRTOS/include" -I../Drivers/STM32F4xx_HAL_Driver/Inc -I../Drivers/STM32F4xx_HAL_Driver/Inc/Legacy -I../Drivers/CMSIS/Device/ST/STM32F4xx/Include -I../Drivers/CMSIS/Include -O0 -ffunction-sections -fdata-sections -Wall -fstack-usage -fcyclomatic-complexity -MMD -MP -MF"ThirdParty/FreeRTOS/timers.d" -MT"ThirdParty/FreeRTOS/timers.o" --specs=nano.specs -mfpu=fpv4-sp-d16 -mfloat-abi=hard -mthumb -o "ThirdParty/FreeRTOS/timers.o"
arm-none-eabi-gcc "../Drivers/STM32F4xx_HAL_Driver/Src/stm32f4xx_hal.c" -mcpu=cortex-m4 -std=gnu11 -g3 -DDEBUG -DUSE_HAL_DRIVER -DSTM32F407xx -c -I../Core/Inc -I"/home/chris/Documents/portfolio/stm32f407-freertos-demo/FreeRTOSDemoProject/Core/Src/MotorManager" -I"/home/chris/Documents/portfolio/stm32f407-freertos-demo/FreeRTOSDemoProject/ThirdParty/SEGGER/Config" -I"/home/chris/Documents/portfolio/stm32f407-freertos-demo/FreeRTOSDemoProject/ThirdParty/SEGGER/OS" -I"/home/chris/Documents/portfolio/stm32f407-freertos-demo/FreeRTOSDemoProject/ThirdParty/SEGGER/SEGGER" -I"/home/chris/Documents/portfolio/stm32f407-freertos-demo/FreeRTOSDemoProject/Core/Src/AccManager" -I"/home/chris/Documents/portfolio/stm32f407-freertos-demo/FreeRTOSDemoProject/Core/Src/RtcManager" -I"/home/chris/Documents/portfolio/stm32f407-freertos-demo/FreeRTOSDemoProject/Core/Src/LedManager" -I"/home/chris/Documents/portfolio/stm32f407-freertos-demo/FreeRTOSDemoProject/Core/Src/UartManager" -I"/home/chris/Documents/portfolio/stm32f407-freertos-demo/FreeRTOSDemoProject/ThirdParty/FreeRTOS/portable/GCC/ARM_CM4F" -I"/home/chris/Documents/portfolio/stm32f407-freertos-demo/FreeRTOSDemoProject/ThirdParty/FreeRTOS/include" -I../Drivers/STM32F4xx_HAL_Driver/Inc -I../Drivers/STM32F4xx_HAL_Driver/Inc/Legacy -I../Drivers/CMSIS/Device/ST/STM32F4xx/Include -I../Drivers/CMSIS/Include -O0 -ffunction-sections -fdata-sections -Wall -fstack-usage -fcyclomatic-complexity -MMD -MP -MF"Drivers/STM32F4xx_HAL_Driver/Src/stm32f4xx_hal.d" -MT"Drivers/STM32F4xx_HAL_Driver/Src/stm32f4xx_hal.o" --specs=nano.specs -mfpu=fpv4-sp-d16 -mfloat-abi=hard -mthumb -o "Drivers/STM32F4xx_HAL_Driver/Src/stm32f4xx_hal.o"
arm-none-eabi-gcc "../Drivers/STM32F4xx_HAL_Driver/Src/stm32f4xx_hal_cortex.c" -mcpu=cortex-m4 -std=gnu11 -g3 -DDEBUG -DUSE_HAL_DRIVER -DSTM32F407xx -c -I../Core/Inc -I"/home/chris/Documents/portfolio/stm32f407-freertos-demo/FreeRTOSDemoProject/Core/Src/MotorManager" -I"/home/chris/Documents/portfolio/stm32f407-freertos-demo/FreeRTOSDemoProject/ThirdParty/SEGGER/Config" -I"/home/chris/Documents/portfolio/stm32f407-freertos-demo/FreeRTOSDemoProject/ThirdParty/SEGGER/OS" -I"/home/chris/Documents/portfolio/stm32f407-freertos-demo/FreeRTOSDemoProject/ThirdParty/SEGGER/SEGGER" -I"/home/chris/Documents/portfolio/stm32f407-freertos-demo/FreeRTOSDemoProject/Core/Src/AccManager" -I"/home/chris/Documents/portfolio/stm32f407-freertos-demo/FreeRTOSDemoProject/Core/Src/RtcManager" -I"/home/chris/Documents/portfolio/stm32f407-freertos-demo/FreeRTOSDemoProject/Core/Src/LedManager" -I"/home/chris/Documents/portfolio/stm32f407-freertos-demo/FreeRTOSDemoProject/Core/Src/UartManager" -I"/home/chris/Documents/portfolio/stm32f407-freertos-demo/FreeRTOSDemoProject/ThirdParty/FreeRTOS/portable/GCC/ARM_CM4F" -I"/home/chris/Documents/portfolio/stm32f407-freertos-demo/FreeRTOSDemoProject/ThirdParty/FreeRTOS/include" -I../Drivers/STM32F4xx_HAL_Driver/Inc -I../Drivers/STM32F4xx_HAL_Driver/Inc/Legacy -I../Drivers/CMSIS/Device/ST/STM32F4xx/Include -I../Drivers/CMSIS/Include -O0 -ffunction-sections -fdata-sections -Wall -fstack-usage -fcyclomatic-complexity -MMD -MP -MF"Drivers/STM32F4xx_HAL_Driver/Src/stm32f4xx_hal_cortex.d" -MT"Drivers/STM32F4xx_HAL_Driver/Src/stm32f4xx_hal_cortex.o" --specs=nano.specs -mfpu=fpv4-sp-d16 -mfloat-abi=hard -mthumb -o "Drivers/STM32F4xx_HAL_Driver/Src/stm32f4xx_hal_cortex.o"
arm-none-eabi-gcc "../Drivers/STM32F4xx_HAL_Driver/Src/stm32f4xx_hal_dma.c" -mcpu=cortex-m4 -std=gnu11 -g3 -DDEBUG -DUSE_HAL_DRIVER -DSTM32F407xx -c -I../Core/Inc -I"/home/chris/Documents/portfolio/stm32f407-freertos-demo/FreeRTOSDemoProject/Core/Src/MotorManager" -I"/home/chris/Documents/portfolio/stm32f407-freertos-demo/FreeRTOSDemoProject/ThirdParty/SEGGER/Config" -I"/home/chris/Documents/portfolio/stm32f407-freertos-demo/FreeRTOSDemoProject/ThirdParty/SEGGER/OS" -I"/home/chris/Documents/portfolio/stm32f407-freertos-demo/FreeRTOSDemoProject/ThirdParty/SEGGER/SEGGER" -I"/home/chris/Documents/portfolio/stm32f407-freertos-demo/FreeRTOSDemoProject/Core/Src/AccManager" -I"/home/chris/Documents/portfolio/stm32f407-freertos-demo/FreeRTOSDemoProject/Core/Src/RtcManager" -I"/home/chris/Documents/portfolio/stm32f407-freertos-demo/FreeRTOSDemoProject/Core/Src/LedManager" -I"/home/chris/Documents/portfolio/stm32f407-freertos-demo/FreeRTOSDemoProject/Core/Src/UartManager" -I"/home/chris/Documents/portfolio/stm32f407-freertos-demo/FreeRTOSDemoProject/ThirdParty/FreeRTOS/portable/GCC/ARM_CM4F" -I"/home/chris/Documents/portfolio/stm32f407-freertos-demo/FreeRTOSDemoProject/ThirdParty/FreeRTOS/include" -I../Drivers/STM32F4xx_HAL_Driver/Inc -I../Drivers/STM32F4xx_HAL_Driver/Inc/Legacy -I../Drivers/CMSIS/Device/ST/STM32F4xx/Include -I../Drivers/CMSIS/Include -O0 -ffunction-sections -fdata-sections -Wall -fstack-usage -fcyclomatic-complexity -MMD -MP -MF"Drivers/STM32F4xx_HAL_Driver/Src/stm32f4xx_hal_dma.d" -MT"Drivers/STM32F4xx_HAL_Driver/Src/stm32f4xx_hal_dma.o" --specs=nano.specs -mfpu=fpv4-sp-d16 -mfloat-abi=hard -mthumb -o "Drivers/STM32F4xx_HAL_Driver/Src/stm32f4xx_hal_dma.o"
arm-none-eabi-gcc "../Drivers/STM32F4xx_HAL_Driver/Src/stm32f4xx_hal_dma_ex.c" -mcpu=cortex-m4 -std=gnu11 -g3 -DDEBUG -DUSE_HAL_DRIVER -DSTM32F407xx -c -I../Core/Inc -I"/home/chris/Documents/portfolio/stm32f407-freertos-demo/FreeRTOSDemoProject/Core/Src/MotorManager" -I"/home/chris/Documents/portfolio/stm32f407-freertos-demo/FreeRTOSDemoProject/ThirdParty/SEGGER/Config" -I"/home/chris/Documents/portfolio/stm32f407-freertos-demo/FreeRTOSDemoProject/ThirdParty/SEGGER/OS" -I"/home/chris/Documents/portfolio/stm32f407-freertos-demo/FreeRTOSDemoProject/ThirdParty/SEGGER/SEGGER" -I"/home/chris/Documents/portfolio/stm32f407-freertos-demo/FreeRTOSDemoProject/Core/Src/AccManager" -I"/home/chris/Documents/portfolio/stm32f407-freertos-demo/FreeRTOSDemoProject/Core/Src/RtcManager" -I"/home/chris/Documents/portfolio/stm32f407-freertos-demo/FreeRTOSDemoProject/Core/Src/LedManager" -I"/home/chris/Documents/portfolio/stm32f407-freertos-demo/FreeRTOSDemoProject/Core/Src/UartManager" -I"/home/chris/Documents/portfolio/stm32f407-freertos-demo/FreeRTOSDemoProject/ThirdParty/FreeRTOS/portable/GCC/ARM_CM4F" -I"/home/chris/Documents/portfolio/stm32f407-freertos-demo/FreeRTOSDemoProject/ThirdParty/FreeRTOS/include" -I../Drivers/STM32F4xx_HAL_Driver/Inc -I../Drivers/STM32F4xx_HAL_Driver/Inc/Legacy -I../Drivers/CMSIS/Device/ST/STM32F4xx/Include -I../Drivers/CMSIS/Include -O0 -ffunction-sections -fdata-sections -Wall -fstack-usage -fcyclomatic-complexity -MMD -MP -MF"Drivers/STM32F4xx_HAL_Driver/Src/stm32f4xx_hal_dma_ex.d" -MT"Drivers/STM32F4xx_HAL_Driver/Src/stm32f4xx_hal_dma_ex.o" --specs=nano.specs -mfpu=fpv4-sp-d16 -mfloat-abi=hard -mthumb -o "Drivers/STM32F4xx_HAL_Driver/Src/stm32f4xx_hal_dma_ex.o"
arm-none-eabi-gcc "../Drivers/STM32F4xx_HAL_Driver/Src/stm32f4xx_hal_exti.c" -mcpu=cortex-m4 -std=gnu11 -g3 -DDEBUG -DUSE_HAL_DRIVER -DSTM32F407xx -c -I../Core/Inc -I"/home/chris/Documents/portfolio/stm32f407-freertos-demo/FreeRTOSDemoProject/Core/Src/MotorManager" -I"/home/chris/Documents/portfolio/stm32f407-freertos-demo/FreeRTOSDemoProject/ThirdParty/SEGGER/Config" -I"/home/chris/Documents/portfolio/stm32f407-freertos-demo/FreeRTOSDemoProject/ThirdParty/SEGGER/OS" -I"/home/chris/Documents/portfolio/stm32f407-freertos-demo/FreeRTOSDemoProject/ThirdParty/SEGGER/SEGGER" -I"/home/chris/Documents/portfolio/stm32f407-freertos-demo/FreeRTOSDemoProject/Core/Src/AccManager" -I"/home/chris/Documents/portfolio/stm32f407-freertos-demo/FreeRTOSDemoProject/Core/Src/RtcManager" -I"/home/chris/Documents/portfolio/stm32f407-freertos-demo/FreeRTOSDemoProject/Core/Src/LedManager" -I"/home/chris/Documents/portfolio/stm32f407-freertos-demo/FreeRTOSDemoProject/Core/Src/UartManager" -I"/home/chris/Documents/portfolio/stm32f407-freertos-demo/FreeRTOSDemoProject/ThirdParty/FreeRTOS/portable/GCC/ARM_CM4F" -I"/home/chris/Documents/portfolio/stm32f407-freertos-demo/FreeRTOSDemoProject/ThirdParty/FreeRTOS/include" -I../Drivers/STM32F4xx_HAL_Driver/Inc -I../Drivers/STM32F4xx_HAL_Driver/Inc/Legacy -I../Drivers/CMSIS/Device/ST/STM32F4xx/Include -I../Drivers/CMSIS/Include -O0 -ffunction-sections -fdata-sections -Wall -fstack-usage -fcyclomatic-complexity -MMD -MP -MF"Drivers/STM32F4xx_HAL_Driver/Src/stm32f4xx_hal_exti.d" -MT"Drivers/STM32F4xx_HAL_Driver/Src/stm32f4xx_hal_exti.o" --specs=nano.specs -mfpu=fpv4-sp-d16 -mfloat-abi=hard -mthumb -o "Drivers/STM32F4xx_HAL_Driver/Src/stm32f4xx_hal_exti.o"
arm-none-eabi-gcc "../Drivers/STM32F4xx_HAL_Driver/Src/stm32f4xx_hal_flash.c" -mcpu=cortex-m4 -std=gnu11 -g3 -DDEBUG -DUSE_HAL_DRIVER -DSTM32F407xx -c -I../Core/Inc -I"/home/chris/Documents/portfolio/stm32f407-freertos-demo/FreeRTOSDemoProject/Core/Src/MotorManager" -I"/home/chris/Documents/portfolio/stm32f407-freertos-demo/FreeRTOSDemoProject/ThirdParty/SEGGER/Config" -I"/home/chris/Documents/portfolio/stm32f407-freertos-demo/FreeRTOSDemoProject/ThirdParty/SEGGER/OS" -I"/home/chris/Documents/portfolio/stm32f407-freertos-demo/FreeRTOSDemoProject/ThirdParty/SEGGER/SEGGER" -I"/home/chris/Documents/portfolio/stm32f407-freertos-demo/FreeRTOSDemoProject/Core/Src/AccManager" -I"/home/chris/Documents/portfolio/stm32f407-freertos-demo/FreeRTOSDemoProject/Core/Src/RtcManager" -I"/home/chris/Documents/portfolio/stm32f407-freertos-demo/FreeRTOSDemoProject/Core/Src/LedManager" -I"/home/chris/Documents/portfolio/stm32f407-freertos-demo/FreeRTOSDemoProject/Core/Src/UartManager" -I"/home/chris/Documents/portfolio/stm32f407-freertos-demo/FreeRTOSDemoProject/ThirdParty/FreeRTOS/portable/GCC/ARM_CM4F" -I"/home/chris/Documents/portfolio/stm32f407-freertos-demo/FreeRTOSDemoProject/ThirdParty/FreeRTOS/include" -I../Drivers/STM32F4xx_HAL_Driver/Inc -I../Drivers/STM32F4xx_HAL_Driver/Inc/Legacy -I../Drivers/CMSIS/Device/ST/STM32F4xx/Include -I../Drivers/CMSIS/Include -O0 -ffunction-sections -fdata-sections -Wall -fstack-usage -fcyclomatic-complexity -MMD -MP -MF"Drivers/STM32F4xx_HAL_Driver/Src/stm32f4xx_hal_flash.d" -MT"Drivers/STM32F4xx_HAL_Driver/Src/stm32f4xx_hal_flash.o" --specs=nano.specs -mfpu=fpv4-sp-d16 -mfloat-abi=hard -mthumb -o "Drivers/STM32F4xx_HAL_Driver/Src/stm32f4xx_hal_flash.o"
arm-none-eabi-gcc "../Drivers/STM32F4xx_HAL_Driver/Src/stm32f4xx_hal_flash_ex.c" -mcpu=cortex-m4 -std=gnu11 -g3 -DDEBUG -DUSE_HAL_DRIVER -DSTM32F407xx -c -I../Core/Inc -I"/home/chris/Documents/portfolio/stm32f407-freertos-demo/FreeRTOSDemoProject/Core/Src/MotorManager" -I"/home/chris/Documents/portfolio/stm32f407-freertos-demo/FreeRTOSDemoProject/ThirdParty/SEGGER/Config" -I"/home/chris/Documents/portfolio/stm32f407-freertos-demo/FreeRTOSDemoProject/ThirdParty/SEGGER/OS" -I"/home/chris/Documents/portfolio/stm32f407-freertos-demo/FreeRTOSDemoProject/ThirdParty/SEGGER/SEGGER" -I"/home/chris/Documents/portfolio/stm32f407-freertos-demo/FreeRTOSDemoProject/Core/Src/AccManager" -I"/home/chris/Documents/portfolio/stm32f407-freertos-demo/FreeRTOSDemoProject/Core/Src/RtcManager" -I"/home/chris/Documents/portfolio/stm32f407-freertos-demo/FreeRTOSDemoProject/Core/Src/LedManager" -I"/home/chris/Documents/portfolio/stm32f407-freertos-demo/FreeRTOSDemoProject/Core/Src/UartManager" -I"/home/chris/Documents/portfolio/stm32f407-freertos-demo/FreeRTOSDemoProject/ThirdParty/FreeRTOS/portable/GCC/ARM_CM4F" -I"/home/chris/Documents/portfolio/stm32f407-freertos-demo/FreeRTOSDemoProject/ThirdParty/FreeRTOS/include" -I../Drivers/STM32F4xx_HAL_Driver/Inc -I../Drivers/STM32F4xx_HAL_Driver/Inc/Legacy -I../Drivers/CMSIS/Device/ST/STM32F4xx/Include -I../Drivers/CMSIS/Include -O0 -ffunction-sections -fdata-sections -Wall -fstack-usage -fcyclomatic-complexity -MMD -MP -MF"Drivers/STM32F4xx_HAL_Driver/Src/stm32f4xx_hal_flash_ex.d" -MT"Drivers/STM32F4xx_HAL_Driver/Src/stm32f4xx_hal_flash_ex.o" --specs=nano.specs -mfpu=fpv4-sp-d16 -mfloat-abi=hard -mthumb -o "Drivers/STM32F4xx_HAL_Driver/Src/stm32f4xx_hal_flash_ex.o"
arm-none-eabi-gcc "../Drivers/STM32F4xx_HAL_Driver/Src/stm32f4xx_hal_flash_ramfunc.c" -mcpu=cortex-m4 -std=gnu11 -g3 -DDEBUG -DUSE_HAL_DRIVER -DSTM32F407xx -c -I../Core/Inc -I"/home/chris/Documents/portfolio/stm32f407-freertos-demo/FreeRTOSDemoProject/Core/Src/MotorManager" -I"/home/chris/Documents/portfolio/stm32f407-freertos-demo/FreeRTOSDemoProject/ThirdParty/SEGGER/Config" -I"/home/chris/Documents/portfolio/stm32f407-freertos-demo/FreeRTOSDemoProject/ThirdParty/SEGGER/OS" -I"/home/chris/Documents/portfolio/stm32f407-freertos-demo/FreeRTOSDemoProject/ThirdParty/SEGGER/SEGGER" -I"/home/chris/Documents/portfolio/stm32f407-freertos-demo/FreeRTOSDemoProject/Core/Src/AccManager" -I"/home/chris/Documents/portfolio/stm32f407-freertos-demo/FreeRTOSDemoProject/Core/Src/RtcManager" -I"/home/chris/Documents/portfolio/stm32f407-freertos-demo/FreeRTOSDemoProject/Core/Src/LedManager" -I"/home/chris/Documents/portfolio/stm32f407-freertos-demo/FreeRTOSDemoProject/Core/Src/UartManager" -I"/home/chris/Documents/portfolio/stm32f407-freertos-demo/FreeRTOSDemoProject/ThirdParty/FreeRTOS/portable/GCC/ARM_CM4F" -I"/home/chris/Documents/portfolio/stm32f407-freertos-demo/FreeRTOSDemoProject/ThirdParty/FreeRTOS/include" -I../Drivers/STM32F4xx_HAL_Driver/Inc -I../Drivers/STM32F4xx_HAL_Driver/Inc/Legacy -I../Drivers/CMSIS/Device/ST/STM32F4xx/Include -I../Drivers/CMSIS/Include -O0 -ffunction-sections -fdata-sections -Wall -fstack-usage -fcyclomatic-complexity -MMD -MP -MF"Drivers/STM32F4xx_HAL_Driver/Src/stm32f4xx_hal_flash_ramfunc.d" -MT"Drivers/STM32F4xx_HAL_Driver/Src/stm32f4xx_hal_flash_ramfunc.o" --specs=nano.specs -mfpu=fpv4-sp-d16 -mfloat-abi=hard -mthumb -o "Drivers/STM32F4xx_HAL_Driver/Src/stm32f4xx_hal_flash_ramfunc.o"
arm-none-eabi-gcc "../Drivers/STM32F4xx_HAL_Driver/Src/stm32f4xx_hal_gpio.c" -mcpu=cortex-m4 -std=gnu11 -g3 -DDEBUG -DUSE_HAL_DRIVER -DSTM32F407xx -c -I../Core/Inc -I"/home/chris/Documents/portfolio/stm32f407-freertos-demo/FreeRTOSDemoProject/Core/Src/MotorManager" -I"/home/chris/Documents/portfolio/stm32f407-freertos-demo/FreeRTOSDemoProject/ThirdParty/SEGGER/Config" -I"/home/chris/Documents/portfolio/stm32f407-freertos-demo/FreeRTOSDemoProject/ThirdParty/SEGGER/OS" -I"/home/chris/Documents/portfolio/stm32f407-freertos-demo/FreeRTOSDemoProject/ThirdParty/SEGGER/SEGGER" -I"/home/chris/Documents/portfolio/stm32f407-freertos-demo/FreeRTOSDemoProject/Core/Src/AccManager" -I"/home/chris/Documents/portfolio/stm32f407-freertos-demo/FreeRTOSDemoProject/Core/Src/RtcManager" -I"/home/chris/Documents/portfolio/stm32f407-freertos-demo/FreeRTOSDemoProject/Core/Src/LedManager" -I"/home/chris/Documents/portfolio/stm32f407-freertos-demo/FreeRTOSDemoProject/Core/Src/UartManager" -I"/home/chris/Documents/portfolio/stm32f407-freertos-demo/FreeRTOSDemoProject/ThirdParty/FreeRTOS/portable/GCC/ARM_CM4F" -I"/home/chris/Documents/portfolio/stm32f407-freertos-demo/FreeRTOSDemoProject/ThirdParty/FreeRTOS/include" -I../Drivers/STM32F4xx_HAL_Driver/Inc -I../Drivers/STM32F4xx_HAL_Driver/Inc/Legacy -I../Drivers/CMSIS/Device/ST/STM32F4xx/Include -I../Drivers/CMSIS/Include -O0 -ffunction-sections -fdata-sections -Wall -fstack-usage -fcyclomatic-complexity -MMD -MP -MF"Drivers/STM32F4xx_HAL_Driver/Src/stm32f4xx_hal_gpio.d" -MT"Drivers/STM32F4xx_HAL_Driver/Src/stm32f4xx_hal_gpio.o" --specs=nano.specs -mfpu=fpv4-sp-d16 -mfloat-abi=hard -mthumb -o "Drivers/STM32F4xx_HAL_Driver/Src/stm32f4xx_hal_gpio.o"
arm-none-eabi-gcc "../Drivers/STM32F4xx_HAL_Driver/Src/stm32f4xx_hal_pwr.c" -mcpu=cortex-m4 -std=gnu11 -g3 -DDEBUG -DUSE_HAL_DRIVER -DSTM32F407xx -c -I../Core/Inc -I"/home/chris/Documents/portfolio/stm32f407-freertos-demo/FreeRTOSDemoProject/Core/Src/MotorManager" -I"/home/chris/Documents/portfolio/stm32f407-freertos-demo/FreeRTOSDemoProject/ThirdParty/SEGGER/Config" -I"/home/chris/Documents/portfolio/stm32f407-freertos-demo/FreeRTOSDemoProject/ThirdParty/SEGGER/OS" -I"/home/chris/Documents/portfolio/stm32f407-freertos-demo/FreeRTOSDemoProject/ThirdParty/SEGGER/SEGGER" -I"/home/chris/Documents/portfolio/stm32f407-freertos-demo/FreeRTOSDemoProject/Core/Src/AccManager" -I"/home/chris/Documents/portfolio/stm32f407-freertos-demo/FreeRTOSDemoProject/Core/Src/RtcManager" -I"/home/chris/Documents/portfolio/stm32f407-freertos-demo/FreeRTOSDemoProject/Core/Src/LedManager" -I"/home/chris/Documents/portfolio/stm32f407-freertos-demo/FreeRTOSDemoProject/Core/Src/UartManager" -I"/home/chris/Documents/portfolio/stm32f407-freertos-demo/FreeRTOSDemoProject/ThirdParty/FreeRTOS/portable/GCC/ARM_CM4F" -I"/home/chris/Documents/portfolio/stm32f407-freertos-demo/FreeRTOSDemoProject/ThirdParty/FreeRTOS/include" -I../Drivers/STM32F4xx_HAL_Driver/Inc -I../Drivers/STM32F4xx_HAL_Driver/Inc/Legacy -I../Drivers/CMSIS/Device/ST/STM32F4xx/Include -I../Drivers/CMSIS/Include -O0 -ffunction-sections -fdata-sections -Wall -fstack-usage -fcyclomatic-complexity -MMD -MP -MF"Drivers/STM32F4xx_HAL_Driver/Src/stm32f4xx_hal_pwr.d" -MT"Drivers/STM32F4xx_HAL_Driver/Src/stm32f4xx_hal_pwr.o" --specs=nano.specs -mfpu=fpv4-sp-d16 -mfloat-abi=hard -mthumb -o "Drivers/STM32F4xx_HAL_Driver/Src/stm32f4xx_hal_pwr.o"
arm-none-eabi-gcc "../Drivers/STM32F4xx_HAL_Driver/Src/stm32f4xx_hal_pwr_ex.c" -mcpu=cortex-m4 -std=gnu11 -g3 -DDEBUG -DUSE_HAL_DRIVER -DSTM32F407xx -c -I../Core/Inc -I"/home/chris/Documents/portfolio/stm32f407-freertos-demo/FreeRTOSDemoProject/Core/Src/MotorManager" -I"/home/chris/Documents/portfolio/stm32f407-freertos-demo/FreeRTOSDemoProject/ThirdParty/SEGGER/Config" -I"/home/chris/Documents/portfolio/stm32f407-freertos-demo/FreeRTOSDemoProject/ThirdParty/SEGGER/OS" -I"/home/chris/Documents/portfolio/stm32f407-freertos-demo/FreeRTOSDemoProject/ThirdParty/SEGGER/SEGGER" -I"/home/chris/Documents/portfolio/stm32f407-freertos-demo/FreeRTOSDemoProject/Core/Src/AccManager" -I"/home/chris/Documents/portfolio/stm32f407-freertos-demo/FreeRTOSDemoProject/Core/Src/RtcManager" -I"/home/chris/Documents/portfolio/stm32f407-freertos-demo/FreeRTOSDemoProject/Core/Src/LedManager" -I"/home/chris/Documents/portfolio/stm32f407-freertos-demo/FreeRTOSDemoProject/Core/Src/UartManager" -I"/home/chris/Documents/portfolio/stm32f407-freertos-demo/FreeRTOSDemoProject/ThirdParty/FreeRTOS/portable/GCC/ARM_CM4F" -I"/home/chris/Documents/portfolio/stm32f407-freertos-demo/FreeRTOSDemoProject/ThirdParty/FreeRTOS/include" -I../Drivers/STM32F4xx_HAL_Driver/Inc -I../Drivers/STM32F4xx_HAL_Driver/Inc/Legacy -I../Drivers/CMSIS/Device/ST/STM32F4xx/Include -I../Drivers/CMSIS/Include -O0 -ffunction-sections -fdata-sections -Wall -fstack-usage -fcyclomatic-complexity -MMD -MP -MF"Drivers/STM32F4xx_HAL_Driver/Src/stm32f4xx_hal_pwr_ex.d" -MT"Drivers/STM32F4xx_HAL_Driver/Src/stm32f4xx_hal_pwr_ex.o" --specs=nano.specs -mfpu=fpv4-sp-d16 -mfloat-abi=hard -mthumb -o "Drivers/STM32F4xx_HAL_Driver/Src/stm32f4xx_hal_pwr_ex.o"
arm-none-eabi-gcc "../Drivers/STM32F4xx_HAL_Driver/Src/stm32f4xx_hal_rcc.c" -mcpu=cortex-m4 -std=gnu11 -g3 -DDEBUG -DUSE_HAL_DRIVER -DSTM32F407xx -c -I../Core/Inc -I"/home/chris/Documents/portfolio/stm32f407-freertos-demo/FreeRTOSDemoProject/Core/Src/MotorManager" -I"/home/chris/Documents/portfolio/stm32f407-freertos-demo/FreeRTOSDemoProject/ThirdParty/SEGGER/Config" -I"/home/chris/Documents/portfolio/stm32f407-freertos-demo/FreeRTOSDemoProject/ThirdParty/SEGGER/OS" -I"/home/chris/Documents/portfolio/stm32f407-freertos-demo/FreeRTOSDemoProject/ThirdParty/SEGGER/SEGGER" -I"/home/chris/Documents/portfolio/stm32f407-freertos-demo/FreeRTOSDemoProject/Core/Src/AccManager" -I"/home/chris/Documents/portfolio/stm32f407-freertos-demo/FreeRTOSDemoProject/Core/Src/RtcManager" -I"/home/chris/Documents/portfolio/stm32f407-freertos-demo/FreeRTOSDemoProject/Core/Src/LedManager" -I"/home/chris/Documents/portfolio/stm32f407-freertos-demo/FreeRTOSDemoProject/Core/Src/UartManager" -I"/home/chris/Documents/portfolio/stm32f407-freertos-demo/FreeRTOSDemoProject/ThirdParty/FreeRTOS/portable/GCC/ARM_CM4F" -I"/home/chris/Documents/portfolio/stm32f407-freertos-demo/FreeRTOSDemoProject/ThirdParty/FreeRTOS/include" -I../Drivers/STM32F4xx_HAL_Driver/Inc -I../Drivers/STM32F4xx_HAL_Driver/Inc/Legacy -I../Drivers/CMSIS/Device/ST/STM32F4xx/Include -I../Drivers/CMSIS/Include -O0 -ffunction-sections -fdata-sections -Wall -fstack-usage -fcyclomatic-complexity -MMD -MP -MF"Drivers/STM32F4xx_HAL_Driver/Src/stm32f4xx_hal_rcc.d" -MT"Drivers/STM32F4xx_HAL_Driver/Src/stm32f4xx_hal_rcc.o" --specs=nano.specs -mfpu=fpv4-sp-d16 -mfloat-abi=hard -mthumb -o "Drivers/STM32F4xx_HAL_Driver/Src/stm32f4xx_hal_rcc.o"
arm-none-eabi-gcc "../Drivers/STM32F4xx_HAL_Driver/Src/stm32f4xx_hal_rcc_ex.c" -mcpu=cortex-m4 -std=gnu11 -g3 -DDEBUG -DUSE_HAL_DRIVER -DSTM32F407xx -c -I../Core/Inc -I"/home/chris/Documents/portfolio/stm32f407-freertos-demo/FreeRTOSDemoProject/Core/Src/MotorManager" -I"/home/chris/Documents/portfolio/stm32f407-freertos-demo/FreeRTOSDemoProject/ThirdParty/SEGGER/Config" -I"/home/chris/Documents/portfolio/stm32f407-freertos-demo/FreeRTOSDemoProject/ThirdParty/SEGGER/OS" -I"/home/chris/Documents/portfolio/stm32f407-freertos-demo/FreeRTOSDemoProject/ThirdParty/SEGGER/SEGGER" -I"/home/chris/Documents/portfolio/stm32f407-freertos-demo/FreeRTOSDemoProject/Core/Src/AccManager" -I"/home/chris/Documents/portfolio/stm32f407-freertos-demo/FreeRTOSDemoProject/Core/Src/RtcManager" -I"/home/chris/Documents/portfolio/stm32f407-freertos-demo/FreeRTOSDemoProject/Core/Src/LedManager" -I"/home/chris/Documents/portfolio/stm32f407-freertos-demo/FreeRTOSDemoProject/Core/Src/UartManager" -I"/home/chris/Documents/portfolio/stm32f407-freertos-demo/FreeRTOSDemoProject/ThirdParty/FreeRTOS/portable/GCC/ARM_CM4F" -I"/home/chris/Documents/portfolio/stm32f407-freertos-demo/FreeRTOSDemoProject/ThirdParty/FreeRTOS/include" -I../Drivers/STM32F4xx_HAL_Driver/Inc -I../Drivers/STM32F4xx_HAL_Driver/Inc/Legacy -I../Drivers/CMSIS/Device/ST/STM32F4xx/Include -I../Drivers/CMSIS/Include -O0 -ffunction-sections -fdata-sections -Wall -fstack-usage -fcyclomatic-complexity -MMD -MP -MF"Drivers/STM32F4xx_HAL_Driver/Src/stm32f4xx_hal_rcc_ex.d" -MT"Drivers/STM32F4xx_HAL_Driver/Src/stm32f4xx_hal_rcc_ex.o" --specs=nano.specs -mfpu=fpv4-sp-d16 -mfloat-abi=hard -mthumb -o "Drivers/STM32F4xx_HAL_Driver/Src/stm32f4xx_hal_rcc_ex.o"
arm-none-eabi-gcc "../Drivers/STM32F4xx_HAL_Driver/Src/stm32f4xx_hal_rtc.c" -mcpu=cortex-m4 -std=gnu11 -g3 -DDEBUG -DUSE_HAL_DRIVER -DSTM32F407xx -c -I../Core/Inc -I"/home/chris/Documents/portfolio/stm32f407-freertos-demo/FreeRTOSDemoProject/Core/Src/MotorManager" -I"/home/chris/Documents/portfolio/stm32f407-freertos-demo/FreeRTOSDemoProject/ThirdParty/SEGGER/Config" -I"/home/chris/Documents/portfolio/stm32f407-freertos-demo/FreeRTOSDemoProject/ThirdParty/SEGGER/OS" -I"/home/chris/Documents/portfolio/stm32f407-freertos-demo/FreeRTOSDemoProject/ThirdParty/SEGGER/SEGGER" -I"/home/chris/Documents/portfolio/stm32f407-freertos-demo/FreeRTOSDemoProject/Core/Src/AccManager" -I"/home/chris/Documents/portfolio/stm32f407-freertos-demo/FreeRTOSDemoProject/Core/Src/RtcManager" -I"/home/chris/Documents/portfolio/stm32f407-freertos-demo/FreeRTOSDemoProject/Core/Src/LedManager" -I"/home/chris/Documents/portfolio/stm32f407-freertos-demo/FreeRTOSDemoProject/Core/Src/UartManager" -I"/home/chris/Documents/portfolio/stm32f407-freertos-demo/FreeRTOSDemoProject/ThirdParty/FreeRTOS/portable/GCC/ARM_CM4F" -I"/home/chris/Documents/portfolio/stm32f407-freertos-demo/FreeRTOSDemoProject/ThirdParty/FreeRTOS/include" -I../Drivers/STM32F4xx_HAL_Driver/Inc -I../Drivers/STM32F4xx_HAL_Driver/Inc/Legacy -I../Drivers/CMSIS/Device/ST/STM32F4xx/Include -I../Drivers/CMSIS/Include -O0 -ffunction-sections -fdata-sections -Wall -fstack-usage -fcyclomatic-complexity -MMD -MP -MF"Drivers/STM32F4xx_HAL_Driver/Src/stm32f4xx_hal_rtc.d" -MT"Drivers/STM32F4xx_HAL_Driver/Src/stm32f4xx_hal_rtc.o" --specs=nano.specs -mfpu=fpv4-sp-d16 -mfloat-abi=hard -mthumb -o "Drivers/STM32F4xx_HAL_Driver/Src/stm32f4xx_hal_rtc.o"
arm-none-eabi-gcc "../Drivers/STM32F4xx_HAL_Driver/Src/stm32f4xx_hal_rtc_ex.c" -mcpu=cortex-m4 -std=gnu11 -g3 -DDEBUG -DUSE_HAL_DRIVER -DSTM32F407xx -c -I../Core/Inc -I"/home/chris/Documents/portfolio/stm32f407-freertos-demo/FreeRTOSDemoProject/Core/Src/MotorManager" -I"/home/chris/Documents/portfolio/stm32f407-freertos-demo/FreeRTOSDemoProject/ThirdParty/SEGGER/Config" -I"/home/chris/Documents/portfolio/stm32f407-freertos-demo/FreeRTOSDemoProject/ThirdParty/SEGGER/OS" -I"/home/chris/Documents/portfolio/stm32f407-freertos-demo/FreeRTOSDemoProject/ThirdParty/SEGGER/SEGGER" -I"/home/chris/Documents/portfolio/stm32f407-freertos-demo/FreeRTOSDemoProject/Core/Src/AccManager" -I"/home/chris/Documents/portfolio/stm32f407-freertos-demo/FreeRTOSDemoProject/Core/Src/RtcManager" -I"/home/chris/Documents/portfolio/stm32f407-freertos-demo/FreeRTOSDemoProject/Core/Src/LedManager" -I"/home/chris/Documents/portfolio/stm32f407-freertos-demo/FreeRTOSDemoProject/Core/Src/UartManager" -I"/home/chris/Documents/portfolio/stm32f407-freertos-demo/FreeRTOSDemoProject/ThirdParty/FreeRTOS/portable/GCC/ARM_CM4F" -I"/home/chris/Documents/portfolio/stm32f407-freertos-demo/FreeRTOSDemoProject/ThirdParty/FreeRTOS/include" -I../Drivers/STM32F4xx_HAL_Driver/Inc -I../Drivers/STM32F4xx_HAL_Driver/Inc/Legacy -I../Drivers/CMSIS/Device/ST/STM32F4xx/Include -I../Drivers/CMSIS/Include -O0 -ffunction-sections -fdata-sections -Wall -fstack-usage -fcyclomatic-complexity -MMD -MP -MF"Drivers/STM32F4xx_HAL_Driver/Src/stm32f4xx_hal_rtc_ex.d" -MT"Drivers/STM32F4xx_HAL_Driver/Src/stm32f4xx_hal_rtc_ex.o" --specs=nano.specs -mfpu=fpv4-sp-d16 -mfloat-abi=hard -mthumb -o "Drivers/STM32F4xx_HAL_Driver/Src/stm32f4xx_hal_rtc_ex.o"
arm-none-eabi-gcc "../Drivers/STM32F4xx_HAL_Driver/Src/stm32f4xx_hal_spi.c" -mcpu=cortex-m4 -std=gnu11 -g3 -DDEBUG -DUSE_HAL_DRIVER -DSTM32F407xx -c -I../Core/Inc -I"/home/chris/Documents/portfolio/stm32f407-freertos-demo/FreeRTOSDemoProject/Core/Src/MotorManager" -I"/home/chris/Documents/portfolio/stm32f407-freertos-demo/FreeRTOSDemoProject/ThirdParty/SEGGER/Config" -I"/home/chris/Documents/portfolio/stm32f407-freertos-demo/FreeRTOSDemoProject/ThirdParty/SEGGER/OS" -I"/home/chris/Documents/portfolio/stm32f407-freertos-demo/FreeRTOSDemoProject/ThirdParty/SEGGER/SEGGER" -I"/home/chris/Documents/portfolio/stm32f407-freertos-demo/FreeRTOSDemoProject/Core/Src/AccManager" -I"/home/chris/Documents/portfolio/stm32f407-freertos-demo/FreeRTOSDemoProject/Core/Src/RtcManager" -I"/home/chris/Documents/portfolio/stm32f407-freertos-demo/FreeRTOSDemoProject/Core/Src/LedManager" -I"/home/chris/Documents/portfolio/stm32f407-freertos-demo/FreeRTOSDemoProject/Core/Src/UartManager" -I"/home/chris/Documents/portfolio/stm32f407-freertos-demo/FreeRTOSDemoProject/ThirdParty/FreeRTOS/portable/GCC/ARM_CM4F" -I"/home/chris/Documents/portfolio/stm32f407-freertos-demo/FreeRTOSDemoProject/ThirdParty/FreeRTOS/include" -I../Drivers/STM32F4xx_HAL_Driver/Inc -I../Drivers/STM32F4xx_HAL_Driver/Inc/Legacy -I../Drivers/CMSIS/Device/ST/STM32F4xx/Include -I../Drivers/CMSIS/Include -O0 -ffunction-sections -fdata-sections -Wall -fstack-usage -fcyclomatic-complexity -MMD -MP -MF"Drivers/STM32F4xx_HAL_Driver/Src/stm32f4xx_hal_spi.d" -MT"Drivers/STM32F4xx_HAL_Driver/Src/stm32f4xx_hal_spi.o" --specs=nano.specs -mfpu=fpv4-sp-d16 -mfloat-abi=hard -mthumb -o "Drivers/STM32F4xx_HAL_Driver/Src/stm32f4xx_hal_spi.o"
arm-none-eabi-gcc "../Drivers/STM32F4xx_HAL_Driver/Src/stm32f4xx_hal_tim.c" -mcpu=cortex-m4 -std=gnu11 -g3 -DDEBUG -DUSE_HAL_DRIVER -DSTM32F407xx -c -I../Core/Inc -I"/home/chris/Documents/portfolio/stm32f407-freertos-demo/FreeRTOSDemoProject/Core/Src/MotorManager" -I"/home/chris/Documents/portfolio/stm32f407-freertos-demo/FreeRTOSDemoProject/ThirdParty/SEGGER/Config" -I"/home/chris/Documents/portfolio/stm32f407-freertos-demo/FreeRTOSDemoProject/ThirdParty/SEGGER/OS" -I"/home/chris/Documents/portfolio/stm32f407-freertos-demo/FreeRTOSDemoProject/ThirdParty/SEGGER/SEGGER" -I"/home/chris/Documents/portfolio/stm32f407-freertos-demo/FreeRTOSDemoProject/Core/Src/AccManager" -I"/home/chris/Documents/portfolio/stm32f407-freertos-demo/FreeRTOSDemoProject/Core/Src/RtcManager" -I"/home/chris/Documents/portfolio/stm32f407-freertos-demo/FreeRTOSDemoProject/Core/Src/LedManager" -I"/home/chris/Documents/portfolio/stm32f407-freertos-demo/FreeRTOSDemoProject/Core/Src/UartManager" -I"/home/chris/Documents/portfolio/stm32f407-freertos-demo/FreeRTOSDemoProject/ThirdParty/FreeRTOS/portable/GCC/ARM_CM4F" -I"/home/chris/Documents/portfolio/stm32f407-freertos-demo/FreeRTOSDemoProject/ThirdParty/FreeRTOS/include" -I../Drivers/STM32F4xx_HAL_Driver/Inc -I../Drivers/STM32F4xx_HAL_Driver/Inc/Legacy -I../Drivers/CMSIS/Device/ST/STM32F4xx/Include -I../Drivers/CMSIS/Include -O0 -ffunction-sections -fdata-sections -Wall -fstack-usage -fcyclomatic-complexity -MMD -MP -MF"Drivers/STM32F4xx_HAL_Driver/Src/stm32f4xx_hal_tim.d" -MT"Drivers/STM32F4xx_HAL_Driver/Src/stm32f4xx_hal_tim.o" --specs=nano.specs -mfpu=fpv4-sp-d16 -mfloat-abi=hard -mthumb -o "Drivers/STM32F4xx_HAL_Driver/Src/stm32f4xx_hal_tim.o"
arm-none-eabi-gcc "../Drivers/STM32F4xx_HAL_Driver/Src/stm32f4xx_hal_tim_ex.c" -mcpu=cortex-m4 -std=gnu11 -g3 -DDEBUG -DUSE_HAL_DRIVER -DSTM32F407xx -c -I../Core/Inc -I"/home/chris/Documents/portfolio/stm32f407-freertos-demo/FreeRTOSDemoProject/Core/Src/MotorManager" -I"/home/chris/Documents/portfolio/stm32f407-freertos-demo/FreeRTOSDemoProject/ThirdParty/SEGGER/Config" -I"/home/chris/Documents/portfolio/stm32f407-freertos-demo/FreeRTOSDemoProject/ThirdParty/SEGGER/OS" -I"/home/chris/Documents/portfolio/stm32f407-freertos-demo/FreeRTOSDemoProject/ThirdParty/SEGGER/SEGGER" -I"/home/chris/Documents/portfolio/stm32f407-freertos-demo/FreeRTOSDemoProject/Core/Src/AccManager" -I"/home/chris/Documents/portfolio/stm32f407-freertos-demo/FreeRTOSDemoProject/Core/Src/RtcManager" -I"/home/chris/Documents/portfolio/stm32f407-freertos-demo/FreeRTOSDemoProject/Core/Src/LedManager" -I"/home/chris/Documents/portfolio/stm32f407-freertos-demo/FreeRTOSDemoProject/Core/Src/UartManager" -I"/home/chris/Documents/portfolio/stm32f407-freertos-demo/FreeRTOSDemoProject/ThirdParty/FreeRTOS/portable/GCC/ARM_CM4F" -I"/home/chris/Documents/portfolio/stm32f407-freertos-demo/FreeRTOSDemoProject/ThirdParty/FreeRTOS/include" -I../Drivers/STM32F4xx_HAL_Driver/Inc -I../Drivers/STM32F4xx_HAL_Driver/Inc/Legacy -I../Drivers/CMSIS/Device/ST/STM32F4xx/Include -I../Drivers/CMSIS/Include -O0 -ffunction-sections -fdata-sections -Wall -fstack-usage -fcyclomatic-complexity -MMD -MP -MF"Drivers/STM32F4xx_HAL_Driver/Src/stm32f4xx_hal_tim_ex.d" -MT"Drivers/STM32F4xx_HAL_Driver/Src/stm32f4xx_hal_tim_ex.o" --specs=nano.specs -mfpu=fpv4-sp-d16 -mfloat-abi=hard -mthumb -o "Drivers/STM32F4xx_HAL_Driver/Src/stm32f4xx_hal_tim_ex.o"
arm-none-eabi-gcc "../Drivers/STM32F4xx_HAL_Driver/Src/stm32f4xx_hal_uart.c" -mcpu=cortex-m4 -std=gnu11 -g3 -DDEBUG -DUSE_HAL_DRIVER -DSTM32F407xx -c -I../Core/Inc -I"/home/chris/Documents/portfolio/stm32f407-freertos-demo/FreeRTOSDemoProject/Core/Src/MotorManager" -I"/home/chris/Documents/portfolio/stm32f407-freertos-demo/FreeRTOSDemoProject/ThirdParty/SEGGER/Config" -I"/home/chris/Documents/portfolio/stm32f407-freertos-demo/FreeRTOSDemoProject/ThirdParty/SEGGER/OS" -I"/home/chris/Documents/portfolio/stm32f407-freertos-demo/FreeRTOSDemoProject/ThirdParty/SEGGER/SEGGER" -I"/home/chris/Documents/portfolio/stm32f407-freertos-demo/FreeRTOSDemoProject/Core/Src/AccManager" -I"/home/chris/Documents/portfolio/stm32f407-freertos-demo/FreeRTOSDemoProject/Core/Src/RtcManager" -I"/home/chris/Documents/portfolio/stm32f407-freertos-demo/FreeRTOSDemoProject/Core/Src/LedManager" -I"/home/chris/Documents/portfolio/stm32f407-freertos-demo/FreeRTOSDemoProject/Core/Src/UartManager" -I"/home/chris/Documents/portfolio/stm32f407-freertos-demo/FreeRTOSDemoProject/ThirdParty/FreeRTOS/portable/GCC/ARM_CM4F" -I"/home/chris/Documents/portfolio/stm32f407-freertos-demo/FreeRTOSDemoProject/ThirdParty/FreeRTOS/include" -I../Drivers/STM32F4xx_HAL_Driver/Inc -I../Drivers/STM32F4xx_HAL_Driver/Inc/Legacy -I../Drivers/CMSIS/Device/ST/STM32F4xx/Include -I../Drivers/CMSIS/Include -O0 -ffunction-sections -fdata-sections -Wall -fstack-usage -fcyclomatic-complexity -MMD -MP -MF"Drivers/STM32F4xx_HAL_Driver/Src/stm32f4xx_hal_uart.d" -MT"Drivers/STM32F4xx_HAL_Driver/Src/stm32f4xx_hal_uart.o" --specs=nano.specs -mfpu=fpv4-sp-d16 -mfloat-abi=hard -mthumb -o "Drivers/STM32F4xx_HAL_Driver/Src/stm32f4xx_hal_uart.o"
arm-none-eabi-gcc -mcpu=cortex-m4 -g3 -DDEBUG -c -I"/home/chris/Documents/portfolio/stm32f407-freertos-demo/FreeRTOSDemoProject/ThirdParty/SEGGER/Config" -x assembler-with-cpp -MMD -MP -MF"Core/Startup/startup_stm32f407vgtx.d" -MT"Core/Startup/startup_stm32f407vgtx.o" --specs=nano.specs -mfpu=fpv4-sp-d16 -mfloat-abi=hard -mthumb -o "Core/Startup/startup_stm32f407vgtx.o" "../Core/Startup/startup_stm32f407vgtx.s"
arm-none-eabi-gcc "../Core/Src/UartManager/UartManager.c" -mcpu=cortex-m4 -std=gnu11 -g3 -DDEBUG -DUSE_HAL_DRIVER -DSTM32F407xx -c -I../Core/Inc -I"/home/chris/Documents/portfolio/stm32f407-freertos-demo/FreeRTOSDemoProject/Core/Src/MotorManager" -I"/home/chris/Documents/portfolio/stm32f407-freertos-demo/FreeRTOSDemoProject/ThirdParty/SEGGER/Config" -I"/home/chris/Documents/portfolio/stm32f407-freertos-demo/FreeRTOSDemoProject/ThirdParty/SEGGER/OS" -I"/home/chris/Documents/portfolio/stm32f407-freertos-demo/FreeRTOSDemoProject/ThirdParty/SEGGER/SEGGER" -I"/home/chris/Documents/portfolio/stm32f407-freertos-demo/FreeRTOSDemoProject/Core/Src/AccManager" -I"/home/chris/Documents/portfolio/stm32f407-freertos-demo/FreeRTOSDemoProject/Core/Src/RtcManager" -I"/home/chris/Documents/portfolio/stm32f407-freertos-demo/FreeRTOSDemoProject/Core/Src/LedManager" -I"/home/chris/Documents/portfolio/stm32f407-freertos-demo/FreeRTOSDemoProject/Core/Src/UartManager" -I"/home/chris/Documents/portfolio/stm32f407-freertos-demo/FreeRTOSDemoProject/ThirdParty/FreeRTOS/portable/GCC/ARM_CM4F" -I"/home/chris/Documents/portfolio/stm32f407-freertos-demo/FreeRTOSDemoProject/ThirdParty/FreeRTOS/include" -I../Drivers/STM32F4xx_HAL_Driver/Inc -I../Drivers/STM32F4xx_HAL_Driver/Inc/Legacy -I../Drivers/CMSIS/Device/ST/STM32F4xx/Include -I../Drivers/CMSIS/Include -O0 -ffunction-sections -fdata-sections -Wall -fstack-usage -fcyclomatic-complexity -MMD -MP -MF"Core/Src/UartManager/UartManager.d" -MT"Core/Src/UartManager/UartManager.o" --specs=nano.specs -mfpu=fpv4-sp-d16 -mfloat-abi=hard -mthumb -o "Core/Src/UartManager/UartManager.o"
arm-none-eabi-gcc "../Core/Src/RtcManager/RtcManager.c" -mcpu=cortex-m4 -std=gnu11 -g3 -DDEBUG -DUSE_HAL_DRIVER -DSTM32F407xx -c -I../Core/Inc -I"/home/chris/Documents/portfolio/stm32f407-freertos-demo/FreeRTOSDemoProject/Core/Src/MotorManager" -I"/home/chris/Documents/portfolio/stm32f407-freertos-demo/FreeRTOSDemoProject/ThirdParty/SEGGER/Config" -I"/home/chris/Documents/portfolio/stm32f407-freertos-demo/FreeRTOSDemoProject/ThirdParty/SEGGER/OS" -I"/home/chris/Documents/portfolio/stm32f407-freertos-demo/FreeRTOSDemoProject/ThirdParty/SEGGER/SEGGER" -I"/home/chris/Documents/portfolio/stm32f407-freertos-demo/FreeRTOSDemoProject/Core/Src/AccManager" -I"/home/chris/Documents/portfolio/stm32f407-freertos-demo/FreeRTOSDemoProject/Core/Src/RtcManager" -I"/home/chris/Documents/portfolio/stm32f407-freertos-demo/FreeRTOSDemoProject/Core/Src/LedManager" -I"/home/chris/Documents/portfolio/stm32f407-freertos-demo/FreeRTOSDemoProject/Core/Src/UartManager" -I"/home/chris/Documents/portfolio/stm32f407-freertos-demo/FreeRTOSDemoProject/ThirdParty/FreeRTOS/portable/GCC/ARM_CM4F" -I"/home/chris/Documents/portfolio/stm32f407-freertos-demo/FreeRTOSDemoProject/ThirdParty/FreeRTOS/include" -I../Drivers/STM32F4xx_HAL_Driver/Inc -I../Drivers/STM32F4xx_HAL_Driver/Inc/Legacy -I../Drivers/CMSIS/Device/ST/STM32F4xx/Include -I../Drivers/CMSIS/Include -O0 -ffunction-sections -fdata-sections -Wall -fstack-usage -fcyclomatic-complexity -MMD -MP -MF"Core/Src/RtcManager/RtcManager.d" -MT"Core/Src/RtcManager/RtcManager.o" --specs=nano.specs -mfpu=fpv4-sp-d16 -mfloat-abi=hard -mthumb -o "Core/Src/RtcManager/RtcManager.o"
arm-none-eabi-gcc "../Core/Src/MotorManager/MotorManager.c" -mcpu=cortex-m4 -std=gnu11 -g3 -DDEBUG -DUSE_HAL_DRIVER -DSTM32F407xx -c -I../Core/Inc -I"/home/chris/Documents/portfolio/stm32f407-freertos-demo/FreeRTOSDemoProject/Core/Src/MotorManager" -I"/home/chris/Documents/portfolio/stm32f407-freertos-demo/FreeRTOSDemoProject/ThirdParty/SEGGER/Config" -I"/home/chris/Documents/portfolio/stm32f407-freertos-demo/FreeRTOSDemoProject/ThirdParty/SEGGER/OS" -I"/home/chris/Documents/portfolio/stm32f407-freertos-demo/FreeRTOSDemoProject/ThirdParty/SEGGER/SEGGER" -I"/home/chris/Documents/portfolio/stm32f407-freertos-demo/FreeRTOSDemoProject/Core/Src/AccManager" -I"/home/chris/Documents/portfolio/stm32f407-freertos-demo/FreeRTOSDemoProject/Core/Src/RtcManager" -I"/home/chris/Documents/portfolio/stm32f407-freertos-demo/FreeRTOSDemoProject/Core/Src/LedManager" -I"/home/chris/Documents/portfolio/stm32f407-freertos-demo/FreeRTOSDemoProject/Core/Src/UartManager" -I"/home/chris/Documents/portfolio/stm32f407-freertos-demo/FreeRTOSDemoProject/ThirdParty/FreeRTOS/portable/GCC/ARM_CM4F" -I"/home/chris/Documents/portfolio/stm32f407-freertos-demo/FreeRTOSDemoProject/ThirdParty/FreeRTOS/include" -I../Drivers/STM32F4xx_HAL_Driver/Inc -I../Drivers/STM32F4xx_HAL_Driver/Inc/Legacy -I../Drivers/CMSIS/Device/ST/STM32F4xx/Include -I../Drivers/CMSIS/Include -O0 -ffunction-sections -fdata-sections -Wall -fstack-usage -fcyclomatic-complexity -MMD -MP -MF"Core/Src/MotorManager/MotorManager.d" -MT"Core/Src/MotorManager/MotorManager.o" --specs=nano.specs -mfpu=fpv4-sp-d16 -mfloat-abi=hard -mthumb -o "Core/Src/MotorManager/MotorManager.o"
arm-none-eabi-gcc "../Core/Src/LedManager/LedManager.c" -mcpu=cortex-m4 -std=gnu11 -g3 -DDEBUG -DUSE_HAL_DRIVER -DSTM32F407xx -c -I../Core/Inc -I"/home/chris/Documents/portfolio/stm32f407-freertos-demo/FreeRTOSDemoProject/Core/Src/MotorManager" -I"/home/chris/Documents/portfolio/stm32f407-freertos-demo/FreeRTOSDemoProject/ThirdParty/SEGGER/Config" -I"/home/chris/Documents/portfolio/stm32f407-freertos-demo/FreeRTOSDemoProject/ThirdParty/SEGGER/OS" -I"/home/chris/Documents/portfolio/stm32f407-freertos-demo/FreeRTOSDemoProject/ThirdParty/SEGGER/SEGGER" -I"/home/chris/Documents/portfolio/stm32f407-freertos-demo/FreeRTOSDemoProject/Core/Src/AccManager" -I"/home/chris/Documents/portfolio/stm32f407-freertos-demo/FreeRTOSDemoProject/Core/Src/RtcManager" -I"/home/chris/Documents/portfolio/stm32f407-freertos-demo/FreeRTOSDemoProject/Core/Src/LedManager" -I"/home/chris/Documents/portfolio/stm32f407-freertos-demo/FreeRTOSDemoProject/Core/Src/UartManager" -I"/home/chris/Documents/portfolio/stm32f407-freertos-demo/FreeRTOSDemoProject/ThirdParty/FreeRTOS/portable/GCC/ARM_CM4F" -I"/home/chris/Documents/portfolio/stm32f407-freertos-demo/FreeRTOSDemoProject/ThirdParty/FreeRTOS/include" -I../Drivers/STM32F4xx_HAL_Driver/Inc -I../Drivers/STM32F4xx_HAL_Driver/Inc/Legacy -I../Drivers/CMSIS/Device/ST/STM32F4xx/Include -I../Drivers/CMSIS/Include -O0 -ffunction-sections -fdata-sections -Wall -fstack-usage -fcyclomatic-complexity -MMD -MP -MF"Core/Src/LedManager/LedManager.d" -MT"Core/Src/LedManager/LedManager.o" --specs=nano.specs -mfpu=fpv4-sp-d16 -mfloat-abi=hard -mthumb -o "Core/Src/LedManager/LedManager.o"
arm-none-eabi-gcc "../Core/Src/AccManager/AccManager.c" -mcpu=cortex-m4 -std=gnu11 -g3 -DDEBUG -DUSE_HAL_DRIVER -DSTM32F407xx -c -I../Core/Inc -I"/home/chris/Documents/portfolio/stm32f407-freertos-demo/FreeRTOSDemoProject/Core/Src/MotorManager" -I"/home/chris/Documents/portfolio/stm32f407-freertos-demo/FreeRTOSDemoProject/ThirdParty/SEGGER/Config" -I"/home/chris/Documents/portfolio/stm32f407-freertos-demo/FreeRTOSDemoProject/ThirdParty/SEGGER/OS" -I"/home/chris/Documents/portfolio/stm32f407-freertos-demo/FreeRTOSDemoProject/ThirdParty/SEGGER/SEGGER" -I"/home/chris/Documents/portfolio/stm32f407-freertos-demo/FreeRTOSDemoProject/Core/Src/AccManager" -I"/home/chris/Documents/portfolio/stm32f407-freertos-demo/FreeRTOSDemoProject/Core/Src/RtcManager" -I"/home/chris/Documents/portfolio/stm32f407-freertos-demo/FreeRTOSDemoProject/Core/Src/LedManager" -I"/home/chris/Documents/portfolio/stm32f407-freertos-demo/FreeRTOSDemoProject/Core/Src/UartManager" -I"/home/chris/Documents/portfolio/stm32f407-freertos-demo/FreeRTOSDemoProject/ThirdParty/FreeRTOS/portable/GCC/ARM_CM4F" -I"/home/chris/Documents/portfolio/stm32f407-freertos-demo/FreeRTOSDemoProject/ThirdParty/FreeRTOS/include" -I../Drivers/STM32F4xx_HAL_Driver/Inc -I../Drivers/STM32F4xx_HAL_Driver/Inc/Legacy -I../Drivers/CMSIS/Device/ST/STM32F4xx/Include -I../Drivers/CMSIS/Include -O0 -ffunction-sections -fdata-sections -Wall -fstack-usage -fcyclomatic-complexity -MMD -MP -MF"Core/Src/AccManager/AccManager.d" -MT"Core/Src/AccManager/AccManager.o" --specs=nano.specs -mfpu=fpv4-sp-d16 -mfloat-abi=hard -mthumb -o "Core/Src/AccManager/AccManager.o"
arm-none-eabi-gcc "../Core/Src/main.c" -mcpu=cortex-m4 -std=gnu11 -g3 -DDEBUG -DUSE_HAL_DRIVER -DSTM32F407xx -c -I../Core/Inc -I"/home/chris/Documents/portfolio/stm32f407-freertos-demo/FreeRTOSDemoProject/Core/Src/MotorManager" -I"/home/chris/Documents/portfolio/stm32f407-freertos-demo/FreeRTOSDemoProject/ThirdParty/SEGGER/Config" -I"/home/chris/Documents/portfolio/stm32f407-freertos-demo/FreeRTOSDemoProject/ThirdParty/SEGGER/OS" -I"/home/chris/Documents/portfolio/stm32f407-freertos-demo/FreeRTOSDemoProject/ThirdParty/SEGGER/SEGGER" -I"/home/chris/Documents/portfolio/stm32f407-freertos-demo/FreeRTOSDemoProject/Core/Src/AccManager" -I"/home/chris/Documents/portfolio/stm32f407-freertos-demo/FreeRTOSDemoProject/Core/Src/RtcManager" -I"/home/chris/Documents/portfolio/stm32f407-freertos-demo/FreeRTOSDemoProject/Core/Src/LedManager" -I"/home/chris/Documents/portfolio/stm32f407-freertos-demo/FreeRTOSDemoProject/Core/Src/UartManager" -I"/home/chris/Documents/portfolio/stm32f407-freertos-demo/FreeRTOSDemoProject/ThirdParty/FreeRTOS/portable/GCC/ARM_CM4F" -I"/home/chris/Documents/portfolio/stm32f407-freertos-demo/FreeRTOSDemoProject/ThirdParty/FreeRTOS/include" -I../Drivers/STM32F4xx_HAL_Driver/Inc -I../Drivers/STM32F4xx_HAL_Driver/Inc/Legacy -I../Drivers/CMSIS/Device/ST/STM32F4xx/Include -I../Drivers/CMSIS/Include -O0 -ffunction-sections -fdata-sections -Wall -fstack-usage -fcyclomatic-complexity -MMD -MP -MF"Core/Src/main.d" -MT"Core/Src/main.o" --specs=nano.specs -mfpu=fpv4-sp-d16 -mfloat-abi=hard -mthumb -o "Core/Src/main.o"
arm-none-eabi-gcc "../Core/Src/stm32f4xx_hal_msp.c" -mcpu=cortex-m4 -std=gnu11 -g3 -DDEBUG -DUSE_HAL_DRIVER -DSTM32F407xx -c -I../Core/Inc -I"/home/chris/Documents/portfolio/stm32f407-freertos-demo/FreeRTOSDemoProject/Core/Src/MotorManager" -I"/home/chris/Documents/portfolio/stm32f407-freertos-demo/FreeRTOSDemoProject/ThirdParty/SEGGER/Config" -I"/home/chris/Documents/portfolio/stm32f407-freertos-demo/FreeRTOSDemoProject/ThirdParty/SEGGER/OS" -I"/home/chris/Documents/portfolio/stm32f407-freertos-demo/FreeRTOSDemoProject/ThirdParty/SEGGER/SEGGER" -I"/home/chris/Documents/portfolio/stm32f407-freertos-demo/FreeRTOSDemoProject/Core/Src/AccManager" -I"/home/chris/Documents/portfolio/stm32f407-freertos-demo/FreeRTOSDemoProject/Core/Src/RtcManager" -I"/home/chris/Documents/portfolio/stm32f407-freertos-demo/FreeRTOSDemoProject/Core/Src/LedManager" -I"/home/chris/Documents/portfolio/stm32f407-freertos-demo/FreeRTOSDemoProject/Core/Src/UartManager" -I"/home/chris/Documents/portfolio/stm32f407-freertos-demo/FreeRTOSDemoProject/ThirdParty/FreeRTOS/portable/GCC/ARM_CM4F" -I"/home/chris/Documents/portfolio/stm32f407-freertos-demo/FreeRTOSDemoProject/ThirdParty/FreeRTOS/include" -I../Drivers/STM32F4xx_HAL_Driver/Inc -I../Drivers/STM32F4xx_HAL_Driver/Inc/Legacy -I../Drivers/CMSIS/Device/ST/STM32F4xx/Include -I../Drivers/CMSIS/Include -O0 -ffunction-sections -fdata-sections -Wall -fstack-usage -fcyclomatic-complexity -MMD -MP -MF"Core/Src/stm32f4xx_hal_msp.d" -MT"Core/Src/stm32f4xx_hal_msp.o" --specs=nano.specs -mfpu=fpv4-sp-d16 -mfloat-abi=hard -mthumb -o "Core/Src/stm32f4xx_hal_msp.o"
arm-none-eabi-gcc "../Core/Src/stm32f4xx_hal_timebase_tim.c" -mcpu=cortex-m4 -std=gnu11 -g3 -DDEBUG -DUSE_HAL_DRIVER -DSTM32F407xx -c -I../Core/Inc -I"/home/chris/Documents/portfolio/stm32f407-freertos-demo/FreeRTOSDemoProject/Core/Src/MotorManager" -I"/home/chris/Documents/portfolio/stm32f407-freertos-demo/FreeRTOSDemoProject/ThirdParty/SEGGER/Config" -I"/home/chris/Documents/portfolio/stm32f407-freertos-demo/FreeRTOSDemoProject/ThirdParty/SEGGER/OS" -I"/home/chris/Documents/portfolio/stm32f407-freertos-demo/FreeRTOSDemoProject/ThirdParty/SEGGER/SEGGER" -I"/home/chris/Documents/portfolio/stm32f407-freertos-demo/FreeRTOSDemoProject/Core/Src/AccManager" -I"/home/chris/Documents/portfolio/stm32f407-freertos-demo/FreeRTOSDemoProject/Core/Src/RtcManager" -I"/home/chris/Documents/portfolio/stm32f407-freertos-demo/FreeRTOSDemoProject/Core/Src/LedManager" -I"/home/chris/Documents/portfolio/stm32f407-freertos-demo/FreeRTOSDemoProject/Core/Src/UartManager" -I"/home/chris/Documents/portfolio/stm32f407-freertos-demo/FreeRTOSDemoProject/ThirdParty/FreeRTOS/portable/GCC/ARM_CM4F" -I"/home/chris/Documents/portfolio/stm32f407-freertos-demo/FreeRTOSDemoProject/ThirdParty/FreeRTOS/include" -I../Drivers/STM32F4xx_HAL_Driver/Inc -I../Drivers/STM32F4xx_HAL_Driver/Inc/Legacy -I../Drivers/CMSIS/Device/ST/STM32F4xx/Include -I../Drivers/CMSIS/Include -O0 -ffunction-sections -fdata-sections -Wall -fstack-usage -fcyclomatic-complexity -MMD -MP -MF"Core/Src/stm32f4xx_hal_timebase_tim.d" -MT"Core/Src/stm32f4xx_hal_timebase_tim.o" --specs=nano.specs -mfpu=fpv4-sp-d16 -mfloat-abi=hard -mthumb -o "Core/Src/stm32f4xx_hal_timebase_tim.o"
arm-none-eabi-gcc "../Core/Src/stm32f4xx_it.c" -mcpu=cortex-m4 -std=gnu11 -g3 -DDEBUG -DUSE_HAL_DRIVER -DSTM32F407xx -c -I../Core/Inc -I"/home/chris/Documents/portfolio/stm32f407-freertos-demo/FreeRTOSDemoProject/Core/Src/MotorManager" -I"/home/chris/Documents/portfolio/stm32f407-freertos-demo/FreeRTOSDemoProject/ThirdParty/SEGGER/Config" -I"/home/chris/Documents/portfolio/stm32f407-freertos-demo/FreeRTOSDemoProject/ThirdParty/SEGGER/OS" -I"/home/chris/Documents/portfolio/stm32f407-freertos-demo/FreeRTOSDemoProject/ThirdParty/SEGGER/SEGGER" -I"/home/chris/Documents/portfolio/stm32f407-freertos-demo/FreeRTOSDemoProject/Core/Src/AccManager" -I"/home/chris/Documents/portfolio/stm32f407-freertos-demo/FreeRTOSDemoProject/Core/Src/RtcManager" -I"/home/chris/Documents/portfolio/stm32f407-freertos-demo/FreeRTOSDemoProject/Core/Src/LedManager" -I"/home/chris/Documents/portfolio/stm32f407-freertos-demo/FreeRTOSDemoProject/Core/Src/UartManager" -I"/home/chris/Documents/portfolio/stm32f407-freertos-demo/FreeRTOSDemoProject/ThirdParty/FreeRTOS/portable/GCC/ARM_CM4F" -I"/home/chris/Documents/portfolio/stm32f407-freertos-demo/FreeRTOSDemoProject/ThirdParty/FreeRTOS/include" -I../Drivers/STM32F4xx_HAL_Driver/Inc -I../Drivers/STM32F4xx_HAL_Driver/Inc/Legacy -I../Drivers/CMSIS/Device/ST/STM32F4xx/Include -I../Drivers/CMSIS/Include -O0 -ffunction-sections -fdata-sections -Wall -fstack-usage -fcyclomatic-complexity -MMD -MP -MF"Core/Src/stm32f4xx_it.d" -MT"Core/Src/stm32f4xx_it.o" --specs=nano.specs -mfpu=fpv4-sp-d16 -mfloat-abi=hard -mthumb -o "Core/Src/stm32f4xx_it.o"
arm-none-eabi-gcc "../Core/Src/syscalls.c" -mcpu=cortex-m4 -std=gnu11 -g3 -DDEBUG -DUSE_HAL_DRIVER -DSTM32F407xx -c -I../Core/Inc -I"/home/chris/Documents/portfolio/stm32f407-freertos-demo/FreeRTOSDemoProject/Core/Src/MotorManager" -I"/home/chris/Documents/portfolio/stm32f407-freertos-demo/FreeRTOSDemoProject/ThirdParty/SEGGER/Config" -I"/home/chris/Documents/portfolio/stm32f407-freertos-demo/FreeRTOSDemoProject/ThirdParty/SEGGER/OS" -I"/home/chris/Documents/portfolio/stm32f407-freertos-demo/FreeRTOSDemoProject/ThirdParty/SEGGER/SEGGER" -I"/home/chris/Documents/portfolio/stm32f407-freertos-demo/FreeRTOSDemoProject/Core/Src/AccManager" -I"/home/chris/Documents/portfolio/stm32f407-freertos-demo/FreeRTOSDemoProject/Core/Src/RtcManager" -I"/home/chris/Documents/portfolio/stm32f407-freertos-demo/FreeRTOSDemoProject/Core/Src/LedManager" -I"/home/chris/Documents/portfolio/stm32f407-freertos-demo/FreeRTOSDemoProject/Core/Src/UartManager" -I"/home/chris/Documents/portfolio/stm32f407-freertos-demo/FreeRTOSDemoProject/ThirdParty/FreeRTOS/portable/GCC/ARM_CM4F" -I"/home/chris/Documents/portfolio/stm32f407-freertos-demo/FreeRTOSDemoProject/ThirdParty/FreeRTOS/include" -I../Drivers/STM32F4xx_HAL_Driver/Inc -I../Drivers/STM32F4xx_HAL_Driver/Inc/Legacy -I../Drivers/CMSIS/Device/ST/STM32F4xx/Include -I../Drivers/CMSIS/Include -O0 -ffunction-sections -fdata-sections -Wall -fstack-usage -fcyclomatic-complexity -MMD -MP -MF"Core/Src/syscalls.d" -MT"Core/Src/syscalls.o" --specs=nano.specs -mfpu=fpv4-sp-d16 -mfloat-abi=hard -mthumb -o "Core/Src/syscalls.o"
arm-none-eabi-gcc "../Core/Src/sysmem.c" -mcpu=cortex-m4 -std=gnu11 -g3 -DDEBUG -DUSE_HAL_DRIVER -DSTM32F407xx -c -I../Core/Inc -I"/home/chris/Documents/portfolio/stm32f407-freertos-demo/FreeRTOSDemoProject/Core/Src/MotorManager" -I"/home/chris/Documents/portfolio/stm32f407-freertos-demo/FreeRTOSDemoProject/ThirdParty/SEGGER/Config" -I"/home/chris/Documents/portfolio/stm32f407-freertos-demo/FreeRTOSDemoProject/ThirdParty/SEGGER/OS" -I"/home/chris/Documents/portfolio/stm32f407-freertos-demo/FreeRTOSDemoProject/ThirdParty/SEGGER/SEGGER" -I"/home/chris/Documents/portfolio/stm32f407-freertos-demo/FreeRTOSDemoProject/Core/Src/AccManager" -I"/home/chris/Documents/portfolio/stm32f407-freertos-demo/FreeRTOSDemoProject/Core/Src/RtcManager" -I"/home/chris/Documents/portfolio/stm32f407-freertos-demo/FreeRTOSDemoProject/Core/Src/LedManager" -I"/home/chris/Documents/portfolio/stm32f407-freertos-demo/FreeRTOSDemoProject/Core/Src/UartManager" -I"/home/chris/Documents/portfolio/stm32f407-freertos-demo/FreeRTOSDemoProject/ThirdParty/FreeRTOS/portable/GCC/ARM_CM4F" -I"/home/chris/Documents/portfolio/stm32f407-freertos-demo/FreeRTOSDemoProject/ThirdParty/FreeRTOS/include" -I../Drivers/STM32F4xx_HAL_Driver/Inc -I../Drivers/STM32F4xx_HAL_Driver/Inc/Legacy -I../Drivers/CMSIS/Device/ST/STM32F4xx/Include -I../Drivers/CMSIS/Include -O0 -ffunction-sections -fdata-sections -Wall -fstack-usage -fcyclomatic-complexity -MMD -MP -MF"Core/Src/sysmem.d" -MT"Core/Src/sysmem.o" --specs=nano.specs -mfpu=fpv4-sp-d16 -mfloat-abi=hard -mthumb -o "Core/Src/sysmem.o"
arm-none-eabi-gcc "../Core/Src/system_stm32f4xx.c" -mcpu=cortex-m4 -std=gnu11 -g3 -DDEBUG -DUSE_HAL_DRIVER -DSTM32F407xx -c -I../Core/Inc -I"/home/chris/Documents/portfolio/stm32f407-freertos-demo/FreeRTOSDemoProject/Core/Src/MotorManager" -I"/home/chris/Documents/portfolio/stm32f407-freertos-demo/FreeRTOSDemoProject/ThirdParty/SEGGER/Config" -I"/home/chris/Documents/portfolio/stm32f407-freertos-demo/FreeRTOSDemoProject/ThirdParty/SEGGER/OS" -I"/home/chris/Documents/portfolio/stm32f407-freertos-demo/FreeRTOSDemoProject/ThirdParty/SEGGER/SEGGER" -I"/home/chris/Documents/portfolio/stm32f407-freertos-demo/FreeRTOSDemoProject/Core/Src/AccManager" -I"/home/chris/Documents/portfolio/stm32f407-freertos-demo/FreeRTOSDemoProject/Core/Src/RtcManager" -I"/home/chris/Documents/portfolio/stm32f407-freertos-demo/FreeRTOSDemoProject/Core/Src/LedManager" -I"/home/chris/Documents/portfolio/stm32f407-freertos-demo/FreeRTOSDemoProject/Core/Src/UartManager" -I"/home/chris/Documents/portfolio/stm32f407-freertos-demo/FreeRTOSDemoProject/ThirdParty/FreeRTOS/portable/GCC/ARM_CM4F" -I"/home/chris/Documents/portfolio/stm32f407-freertos-demo/FreeRTOSDemoProject/ThirdParty/FreeRTOS/include" -I../Drivers/STM32F4xx_HAL_Driver/Inc -I../Drivers/STM32F4xx_HAL_Driver/Inc/Legacy -I../Drivers/CMSIS/Device/ST/STM32F4xx/Include -I../Drivers/CMSIS/Include -O0 -ffunction-sections -fdata-sections -Wall -fstack-usage -fcyclomatic-complexity -MMD -MP -MF"Core/Src/system_stm32f4xx.d" -MT"Core/Src/system_stm32f4xx.o" --specs=nano.specs -mfpu=fpv4-sp-d16 -mfloat-abi=hard -mthumb -o "Core/Src/system_stm32f4xx.o"
arm-none-eabi-gcc -o "FreeRTOSDemoProject.elf" @"objects.list"   -mcpu=cortex-m4 -T"/home/chris/Documents/portfolio/stm32f407-freertos-demo/FreeRTOSDemoProject/STM32F407VGTX_FLASH.ld" --specs=nosys.specs -Wl,-Map="FreeRTOSDemoProject.map" -Wl,--gc-sections -static --specs=nano.specs -mfpu=fpv4-sp-d16 -mfloat-abi=hard -mthumb -Wl,--start-group -lc -lm -Wl,--end-group
Finished building target: FreeRTOSDemoProject.elf
 
arm-none-eabi-size  FreeRTOSDemoProject.elf 
arm-none-eabi-objdump -h -S FreeRTOSDemoProject.elf  > "FreeRTOSDemoProject.list"
   text	   data	    bss	    dec	    hex	filename
  56280	    212	 111004	 167496	  28e48	FreeRTOSDemoProject.elf
Finished building: default.size.stdout
 
Finished building: FreeRTOSDemoProject.list
 
